--------- beginning of main
08-26 18:13:38.932 26568 26568 I QuickAppKit: android.input.scroll surface=srf:2 node=node:3 scrollOffset=4.666666507720947 contentSize=381.0 viewportSize=250.0
08-26 18:13:38.933 26568 26568 I QuickAppKit: android.event.scroll.received surface=srf:2 node=node:3
08-26 18:13:38.934 26568 26593 I QuickAppKit: android.event.payload event=scroll keys=3 index=absent value=absent checked=absent isFromUser=absent selected=absent scrollOffset=number
08-26 18:13:38.934 26568 26593 I QuickAppKit: android.event.js_callback posted=1 error=
08-26 18:13:38.934 26568 26593 I QuickAppKit: android.event.scroll.dispatched=1
08-26 18:13:38.936 26568 26594 I QuickAppKit: android.event.handler_execute surface=srf:2 handler=hdl:1 dispatched=1
08-26 18:13:38.940 26568 26593 I QuickAppKit: android.native.mount surface=srf:2 operations=2
08-26 18:13:38.941 26568 26593 I QuickAppKit: android.platform.mount surface=srf:2 operations=2
08-26 18:13:38.943 26568 26593 I QuickAppKit: android.render.submit surface=srf:2 transaction=txn:srf:2-1 revision=1 ok=1 error=
08-26 18:13:38.945 26568 26568 I QuickAppKit: android.platform.mount.ui surface=srf:2
08-26 18:13:38.947 26568 26568 I QuickAppKit: android.platform.mount.result surface=srf:2 ok=true
08-26 18:13:38.948 26568 26568 I QuickAppKit: android.mount.result.received surface=srf:2 revision=1 attempt=mnt:6 source=txn:srf:2-1 mounted=1
08-26 18:13:38.951 26568 26593 I QuickAppKit: android.mount.result.accepted=1
08-26 18:13:38.952 26568 26568 I QuickAppKit: android.input.scroll surface=srf:2 node=node:3 scrollOffset=11.0 contentSize=381.0 viewportSize=250.0
08-26 18:13:38.952 26568 26568 I QuickAppKit: android.event.scroll.received surface=srf:2 node=node:3
08-26 18:13:38.953 26568 26593 I QuickAppKit: android.event.payload event=scroll keys=3 index=absent value=absent checked=absent isFromUser=absent selected=absent scrollOffset=number
08-26 18:13:38.953 26568 26593 I QuickAppKit: android.event.js_callback posted=1 error=
08-26 18:13:38.953 26568 26593 I QuickAppKit: android.event.scroll.dispatched=1
08-26 18:13:38.953 26568 26594 I QuickAppKit: android.event.handler_execute surface=srf:2 handler=hdl:1 dispatched=1
08-26 18:13:38.976 26568 26593 I QuickAppKit: android.native.mount surface=srf:2 operations=2
08-26 18:13:38.976 26568 26593 I QuickAppKit: android.platform.mount surface=srf:2 operations=2
08-26 18:13:38.976 26568 26593 I QuickAppKit: android.render.submit surface=srf:2 transaction=txn:srf:2-2 revision=2 ok=1 error=
08-26 18:13:38.976 26568 26568 I QuickAppKit: android.platform.mount.ui surface=srf:2
08-26 18:13:38.976 26568 26568 I QuickAppKit: android.platform.mount.result surface=srf:2 ok=true
08-26 18:13:38.976 26568 26568 I QuickAppKit: android.mount.result.received surface=srf:2 revision=2 attempt=mnt:7 source=txn:srf:2-2 mounted=1
08-26 18:13:38.976 26568 26568 I QuickAppKit: android.input.scroll surface=srf:2 node=node:3 scrollOffset=15.333333015441895 contentSize=381.0 viewportSize=250.0
08-26 18:13:38.976 26568 26568 I QuickAppKit: android.event.scroll.received surface=srf:2 node=node:3
08-26 18:13:38.978 26568 26593 I QuickAppKit: android.mount.result.accepted=1
08-26 18:13:38.978 26568 26593 I QuickAppKit: android.event.payload event=scroll keys=3 index=absent value=absent checked=absent isFromUser=absent selected=absent scrollOffset=number
08-26 18:13:38.978 26568 26593 I QuickAppKit: android.event.js_callback posted=1 error=
08-26 18:13:38.978 26568 26593 I QuickAppKit: android.event.scroll.dispatched=1
08-26 18:13:38.980 26568 26594 I QuickAppKit: android.event.handler_execute surface=srf:2 handler=hdl:1 dispatched=1
08-26 18:13:38.981 26568 26593 I QuickAppKit: android.native.mount surface=srf:2 operations=2
08-26 18:13:38.981 26568 26593 I QuickAppKit: android.platform.mount surface=srf:2 operations=2
08-26 18:13:38.981 26568 26593 I QuickAppKit: android.render.submit surface=srf:2 transaction=txn:srf:2-3 revision=3 ok=1 error=
08-26 18:13:38.991 26568 26568 I QuickAppKit: android.platform.mount.ui surface=srf:2
08-26 18:13:38.991 26568 26568 I QuickAppKit: android.platform.mount.result surface=srf:2 ok=true
08-26 18:13:38.991 26568 26568 I QuickAppKit: android.mount.result.received surface=srf:2 revision=3 attempt=mnt:8 source=txn:srf:2-3 mounted=1
08-26 18:13:38.991 26568 26593 I QuickAppKit: android.mount.result.accepted=1
08-26 18:13:38.998 26568 26568 I QuickAppKit: android.input.scroll surface=srf:2 node=node:3 scrollOffset=20.66666603088379 contentSize=381.0 viewportSize=250.0
08-26 18:13:38.998 26568 26568 I QuickAppKit: android.event.scroll.received surface=srf:2 node=node:3
08-26 18:13:38.998 26568 26593 I QuickAppKit: android.event.payload event=scroll keys=3 index=absent value=absent checked=absent isFromUser=absent selected=absent scrollOffset=number
08-26 18:13:38.999 26568 26593 I QuickAppKit: android.event.js_callback posted=1 error=
08-26 18:13:38.999 26568 26593 I QuickAppKit: android.event.scroll.dispatched=1
08-26 18:13:39.001 26568 26594 I QuickAppKit: android.event.handler_execute surface=srf:2 handler=hdl:1 dispatched=1
08-26 18:13:39.005 26568 26593 I QuickAppKit: android.native.mount surface=srf:2 operations=2
08-26 18:13:39.006 26568 26593 I QuickAppKit: android.platform.mount surface=srf:2 operations=2
08-26 18:13:39.006 26568 26593 I QuickAppKit: android.render.submit surface=srf:2 transaction=txn:srf:2-4 revision=4 ok=1 error=
08-26 18:13:39.022 26568 26568 I QuickAppKit: android.platform.mount.ui surface=srf:2
08-26 18:13:39.023 26568 26568 I QuickAppKit: android.platform.mount.result surface=srf:2 ok=true
08-26 18:13:39.023 26568 26568 I QuickAppKit: android.mount.result.received surface=srf:2 revision=4 attempt=mnt:9 source=txn:srf:2-4 mounted=1
08-26 18:13:39.026 26568 26593 I QuickAppKit: android.mount.result.accepted=1
08-26 18:13:39.031 26568 26568 I QuickAppKit: android.input.scroll surface=srf:2 node=node:3 scrollOffset=27.66666603088379 contentSize=381.0 viewportSize=250.0
08-26 18:13:39.031 26568 26568 I QuickAppKit: android.event.scroll.received surface=srf:2 node=node:3
08-26 18:13:39.031 26568 26593 I QuickAppKit: android.event.payload event=scroll keys=3 index=absent value=absent checked=absent isFromUser=absent selected=absent scrollOffset=number
08-26 18:13:39.031 26568 26593 I QuickAppKit: android.event.js_callback posted=1 error=
08-26 18:13:39.031 26568 26593 I QuickAppKit: android.event.scroll.dispatched=1
08-26 18:13:39.031 26568 26594 I QuickAppKit: android.event.handler_execute surface=srf:2 handler=hdl:1 dispatched=1
08-26 18:13:39.037 26568 26593 I QuickAppKit: android.native.mount surface=srf:2 operations=2
08-26 18:13:39.037 26568 26593 I QuickAppKit: android.platform.mount surface=srf:2 operations=2
08-26 18:13:39.037 26568 26593 I QuickAppKit: android.render.submit surface=srf:2 transaction=txn:srf:2-5 revision=5 ok=1 error=
08-26 18:13:39.066 26568 26568 I QuickAppKit: android.platform.mount.ui surface=srf:2
08-26 18:13:39.067 26568 26568 I QuickAppKit: android.platform.mount.result surface=srf:2 ok=true
08-26 18:13:39.067 26568 26568 I QuickAppKit: android.mount.result.received surface=srf:2 revision=5 attempt=mnt:10 source=txn:srf:2-5 mounted=1
08-26 18:13:39.068 26568 26568 I QuickAppKit: android.input.scroll surface=srf:2 node=node:3 scrollOffset=36.0 contentSize=381.0 viewportSize=250.0
08-26 18:13:39.068 26568 26568 I QuickAppKit: android.event.scroll.received surface=srf:2 node=node:3
08-26 18:13:39.070 26568 26593 I QuickAppKit: android.mount.result.accepted=1
08-26 18:13:39.070 26568 26593 I QuickAppKit: android.event.payload event=scroll keys=3 index=absent value=absent checked=absent isFromUser=absent selected=absent scrollOffset=number
08-26 18:13:39.070 26568 26593 I QuickAppKit: android.event.js_callback posted=1 error=
08-26 18:13:39.070 26568 26593 I QuickAppKit: android.event.scroll.dispatched=1
08-26 18:13:39.071 26568 26594 I QuickAppKit: android.event.handler_execute surface=srf:2 handler=hdl:1 dispatched=1
08-26 18:13:39.073 26568 26593 I QuickAppKit: android.native.mount surface=srf:2 operations=2
08-26 18:13:39.073 26568 26593 I QuickAppKit: android.platform.mount surface=srf:2 operations=2
08-26 18:13:39.073 26568 26593 I QuickAppKit: android.render.submit surface=srf:2 transaction=txn:srf:2-6 revision=6 ok=1 error=
08-26 18:13:39.086 26568 26568 I QuickAppKit: android.platform.mount.ui surface=srf:2
08-26 18:13:39.086 26568 26568 I QuickAppKit: android.platform.mount.result surface=srf:2 ok=true
08-26 18:13:39.086 26568 26568 I QuickAppKit: android.mount.result.received surface=srf:2 revision=6 attempt=mnt:11 source=txn:srf:2-6 mounted=1
08-26 18:13:39.092 26568 26593 I QuickAppKit: android.mount.result.accepted=1
08-26 18:13:39.125 26568 26568 I QuickAppKit: android.input.scroll surface=srf:2 node=node:3 scrollOffset=46.0 contentSize=381.0 viewportSize=250.0
08-26 18:13:39.132 26568 26568 I QuickAppKit: android.event.scroll.received surface=srf:2 node=node:3
08-26 18:13:39.136 26568 26593 I QuickAppKit: android.event.payload event=scroll keys=3 index=absent value=absent checked=absent isFromUser=absent selected=absent scrollOffset=number
08-26 18:13:39.137 26568 26593 I QuickAppKit: android.event.js_callback posted=1 error=
08-26 18:13:39.137 26568 26593 I QuickAppKit: android.event.scroll.dispatched=1
08-26 18:13:39.137 26568 26594 I QuickAppKit: android.event.handler_execute surface=srf:2 handler=hdl:1 dispatched=1
08-26 18:13:39.141 26568 26593 I QuickAppKit: android.native.mount surface=srf:2 operations=2
08-26 18:13:39.141 26568 26593 I QuickAppKit: android.platform.mount surface=srf:2 operations=2
08-26 18:13:39.141 26568 26593 I QuickAppKit: android.render.submit surface=srf:2 transaction=txn:srf:2-7 revision=7 ok=1 error=
08-26 18:13:39.182 26568 26568 I QuickAppKit: android.input.scroll surface=srf:2 node=node:3 scrollOffset=61.33333206176758 contentSize=381.0 viewportSize=250.0
08-26 18:13:39.182 26568 26568 I QuickAppKit: android.event.scroll.received surface=srf:2 node=node:3
08-26 18:13:39.184 26568 26593 I QuickAppKit: android.event.payload event=scroll keys=3 index=absent value=absent checked=absent isFromUser=absent selected=absent scrollOffset=number
08-26 18:13:39.184 26568 26593 I QuickAppKit: android.event.js_callback posted=1 error=
08-26 18:13:39.184 26568 26593 I QuickAppKit: android.event.scroll.dispatched=1
08-26 18:13:39.186 26568 26594 I QuickAppKit: android.event.handler_execute surface=srf:2 handler=hdl:1 dispatched=1
08-26 18:13:39.186 26568 26593 I QuickAppKit: android.render.submit surface=srf:2 transaction=txn:srf:2-8 revision=8 ok=0 error=LIFECYCLE_BUSY
08-26 18:13:39.218 26568 26568 I QuickAppKit: android.platform.mount.ui surface=srf:2
08-26 18:13:39.218 26568 26568 I QuickAppKit: android.platform.mount.result surface=srf:2 ok=true
08-26 18:13:39.218 26568 26568 I QuickAppKit: android.mount.result.received surface=srf:2 revision=7 attempt=mnt:12 source=txn:srf:2-7 mounted=1
08-26 18:13:39.219 26568 26568 I QuickAppKit: android.input.scroll surface=srf:2 node=node:3 scrollOffset=75.0 contentSize=381.0 viewportSize=250.0
08-26 18:13:39.219 26568 26568 I QuickAppKit: android.event.scroll.received surface=srf:2 node=node:3
08-26 18:13:39.220 26568 26593 I QuickAppKit: android.mount.result.accepted=1
08-26 18:13:39.220 26568 26593 I QuickAppKit: android.event.payload event=scroll keys=3 index=absent value=absent checked=absent isFromUser=absent selected=absent scrollOffset=number
08-26 18:13:39.220 26568 26593 I QuickAppKit: android.event.js_callback posted=1 error=
08-26 18:13:39.221 26568 26593 I QuickAppKit: android.event.scroll.dispatched=1
08-26 18:13:39.221 26568 26594 I QuickAppKit: android.event.handler_execute surface=srf:2 handler=hdl:1 dispatched=1
08-26 18:13:39.223 26568 26593 I QuickAppKit: android.render.submit surface=srf:2 transaction=txn:srf:2-9 revision=9 ok=0 error=ABI_INVALID_ARGUMENT
08-26 18:13:39.249 26568 26568 I QuickAppKit: android.input.scroll surface=srf:2 node=node:3 scrollOffset=84.0 contentSize=381.0 viewportSize=250.0
08-26 18:13:39.249 26568 26568 I QuickAppKit: android.event.scroll.received surface=srf:2 node=node:3
08-26 18:13:39.250 26568 26593 I QuickAppKit: android.event.payload event=scroll keys=3 index=absent value=absent checked=absent isFromUser=absent selected=absent scrollOffset=number
08-26 18:13:39.250 26568 26593 I QuickAppKit: android.event.js_callback posted=1 error=
08-26 18:13:39.250 26568 26593 I QuickAppKit: android.event.scroll.dispatched=1
08-26 18:13:39.251 26568 26594 I QuickAppKit: android.event.handler_execute surface=srf:2 handler=hdl:1 dispatched=1
08-26 18:13:39.251 26568 26593 I QuickAppKit: android.render.submit surface=srf:2 transaction=txn:srf:2-10 revision=10 ok=0 error=ABI_INVALID_ARGUMENT
08-26 18:13:39.293 26568 26568 I QuickAppKit: android.input.scroll surface=srf:2 node=node:3 scrollOffset=91.66666412353516 contentSize=381.0 viewportSize=250.0
08-26 18:13:39.293 26568 26568 I QuickAppKit: android.event.scroll.received surface=srf:2 node=node:3
08-26 18:13:39.297 26568 26593 I QuickAppKit: android.event.payload event=scroll keys=3 index=absent value=absent checked=absent isFromUser=absent selected=absent scrollOffset=number
08-26 18:13:39.297 26568 26593 I QuickAppKit: android.event.js_callback posted=1 error=
08-26 18:13:39.297 26568 26593 I QuickAppKit: android.event.scroll.dispatched=1
08-26 18:13:39.297 26568 26594 I QuickAppKit: android.event.handler_execute surface=srf:2 handler=hdl:1 dispatched=1
08-26 18:13:39.300 26568 26593 I QuickAppKit: android.render.submit surface=srf:2 transaction=txn:srf:2-11 revision=11 ok=0 error=ABI_INVALID_ARGUMENT
08-26 18:13:39.313 26568 26568 I QuickAppKit: android.input.scroll surface=srf:2 node=node:3 scrollOffset=104.0 contentSize=381.0 viewportSize=250.0
08-26 18:13:39.313 26568 26568 I QuickAppKit: android.event.scroll.received surface=srf:2 node=node:3
08-26 18:13:39.314 26568 26593 I QuickAppKit: android.event.payload event=scroll keys=3 index=absent value=absent checked=absent isFromUser=absent selected=absent scrollOffset=number
08-26 18:13:39.314 26568 26593 I QuickAppKit: android.event.js_callback posted=1 error=
08-26 18:13:39.314 26568 26593 I QuickAppKit: android.event.scroll.dispatched=1
08-26 18:13:39.317 26568 26594 I QuickAppKit: android.event.handler_execute surface=srf:2 handler=hdl:1 dispatched=1
08-26 18:13:39.318 26568 26593 I QuickAppKit: android.render.submit surface=srf:2 transaction=txn:srf:2-12 revision=12 ok=0 error=ABI_INVALID_ARGUMENT
08-26 18:13:39.366 26568 26568 I QuickAppKit: android.input.scroll surface=srf:2 node=node:3 scrollOffset=109.33333587646484 contentSize=381.0 viewportSize=250.0
08-26 18:13:39.366 26568 26568 I QuickAppKit: android.event.scroll.received surface=srf:2 node=node:3
08-26 18:13:39.368 26568 26593 I QuickAppKit: android.event.payload event=scroll keys=3 index=absent value=absent checked=absent isFromUser=absent selected=absent scrollOffset=number
08-26 18:13:39.368 26568 26593 I QuickAppKit: android.event.js_callback posted=1 error=
08-26 18:13:39.368 26568 26593 I QuickAppKit: android.event.scroll.dispatched=1
08-26 18:13:39.377 26568 26594 I QuickAppKit: android.event.handler_execute surface=srf:2 handler=hdl:1 dispatched=1
08-26 18:13:39.379 26568 26593 I QuickAppKit: android.render.submit surface=srf:2 transaction=txn:srf:2-13 revision=13 ok=0 error=ABI_INVALID_ARGUMENT
08-26 18:13:39.398 26568 26568 I QuickAppKit: android.input.scroll surface=srf:2 node=node:3 scrollOffset=125.33333587646484 contentSize=381.0 viewportSize=250.0
08-26 18:13:39.398 26568 26568 I QuickAppKit: android.event.scroll.received surface=srf:2 node=node:3
08-26 18:13:39.399 26568 26593 I QuickAppKit: android.event.payload event=scroll keys=3 index=absent value=absent checked=absent isFromUser=absent selected=absent scrollOffset=number
08-26 18:13:39.399 26568 26593 I QuickAppKit: android.event.js_callback posted=1 error=
08-26 18:13:39.399 26568 26593 I QuickAppKit: android.event.scroll.dispatched=1
08-26 18:13:39.400 26568 26594 I QuickAppKit: android.event.handler_execute surface=srf:2 handler=hdl:1 dispatched=1
08-26 18:13:39.401 26568 26593 I QuickAppKit: android.render.submit surface=srf:2 transaction=txn:srf:2-14 revision=14 ok=0 error=ABI_INVALID_ARGUMENT
08-26 18:13:39.445 26568 26568 I QuickAppKit: android.input.scroll surface=srf:2 node=node:3 scrollOffset=131.0 contentSize=381.0 viewportSize=250.0
08-26 18:13:39.445 26568 26568 I QuickAppKit: android.event.scroll.received surface=srf:2 node=node:3
08-26 18:13:39.445 26568 26568 I QuickAppKit: android.input.scrollbottom surface=srf:2 node=node:3 scrollOffset=131.0 contentSize=381.0 viewportSize=250.0
08-26 18:13:39.445 26568 26568 I QuickAppKit: android.event.scrollbottom.received surface=srf:2 node=node:3
08-26 18:13:39.449 26568 26593 I QuickAppKit: android.event.payload event=scroll keys=3 index=absent value=absent checked=absent isFromUser=absent selected=absent scrollOffset=number
08-26 18:13:39.449 26568 26593 I QuickAppKit: android.event.js_callback posted=1 error=
08-26 18:13:39.449 26568 26593 I QuickAppKit: android.event.scroll.dispatched=1
08-26 18:13:39.449 26568 26593 I QuickAppKit: android.event.payload event=scrollbottom keys=3 index=absent value=absent checked=absent isFromUser=absent selected=absent scrollOffset=number
08-26 18:13:39.449 26568 26593 I QuickAppKit: android.event.js_callback posted=1 error=
08-26 18:13:39.449 26568 26593 I QuickAppKit: android.event.scrollbottom.dispatched=1
08-26 18:13:39.450 26568 26594 I QuickAppKit: android.event.handler_execute surface=srf:2 handler=hdl:1 dispatched=1
08-26 18:13:39.451 26568 26593 I QuickAppKit: android.render.submit surface=srf:2 transaction=txn:srf:2-15 revision=15 ok=0 error=ABI_INVALID_ARGUMENT
08-26 18:13:39.451 26568 26593 I QuickAppKit: android.render.submit surface=srf:2 transaction=txn:srf:2-16 revision=16 ok=0 error=ABI_INVALID_ARGUMENT
08-26 18:13:39.453 26568 26594 I QuickAppKit: android.event.handler_execute surface=srf:2 handler=hdl:2 dispatched=1
08-26 18:13:39.642 26568 26568 I QuickAppKit: android.input.scrollend surface=srf:2 node=node:3 scrollOffset=131.0 contentSize=381.0 viewportSize=250.0
08-26 18:13:39.642 26568 26568 I QuickAppKit: android.event.scrollend.received surface=srf:2 node=node:3
08-26 18:13:39.642 26568 26593 I QuickAppKit: android.event.scrollend.dispatched=0
