--------- beginning of main
08-26 18:14:21.219 26742 26742 I QuickAppKit: android.input.click surface=srf:1 node=node:23
08-26 18:14:21.219 26742 26742 I QuickAppKit: android.event.click.received surface=srf:1 node=node:23
08-26 18:14:21.222 26742 26766 I QuickAppKit: android.event.payload event=click keys=0 index=absent value=absent checked=absent isFromUser=absent selected=absent scrollOffset=absent
08-26 18:14:21.222 26742 26766 I QuickAppKit: android.event.js_callback posted=1 error=
08-26 18:14:21.222 26742 26766 I QuickAppKit: android.event.click.dispatched=1
08-26 18:14:21.224 26742 26768 I QuickAppKit: android.event.handler_execute surface=srf:1 handler=hdl:srf:1-2-blk:srf:1-6-lampA dispatched=1
08-26 18:14:21.226 26742 26766 I QuickAppKit: android.navigation.push request=req:j-100001 source=srf:1 uri=/pages/ProductDetail accepted=1
08-26 18:14:21.236 26742 26766 I QuickAppKit: android.native.create surface=srf:2
08-26 18:14:21.237 26742 26766 I QuickAppKit: android.platform.create request=req:117 surface=srf:2
08-26 18:14:21.237 26742 26766 I QuickAppKit: android.stage=core.loop.controller.work
08-26 18:14:21.237 26742 26766 I QuickAppKit: android.core.controller.drained count=1
08-26 18:14:21.239 26742 26742 I QuickAppKit: android.platform.create.ui surface=srf:2
08-26 18:14:21.239 26742 26742 I QuickAppKit: android.platform.create.ui.result=true
08-26 18:14:21.239 26742 26742 I QuickAppKit: android.stage=surface.result.received
08-26 18:14:21.239 26742 26742 I QuickAppKit: android.platform.create.completed surface=srf:2
08-26 18:14:21.239 26742 26766 I QuickAppKit: android.stage=surface.result.core
08-26 18:14:21.239 26742 26766 I QuickAppKit: android.stage=page.command.received
08-26 18:14:21.239 26742 26766 I QuickAppKit: android.stage=core.loop.controller.work
08-26 18:14:21.239 26742 26766 I QuickAppKit: android.core.controller.drained count=1
08-26 18:14:21.239 26742 26768 I QuickAppKit: android.stage=page.command.js
08-26 18:14:21.241 26742 26768 I QuickAppKit: android.stage=js.module.loaded
08-26 18:14:21.242 26742 26768 I QuickAppKit: android.js.module id=@quickapp-kit/page/pages/ProductDetail kind=page status=loaded error=
08-26 18:14:21.242 26742 26768 I QuickAppKit: android.stage=page.start.completed
08-26 18:14:21.244 26742 26766 I QuickAppKit: android.stage=initial.command.received
08-26 18:14:21.244 26742 26766 I QuickAppKit: android.stage=initial.command.coordinator
08-26 18:14:21.244 26742 26766 I QuickAppKit: android.stage=core.loop.controller.work
08-26 18:14:21.244 26742 26766 I QuickAppKit: android.core.controller.drained count=1
08-26 18:14:21.244 26742 26768 I QuickAppKit: android.stage=initial.command.js
08-26 18:14:21.244 26742 26768 I QuickAppKit: android.stage=page.vm.ready
08-26 18:14:21.246 26742 26768 I QuickAppKit: android.event.handler_bind surface=srf:2 handler=hdl:1 method=onAdd bound=1 method_ok=1 vm_ok=1
08-26 18:14:21.246 26742 26768 I QuickAppKit: android.event.handler_bind surface=srf:2 handler=hdl:2 method=onBack bound=1 method_ok=1 vm_ok=1
08-26 18:14:21.247 26742 26766 I QuickAppKit: android.stage=core.ingress.instantiate
08-26 18:14:21.249 26742 26766 I QuickAppKit: android.native.mount surface=srf:2 operations=47
08-26 18:14:21.249 26742 26766 I QuickAppKit: android.platform.mount surface=srf:2 operations=47
08-26 18:14:21.249 26742 26766 I QuickAppKit: android.stage=core.ingress.instantiate.accepted
08-26 18:14:21.249 26742 26766 I QuickAppKit: android.event.handlers count=24 hdl1node=node:7
08-26 18:14:21.284 26742 26742 I QuickAppKit: android.platform.mount.ui surface=srf:2
08-26 18:14:21.285 26742 26742 I QuickAppKit: android.platform.mount.result surface=srf:2 ok=true
08-26 18:14:21.285 26742 26742 I QuickAppKit: android.mount.result.received surface=srf:2 revision=0 attempt=mnt:2 source=req:j-2 mounted=1
08-26 18:14:21.286 26742 26766 I QuickAppKit: android.stage=core.initial.prepared
08-26 18:14:21.286 26742 26766 I QuickAppKit: android.initial.result surface=srf:2 prepared=1 error=
08-26 18:14:21.286 26742 26766 I QuickAppKit: android.initial.controller.enqueue=1
08-26 18:14:21.286 26742 26766 I QuickAppKit: android.mount.result.accepted=1
08-26 18:14:21.286 26742 26766 I QuickAppKit: android.native.surface.present.enter request=req:124 surface=srf:2
08-26 18:14:21.286 26742 26766 I QuickAppKit: android.native.present request=req:124 surface=srf:2 push=1
08-26 18:14:21.286 26742 26766 I QuickAppKit: android.platform.present request=req:124 surface=srf:2
08-26 18:14:21.286 26742 26766 I QuickAppKit: android.native.surface.present.exit posted=1
08-26 18:14:21.286 26742 26766 I QuickAppKit: android.stage=core.loop.controller.work
08-26 18:14:21.286 26742 26766 I QuickAppKit: android.core.controller.drained count=1
08-26 18:14:21.334 26742 26742 I QuickAppKit: android.platform.present.ui surface=srf:2
08-26 18:14:21.335 26742 26742 I QuickAppKit: android.stage=surface.result.received
08-26 18:14:21.336 26742 26766 I QuickAppKit: android.stage=surface.result.core
08-26 18:14:21.336 26742 26766 I QuickAppKit: android.stage=page.command.received
08-26 18:14:21.336 26742 26766 I QuickAppKit: android.stage=core.loop.controller.work
08-26 18:14:21.336 26742 26766 I QuickAppKit: android.core.controller.drained count=1
08-26 18:14:21.337 26742 26768 I QuickAppKit: android.stage=page.command.js
08-26 18:14:21.338 26742 26766 I QuickAppKit: android.stage=page.command.received
08-26 18:14:21.338 26742 26766 I QuickAppKit: android.stage=core.loop.controller.work
08-26 18:14:21.338 26742 26766 I QuickAppKit: android.core.controller.drained count=1
08-26 18:14:21.339 26742 26768 I QuickAppKit: android.stage=page.command.js
08-26 18:14:21.340 26742 26766 I QuickAppKit: android.stage=surface.operation.completed
08-26 18:14:21.340 26742 26766 I QuickAppKit: android.surface.operation kind=1 request=req:j-100001 target=srf:2 error=
08-26 18:14:21.340 26742 26766 I QuickAppKit: android.stage=core.loop.controller.work
08-26 18:14:21.340 26742 26766 I QuickAppKit: android.core.controller.drained count=1
08-26 18:14:49.482 26742 26742 I QuickAppKit: android.input.click surface=srf:2 node=node:8
08-26 18:14:49.482 26742 26742 I QuickAppKit: android.event.click.received surface=srf:2 node=node:8
08-26 18:14:49.484 26742 26766 I QuickAppKit: android.event.payload event=click keys=0 index=absent value=absent checked=absent isFromUser=absent selected=absent scrollOffset=absent
08-26 18:14:49.485 26742 26766 I QuickAppKit: android.event.js_callback posted=1 error=
08-26 18:14:49.485 26742 26766 I QuickAppKit: android.event.click.dispatched=1
08-26 18:14:49.487 26742 26768 I QuickAppKit: android.event.handler_execute surface=srf:2 handler=hdl:2 dispatched=1
08-26 18:14:49.488 26742 26766 I QuickAppKit: android.navigation.close request=req:j-100002 source=srf:2 accepted=1
08-26 18:14:49.488 26742 26766 I QuickAppKit: android.platform.close request=req:127 source=srf:2 reveal=srf:1
08-26 18:14:49.488 26742 26766 I QuickAppKit: android.stage=core.loop.controller.work
08-26 18:14:49.489 26742 26742 I QuickAppKit: android.platform.close.result request=req:127 source=srf:2 reveal=srf:1 ok=true surfaces=2
08-26 18:14:49.489 26742 26766 I QuickAppKit: android.core.controller.drained count=1
08-26 18:14:49.489 26742 26742 I QuickAppKit: android.stage=surface.result.received
08-26 18:14:49.490 26742 26766 I QuickAppKit: android.stage=surface.result.core
08-26 18:14:49.491 26742 26766 I QuickAppKit: android.stage=page.command.received
08-26 18:14:49.491 26742 26766 I QuickAppKit: android.stage=core.loop.controller.work
08-26 18:14:49.491 26742 26766 I QuickAppKit: android.core.controller.drained count=1
08-26 18:14:49.491 26742 26768 I QuickAppKit: android.stage=page.command.js
08-26 18:14:49.492 26742 26766 I QuickAppKit: android.stage=page.command.received
08-26 18:14:49.492 26742 26766 I QuickAppKit: android.stage=core.loop.controller.work
08-26 18:14:49.492 26742 26766 I QuickAppKit: android.core.controller.drained count=1
08-26 18:14:49.492 26742 26768 I QuickAppKit: android.stage=page.command.js
08-26 18:14:49.494 26742 26766 I QuickAppKit: android.stage=page.command.received
08-26 18:14:49.494 26742 26766 I QuickAppKit: android.stage=core.loop.controller.work
08-26 18:14:49.494 26742 26766 I QuickAppKit: android.core.controller.drained count=1
08-26 18:14:49.494 26742 26768 I QuickAppKit: android.stage=page.command.js
08-26 18:14:49.495 26742 26766 I QuickAppKit: android.stage=surface.operation.completed
08-26 18:14:49.495 26742 26766 I QuickAppKit: android.surface.operation kind=2 request=req:j-100002 target=srf:2 error=
08-26 18:14:49.495 26742 26766 I QuickAppKit: android.navigation.close.result request=req:j-100002 source=srf:2 revealed=srf:1 completed=1
08-26 18:14:49.495 26742 26766 I QuickAppKit: android.stage=core.loop.controller.work
08-26 18:14:49.495 26742 26766 I QuickAppKit: android.core.controller.drained count=1
08-26 18:14:52.800 26742 26742 I QuickAppKit: android.input.click surface=srf:1 node=node:23
08-26 18:14:52.800 26742 26742 I QuickAppKit: android.event.click.received surface=srf:1 node=node:23
08-26 18:14:52.801 26742 26766 I QuickAppKit: android.event.payload event=click keys=0 index=absent value=absent checked=absent isFromUser=absent selected=absent scrollOffset=absent
08-26 18:14:52.801 26742 26766 I QuickAppKit: android.event.js_callback posted=1 error=
08-26 18:14:52.801 26742 26766 I QuickAppKit: android.event.click.dispatched=1
08-26 18:14:52.802 26742 26768 I QuickAppKit: android.event.handler_execute surface=srf:1 handler=hdl:srf:1-2-blk:srf:1-6-lampA dispatched=1
08-26 18:14:52.802 26742 26766 I QuickAppKit: android.navigation.push request=req:j-100003 source=srf:1 uri=/pages/ProductDetail accepted=1
08-26 18:14:52.804 26742 26766 I QuickAppKit: android.native.create surface=srf:3
08-26 18:14:52.804 26742 26766 I QuickAppKit: android.platform.create request=req:135 surface=srf:3
08-26 18:14:52.804 26742 26766 I QuickAppKit: android.stage=core.loop.controller.work
08-26 18:14:52.804 26742 26766 I QuickAppKit: android.core.controller.drained count=1
08-26 18:14:52.804 26742 26742 I QuickAppKit: android.platform.create.ui surface=srf:3
08-26 18:14:52.805 26742 26742 I QuickAppKit: android.platform.create.ui.result=true
08-26 18:14:52.805 26742 26742 I QuickAppKit: android.stage=surface.result.received
08-26 18:14:52.805 26742 26742 I QuickAppKit: android.platform.create.completed surface=srf:3
08-26 18:14:52.805 26742 26766 I QuickAppKit: android.stage=surface.result.core
08-26 18:14:52.807 26742 26766 I QuickAppKit: android.stage=page.command.received
08-26 18:14:52.807 26742 26766 I QuickAppKit: android.stage=core.loop.controller.work
08-26 18:14:52.807 26742 26766 I QuickAppKit: android.core.controller.drained count=1
08-26 18:14:52.807 26742 26768 I QuickAppKit: android.stage=page.command.js
08-26 18:14:52.808 26742 26768 I QuickAppKit: android.stage=js.module.loaded
08-26 18:14:52.808 26742 26768 I QuickAppKit: android.js.module id=@quickapp-kit/page/pages/ProductDetail kind=page status=loaded error=
08-26 18:14:52.808 26742 26768 I QuickAppKit: android.stage=page.start.completed
08-26 18:14:52.809 26742 26766 I QuickAppKit: android.stage=initial.command.received
08-26 18:14:52.809 26742 26766 I QuickAppKit: android.stage=initial.command.coordinator
08-26 18:14:52.809 26742 26766 I QuickAppKit: android.stage=core.loop.controller.work
08-26 18:14:52.809 26742 26766 I QuickAppKit: android.core.controller.drained count=1
08-26 18:14:52.809 26742 26768 I QuickAppKit: android.stage=initial.command.js
08-26 18:14:52.810 26742 26768 I QuickAppKit: android.stage=page.vm.ready
08-26 18:14:52.810 26742 26768 I QuickAppKit: android.event.handler_bind surface=srf:3 handler=hdl:1 method=onAdd bound=1 method_ok=1 vm_ok=1
08-26 18:14:52.810 26742 26768 I QuickAppKit: android.event.handler_bind surface=srf:3 handler=hdl:2 method=onBack bound=1 method_ok=1 vm_ok=1
08-26 18:14:52.810 26742 26766 I QuickAppKit: android.stage=core.ingress.instantiate
08-26 18:14:52.812 26742 26766 I QuickAppKit: android.native.mount surface=srf:3 operations=47
08-26 18:14:52.813 26742 26766 I QuickAppKit: android.platform.mount surface=srf:3 operations=47
08-26 18:14:52.813 26742 26766 I QuickAppKit: android.stage=core.ingress.instantiate.accepted
08-26 18:14:52.813 26742 26766 I QuickAppKit: android.event.handlers count=24 hdl1node=node:7
08-26 18:14:52.821 26742 26742 I QuickAppKit: android.platform.mount.ui surface=srf:3
08-26 18:14:52.824 26742 26742 I QuickAppKit: android.platform.mount.result surface=srf:3 ok=true
08-26 18:14:52.824 26742 26742 I QuickAppKit: android.mount.result.received surface=srf:3 revision=0 attempt=mnt:3 source=req:j-3 mounted=1
08-26 18:14:52.825 26742 26766 I QuickAppKit: android.stage=core.initial.prepared
08-26 18:14:52.825 26742 26766 I QuickAppKit: android.initial.result surface=srf:3 prepared=1 error=
08-26 18:14:52.825 26742 26766 I QuickAppKit: android.initial.controller.enqueue=1
08-26 18:14:52.825 26742 26766 I QuickAppKit: android.mount.result.accepted=1
08-26 18:14:52.825 26742 26766 I QuickAppKit: android.native.surface.present.enter request=req:142 surface=srf:3
08-26 18:14:52.825 26742 26766 I QuickAppKit: android.native.present request=req:142 surface=srf:3 push=1
08-26 18:14:52.825 26742 26766 I QuickAppKit: android.platform.present request=req:142 surface=srf:3
08-26 18:14:52.825 26742 26766 I QuickAppKit: android.native.surface.present.exit posted=1
08-26 18:14:52.825 26742 26766 I QuickAppKit: android.stage=core.loop.controller.work
08-26 18:14:52.825 26742 26766 I QuickAppKit: android.core.controller.drained count=1
08-26 18:14:52.838 26742 26742 I QuickAppKit: android.platform.present.ui surface=srf:3
08-26 18:14:52.838 26742 26742 I QuickAppKit: android.stage=surface.result.received
08-26 18:14:52.839 26742 26766 I QuickAppKit: android.stage=surface.result.core
08-26 18:14:52.839 26742 26766 I QuickAppKit: android.stage=page.command.received
08-26 18:14:52.839 26742 26766 I QuickAppKit: android.stage=core.loop.controller.work
08-26 18:14:52.839 26742 26766 I QuickAppKit: android.core.controller.drained count=1
08-26 18:14:52.840 26742 26768 I QuickAppKit: android.stage=page.command.js
08-26 18:14:52.842 26742 26766 I QuickAppKit: android.stage=page.command.received
08-26 18:14:52.842 26742 26766 I QuickAppKit: android.stage=core.loop.controller.work
08-26 18:14:52.842 26742 26766 I QuickAppKit: android.core.controller.drained count=1
08-26 18:14:52.842 26742 26768 I QuickAppKit: android.stage=page.command.js
08-26 18:14:52.843 26742 26766 I QuickAppKit: android.stage=surface.operation.completed
08-26 18:14:52.843 26742 26766 I QuickAppKit: android.surface.operation kind=1 request=req:j-100003 target=srf:3 error=
08-26 18:14:52.843 26742 26766 I QuickAppKit: android.stage=core.loop.controller.work
08-26 18:14:52.843 26742 26766 I QuickAppKit: android.core.controller.drained count=1
08-26 18:14:53.911 26742 26742 I QuickAppKit: android.input.click surface=srf:3 node=node:8
08-26 18:14:53.911 26742 26742 I QuickAppKit: android.event.click.received surface=srf:3 node=node:8
08-26 18:14:53.912 26742 26766 I QuickAppKit: android.event.payload event=click keys=0 index=absent value=absent checked=absent isFromUser=absent selected=absent scrollOffset=absent
08-26 18:14:53.912 26742 26766 I QuickAppKit: android.event.js_callback posted=1 error=
08-26 18:14:53.912 26742 26766 I QuickAppKit: android.event.click.dispatched=1
08-26 18:14:53.915 26742 26768 I QuickAppKit: android.event.handler_execute surface=srf:3 handler=hdl:2 dispatched=1
08-26 18:14:53.916 26742 26766 I QuickAppKit: android.navigation.close request=req:j-100004 source=srf:3 accepted=1
08-26 18:14:53.916 26742 26766 I QuickAppKit: android.platform.close request=req:145 source=srf:3 reveal=srf:1
08-26 18:14:53.916 26742 26766 I QuickAppKit: android.stage=core.loop.controller.work
08-26 18:14:53.916 26742 26766 I QuickAppKit: android.core.controller.drained count=1
08-26 18:14:53.917 26742 26742 I QuickAppKit: android.platform.close.result request=req:145 source=srf:3 reveal=srf:1 ok=true surfaces=3
08-26 18:14:53.917 26742 26742 I QuickAppKit: android.stage=surface.result.received
08-26 18:14:53.918 26742 26766 I QuickAppKit: android.stage=surface.result.core
08-26 18:14:53.918 26742 26766 I QuickAppKit: android.stage=page.command.received
08-26 18:14:53.918 26742 26766 I QuickAppKit: android.stage=core.loop.controller.work
08-26 18:14:53.918 26742 26766 I QuickAppKit: android.core.controller.drained count=1
08-26 18:14:53.919 26742 26768 I QuickAppKit: android.stage=page.command.js
08-26 18:14:53.920 26742 26766 I QuickAppKit: android.stage=page.command.received
08-26 18:14:53.920 26742 26766 I QuickAppKit: android.stage=core.loop.controller.work
08-26 18:14:53.920 26742 26766 I QuickAppKit: android.core.controller.drained count=1
08-26 18:14:53.920 26742 26768 I QuickAppKit: android.stage=page.command.js
08-26 18:14:53.921 26742 26766 I QuickAppKit: android.stage=page.command.received
08-26 18:14:53.921 26742 26766 I QuickAppKit: android.stage=core.loop.controller.work
08-26 18:14:53.921 26742 26766 I QuickAppKit: android.core.controller.drained count=1
08-26 18:14:53.922 26742 26768 I QuickAppKit: android.stage=page.command.js
08-26 18:14:53.923 26742 26766 I QuickAppKit: android.stage=surface.operation.completed
08-26 18:14:53.923 26742 26766 I QuickAppKit: android.surface.operation kind=2 request=req:j-100004 target=srf:3 error=
08-26 18:14:53.923 26742 26766 I QuickAppKit: android.navigation.close.result request=req:j-100004 source=srf:3 revealed=srf:1 completed=1
08-26 18:14:53.923 26742 26766 I QuickAppKit: android.stage=core.loop.controller.work
08-26 18:14:53.923 26742 26766 I QuickAppKit: android.core.controller.drained count=1
