08-26 11:12:19.592  9152  9177 I QuickAppKit: android.stage=run.begin
08-26 11:12:19.592  9152  9177 I QuickAppKit: android.stage=factory.created
08-26 11:12:19.593  9152  9177 I QuickAppKit: android.stage=rpk.read
08-26 11:12:19.593  9152  9177 I QuickAppKit: android.stage=rpk.loader.created
08-26 11:12:19.716  9152  9177 I QuickAppKit: android.stage=rpk.verified
08-26 11:12:19.720  9152  9177 I QuickAppKit: android.stage=js.started
08-26 11:12:19.720  9152  9177 I QuickAppKit: android.stage=coordinator.created
08-26 11:12:19.720  9152  9177 I QuickAppKit: android.stage=surface_controller.created
08-26 11:12:19.720  9152  9177 I QuickAppKit: android.stage=feature.registry.created
08-26 11:12:19.723  9152  9184 I QuickAppKit: android.stage=js.module.loaded
08-26 11:12:19.723  9152  9184 I QuickAppKit: android.js.module id=@quickapp-kit/app kind=app status=loaded error=
08-26 11:12:19.723  9152  9184 I QuickAppKit: android.stage=js.setup.finished
08-26 11:12:19.723  9152  9177 I QuickAppKit: android.stage=js.setup
08-26 11:12:19.723  9152  9177 I QuickAppKit: android.stage=root.enqueued
08-26 11:12:19.723  9152  9177 I QuickAppKit: android.stage=core.loop.before
08-26 11:12:19.723  9152  9177 I QuickAppKit: android.stage=core.loop.mailbox.drained
08-26 11:12:19.725  9152  9177 I QuickAppKit: android.native.create surface=srf:1
08-26 11:12:19.725  9152  9177 I QuickAppKit: android.platform.create request=req:41 surface=srf:1
08-26 11:12:19.726  9152  9177 I QuickAppKit: android.stage=core.loop.controller.work
08-26 11:12:19.726  9152  9177 I QuickAppKit: android.core.controller.drained count=1
08-26 11:12:19.726  9152  9177 I QuickAppKit: android.stage=core.loop.controller.drained
08-26 11:12:19.726  9152  9152 I QuickAppKit: android.platform.create.ui surface=srf:1
08-26 11:12:19.729  9152  9152 I QuickAppKit: android.platform.create.ui.result=true
08-26 11:12:19.730  9152  9152 I QuickAppKit: android.stage=surface.result.received
08-26 11:12:19.730  9152  9152 I QuickAppKit: android.platform.create.completed surface=srf:1
08-26 11:12:19.730  9152  9177 I QuickAppKit: android.stage=surface.result.core
08-26 11:12:19.730  9152  9177 I QuickAppKit: android.stage=page.command.received
08-26 11:12:19.730  9152  9177 I QuickAppKit: android.stage=core.loop.controller.work
08-26 11:12:19.730  9152  9177 I QuickAppKit: android.core.controller.drained count=1
08-26 11:12:19.730  9152  9184 I QuickAppKit: android.stage=page.command.js
08-26 11:12:19.733  9152  9184 I QuickAppKit: android.stage=js.module.loaded
08-26 11:12:19.733  9152  9184 I QuickAppKit: android.js.module id=@quickapp-kit/page/pages/Home kind=page status=loaded error=
08-26 11:12:19.734  9152  9184 I QuickAppKit: android.stage=page.start.completed
08-26 11:12:19.734  9152  9177 I QuickAppKit: android.stage=initial.command.received
08-26 11:12:19.734  9152  9177 I QuickAppKit: android.stage=initial.command.coordinator
08-26 11:12:19.735  9152  9184 I QuickAppKit: android.stage=initial.command.js
08-26 11:12:19.734  9152  9177 I QuickAppKit: android.stage=core.loop.controller.work
08-26 11:12:19.735  9152  9177 I QuickAppKit: android.core.controller.drained count=1
08-26 11:12:19.736  9152  9184 I QuickAppKit: android.stage=page.vm.ready
08-26 11:12:19.736  9152  9184 I QuickAppKit: android.event.handler_bind surface=srf:1 handler=hdl:1 method=onTabChange bound=1 method_ok=1 vm_ok=1
08-26 11:12:19.736  9152  9184 I QuickAppKit: android.event.handler_bind surface=srf:1 handler=hdl:2 method=onRefresh bound=1 method_ok=1 vm_ok=1
08-26 11:12:19.736  9152  9184 I QuickAppKit: android.event.handler_bind surface=srf:1 handler=hdl:3 method=onProduct bound=1 method_ok=1 vm_ok=1
08-26 11:12:19.737  9152  9177 I QuickAppKit: android.stage=core.ingress.instantiate
08-26 11:12:19.738  9152  9184 I QuickAppKit: android.event.block_handler_bind surface=srf:1 handler=hdl:srf:1-3-blk:srf:1-2-lampA method=onProduct bound=1
08-26 11:12:19.738  9152  9184 I QuickAppKit: android.event.block_handler_bind surface=srf:1 handler=hdl:srf:1-3-blk:srf:1-2-bagB method=onProduct bound=1
08-26 11:12:19.738  9152  9184 I QuickAppKit: android.event.block_handler_bind surface=srf:1 handler=hdl:srf:1-3-blk:srf:1-2-cupC method=onProduct bound=1
08-26 11:12:19.750  9152  9177 I QuickAppKit: android.native.mount surface=srf:1 operations=179
08-26 11:12:19.750  9152  9177 I QuickAppKit: android.platform.mount surface=srf:1 operations=179
08-26 11:12:19.752  9152  9177 I QuickAppKit: android.stage=core.ingress.instantiate.accepted
08-26 11:12:19.752  9152  9177 I QuickAppKit: android.event.handlers count=5 hdl1node=node:4
08-26 11:12:19.752  9152  9152 I QuickAppKit: android.platform.mount.ui surface=srf:1
08-26 11:12:19.833  9152  9152 I QuickAppKit: android.platform.mount.result surface=srf:1 ok=true
08-26 11:12:19.833  9152  9152 I QuickAppKit: android.mount.result.received surface=srf:1 revision=0 attempt=mnt:1 source=req:j-1 mounted=1
08-26 11:12:19.836  9152  9177 I QuickAppKit: android.stage=core.initial.prepared
08-26 11:12:19.836  9152  9177 I QuickAppKit: android.initial.result surface=srf:1 prepared=1 error=
08-26 11:12:19.836  9152  9177 I QuickAppKit: android.initial.controller.enqueue=1
08-26 11:12:19.836  9152  9177 I QuickAppKit: android.mount.result.accepted=1
08-26 11:12:19.836  9152  9177 I QuickAppKit: android.native.surface.present.enter request=req:59 surface=srf:1
08-26 11:12:19.836  9152  9177 I QuickAppKit: android.native.present request=req:59 surface=srf:1 push=0
08-26 11:12:19.836  9152  9177 I QuickAppKit: android.platform.present request=req:59 surface=srf:1
08-26 11:12:19.836  9152  9177 I QuickAppKit: android.native.surface.present.exit posted=1
08-26 11:12:19.836  9152  9177 I QuickAppKit: android.stage=core.loop.controller.work
08-26 11:12:19.836  9152  9177 I QuickAppKit: android.core.controller.drained count=1
08-26 11:12:19.894  9152  9152 I QuickAppKit: android.platform.present.ui surface=srf:1
08-26 11:12:19.899  9152  9152 I QuickAppKit: android.stage=surface.result.received
08-26 11:12:19.900  9152  9177 I QuickAppKit: android.stage=surface.result.core
08-26 11:12:19.900  9152  9177 I QuickAppKit: android.stage=page.command.received
08-26 11:12:19.900  9152  9177 I QuickAppKit: android.stage=core.loop.controller.work
08-26 11:12:19.900  9152  9177 I QuickAppKit: android.core.controller.drained count=1
08-26 11:12:19.900  9152  9184 I QuickAppKit: android.stage=page.command.js
08-26 11:12:19.901  9152  9177 I QuickAppKit: android.stage=surface.operation.completed
08-26 11:12:19.901  9152  9177 I QuickAppKit: android.surface.operation kind=0 request=req:android-root target=srf:1 error=
08-26 11:12:19.901  9152  9177 I QuickAppKit: android.stage=core.loop.controller.work
08-26 11:12:19.901  9152  9177 I QuickAppKit: android.core.controller.drained count=1
