--------- beginning of main
08-26 14:43:57.608   517   517 I adbd    : adbd service requested 'shell,v2,TERM=dumb,raw:input tap 489 2754'
08-26 14:43:57.642 17333 17333 I QuickAppKit: android.input.tabs.change surface=srf:1 node=node:8 index=1 value=分类
08-26 14:43:57.643 17333 17333 I QuickAppKit: android.event.change.received surface=srf:1 node=node:8
08-26 14:43:57.644   657   756 W AS.PlaybackActivityMon: No piid assigned for invalid/internal port id 16
08-26 14:43:57.644   657  1942 W AS.PlaybackActivityMon: No piid assigned for invalid/internal port id 16
08-26 14:43:57.645 17333 17386 I QuickAppKit: android.event.js_callback posted=1 error=
08-26 14:43:57.645 17333 17386 I QuickAppKit: android.event.change.dispatched=1
08-26 14:43:57.645 17333 17387 I QuickAppKit: android.event.handler_execute surface=srf:1 handler=hdl:3 dispatched=1
08-26 14:43:57.713   492   492 W skia    : AGTM parsing failed flags.readFromStream(s) at 159
08-26 14:43:57.748   492   534 W skia    : AGTM parsing failed flags.readFromStream(s) at 159
08-26 14:43:57.815   488   505 I APM_AudioPolicyManager: getNewOutputDevices io 13 recent device override {AUDIO_DEVICE_OUT_SPEAKER, @:}
08-26 14:43:58.666   517   517 I adbd    : adbd service requested 'exec:screencap '-p''
08-26 14:43:58.729 17442 17442 W libbinder.BackendUnifiedServiceManager: Thread Pool max thread count is 0. Cannot cache binder as linkToDeath cannot be implemented. serviceName: SurfaceFlingerAIDL
08-26 14:43:58.729 17442 17442 W libbinder.BpBinder: Linking to death on android.gui.ISurfaceComposer but there are no threads (yet?) listening to incoming transactions. See ProcessState::startThreadPool and ProcessState::setThreadPoolMaxThreadCount. Generally you should setup the binder threadpool before other initialization steps.
08-26 14:43:58.730 17442 17442 W libbinder.ProcessState: Extra binder thread started, but 0 threads requested. Do not use *startThreadPool when zero threads are requested.
08-26 14:43:58.737   492   534 W skia    : AGTM parsing failed flags.readFromStream(s) at 159
08-26 14:43:58.737   492   534 W skia    : AGTM parsing failed flags.readFromStream(s) at 159
08-26 14:43:58.737   492   534 W skia    : AGTM parsing failed flags.readFromStream(s) at 159
08-26 14:43:58.758 17442 17443 W libc    : Access denied finding property "vendor.mesa.virtgpu.kumquat"
08-26 14:43:58.910   517   517 I adbd    : adbd service requested 'shell,v2,TERM=dumb,raw:uiautomator dump /sdcard/commerce-category-v4.xml'
08-26 14:43:58.953 17444 17444 D AndroidRuntime: >>>>>> START com.android.internal.os.RuntimeInit uid 2000 <<<<<<
08-26 14:43:58.955 17444 17444 I AndroidRuntime: Using default boot image
08-26 14:43:58.955 17444 17444 I AndroidRuntime: Leaving lock profiling enabled
08-26 14:43:58.956 17444 17444 I app_process: Core platform API enforcement reporting only by runtime option
08-26 14:43:58.957 17444 17444 I app_process: Using generational CollectorTypeCMC GC.
08-26 14:43:58.994 17444 17444 D nativeloader: InitDefaultPublicLibraries for_preload=1: libandroid.so:libaaudio.so:libamidi.so:libbinder_ndk.so:libc.so:libcamera2ndk.so:libdl.so:libEGL.so:libGLESv1_CM.so:libGLESv2.so:libGLESv3.so:libicu.so:libicui18n.so:libicuuc.so:libjnigraphics.so:liblog.so:libmediandk.so:libm.so:libnativehelper.so:libnativewindow.so:libOpenMAXAL.so:libOpenSLES.so:libRS.so:libstdc++.so:libsync.so:libvulkan.so:libwebviewchromium_plat_support.so:libz.so
08-26 14:43:58.999 17444 17444 D nativeloader: Load libicu_jni.so using APEX ns com_android_art for caller /apex/com.android.art/javalib/core-oj.jar: ok
08-26 14:43:58.999 17444 17444 D app_process: u_setTimeZoneFilesDirectory("/apex/com.android.tzdata/etc/tz/versioned/10/icu") succeeded. 
08-26 14:43:58.999 17444 17444 D app_process: I18n APEX ICU file found: /apex/com.android.i18n/etc/icu/icudt78l.dat
08-26 14:43:59.000 17444 17444 D nativeloader: Load libjavacore.so using APEX ns com_android_art for caller /apex/com.android.art/javalib/core-oj.jar: ok
08-26 14:43:59.000 17444 17444 D nativeloader: Load libopenjdk.so using APEX ns com_android_art for caller /apex/com.android.art/javalib/core-oj.jar: ok
08-26 14:43:59.000 17444 17444 I app_process: Priority-to-niceness mapping: 19, 16, 13, 10, 0, -2, -4, -5, -6, -8
08-26 14:43:59.001 17444 17444 W app_process: ClassLoaderContext shared library size mismatch. Expected=2, found=0 (PCL[]{PCL[/system/framework/android.test.base.jar*1579129895]#PCL[/system/framework/android.test.mock.jar*1147775851]} | PCL[])
08-26 14:43:59.001 17444 17444 W app_process: ClassLoaderContext classpath size mismatch. expected=0, found=1 (PCL[]{PCL[/system/framework/android.test.runner.jar*2652887513]{PCL[/system/framework/android.test.base.jar*1579129895]#PCL[/system/framework/android.test.mock.jar*1147775851]}#PCL[/system/framework/android.test.base.jar*1579129895]} | PCL[/system/framework/android.test.runner.jar*2652887513])
08-26 14:43:59.013 17444 17444 D nativeloader: Load libframework-connectivity-tiramisu-jni.so using APEX ns com_android_tethering for caller /apex/com.android.tethering/javalib/framework-connectivity-t.jar: ok
08-26 14:43:59.013 17444 17444 D AndroidRuntime: Calling main entry com.android.commands.uiautomator.Launcher
08-26 14:43:59.015 17444 17444 I AconfigPackage: android.media.swcodec.flags is mapped to com.android.media.swcodec
08-26 14:43:59.015 17444 17444 I AconfigPackage: com.android.permission.flags is mapped to com.android.permission
08-26 14:43:59.015 17444 17444 I AconfigPackage: com.android.permissioncontroller.flags is mapped to com.android.permission
08-26 14:43:59.015 17444 17444 I AconfigPackage: com.google.android.widevine.flags is mapped to com.google.android.widevine
08-26 14:43:59.015 17444 17444 I AconfigPackage: com.android.icu is mapped to com.android.i18n
08-26 14:43:59.015 17444 17444 I AconfigPackage: com.android.appsearch.flags is mapped to com.android.appsearch
08-26 14:43:59.015 17444 17444 I AconfigPackage: com.android.uprobestats.flags is mapped to com.android.uprobestats
08-26 14:43:59.015 17444 17444 I AconfigPackage: android.uprobestats.mainline.flags is mapped to com.android.uprobestats
08-26 14:43:59.015 17444 17444 I AconfigPackage: com.android.crashrecovery.flags is mapped to com.android.crashrecovery
08-26 14:43:59.015 17444 17444 I AconfigPackage: android.provider.flags is mapped to com.android.configinfrastructure
08-26 14:43:59.015 17444 17444 I AconfigPackage: com.android.server.deviceconfig is mapped to com.android.configinfrastructure
08-26 14:43:59.015 17444 17444 I AconfigPackage: com.android.art.flags is mapped to com.android.art
08-26 14:43:59.015 17444 17444 I AconfigPackage: com.android.art.rw.flags is mapped to com.android.art
08-26 14:43:59.015 17444 17444 I AconfigPackage: com.android.libcore is mapped to com.android.art
08-26 14:43:59.015 17444 17444 I AconfigPackage: android.telecom.flags is mapped to com.android.telephonycore
08-26 14:43:59.015 17444 17444 I AconfigPackage: com.android.internal.telecom.flags is mapped to com.android.telephonycore
08-26 14:43:59.015 17444 17444 I AconfigPackage: com.android.telephony.flags is mapped to com.android.telephonycore
08-26 14:43:59.015 17444 17444 I AconfigPackage: com.android.media.extractor.flags is mapped to com.android.media
08-26 14:43:59.015 17444 17444 I AconfigPackage: com.android.media.metrics.flags is mapped to com.android.media
08-26 14:43:59.015 17444 17444 I AconfigPackage: com.android.media.mainline.flags is mapped to com.android.media
08-26 14:43:59.015 17444 17444 I AconfigPackage: com.android.wifi.flags is mapped to com.android.wifi
08-26 14:43:59.015 17444 17444 I AconfigPackage: com.android.org.conscrypt.flags is mapped to com.android.conscrypt
08-26 14:43:59.015 17444 17444 I AconfigPackage: com.android.org.conscrypt.net.flags is mapped to com.android.conscrypt
08-26 14:43:59.015 17444 17444 I AconfigPackage: com.android.healthfitness.flags is mapped to com.android.healthfitness
08-26 14:43:59.015 17444 17444 I AconfigPackage: com.android.healthfitness.beta is mapped to com.android.healthfitness
08-26 14:43:59.015 17444 17444 I AconfigPackage: com.android.ipsec.flags is mapped to com.android.ipsec
08-26 14:43:59.016 17444 17444 I AconfigPackage: com.android.nfc.module.flags is mapped to com.android.nfcservices
08-26 14:43:59.016 17444 17444 I AconfigPackage: com.android.nfc.module.nonexported.flags is mapped to com.android.nfcservices
08-26 14:43:59.016 17444 17444 I AconfigPackage: com.android.adservices.ondevicepersonalization.flags is mapped to com.android.ondevicepersonalization
08-26 14:43:59.016 17444 17444 I AconfigPackage: com.android.scheduling.flags is mapped to com.android.scheduling
08-26 14:43:59.016 17444 17444 I AconfigPackage: com.android.adbd.flags is mapped to com.android.adbd
08-26 14:43:59.016 17444 17444 I AconfigPackage: com.android.bluetooth.beta.flags is mapped to com.android.bt
08-26 14:43:59.016 17444 17444 I AconfigPackage: com.android.bluetooth.flags is mapped to com.android.bt
08-26 14:43:59.016 17444 17444 I AconfigPackage: com.android.devicelock.flags is mapped to com.android.devicelock
08-26 14:43:59.016 17444 17444 I AconfigPackage: android.os.profiling is mapped to com.android.profiling
08-26 14:43:59.016 17444 17444 I AconfigPackage: android.os.profiling.anomaly.beta.flags is mapped to com.android.profiling
08-26 14:43:59.016 17444 17444 I AconfigPackage: android.os.profiling.anomaly.flags is mapped to com.android.profiling
08-26 14:43:59.016 17444 17444 I AconfigPackage: com.android.os.statsd.flags is mapped to com.android.os.statsd
08-26 14:43:59.016 17444 17444 I AconfigPackage: com.android.webapp.flags is mapped to com.android.webapp
08-26 14:43:59.016 17444 17444 I AconfigPackage: com.android.rkpd.flags is mapped to com.android.rkpd
08-26 14:43:59.016 17444 17444 I AconfigPackage: com.android.cellbroadcastreceiver.flags is mapped to com.android.cellbroadcast
08-26 14:43:59.016 17444 17444 I AconfigPackage: com.android.adservices.flags is mapped to com.android.adservices
08-26 14:43:59.016 17444 17444 I AconfigPackage: com.android.sdksandbox.flags is mapped to com.android.adservices
08-26 14:43:59.016 17444 17444 I AconfigPackage: android.app.sdksandbox.flags is mapped to com.android.adservices
08-26 14:43:59.016 17444 17444 I AconfigPackage: com.android.uwb.flags is mapped to com.android.uwb
08-26 14:43:59.016 17444 17444 I AconfigPackage: com.android.ranging.flags is mapped to com.android.uwb
08-26 14:43:59.016 17444 17444 I AconfigPackage: com.android.npumanager is mapped to com.android.npumanager
08-26 14:43:59.016 17444 17444 I AconfigPackage: com.android.signature.flags is mapped to com.android.mediaprovider
08-26 14:43:59.016 17444 17444 I AconfigPackage: com.android.providers.media.flags is mapped to com.android.mediaprovider
08-26 14:43:59.016 17444 17444 I AconfigPackage: android.graphics.pdf.flags is mapped to com.android.mediaprovider
08-26 14:43:59.016 17444 17444 I AconfigPackage: android.graphics.pdf.flags.readonly is mapped to com.android.mediaprovider
08-26 14:43:59.016 17444 17444 I AconfigPackage: com.android.tethering.mainline.beta is mapped to com.android.tethering
08-26 14:43:59.016 17444 17444 I AconfigPackage: android.net.http is mapped to com.android.tethering
08-26 14:43:59.016 17444 17444 I AconfigPackage: com.android.tethering.readonly.flags is mapped to com.android.tethering
08-26 14:43:59.016 17444 17444 I AconfigPackage: android.net.vcn is mapped to com.android.tethering
08-26 14:43:59.016 17444 17444 I AconfigPackage: com.android.net.flags is mapped to com.android.tethering
08-26 14:43:59.016 17444 17444 I AconfigPackage: com.android.tethering.flags is mapped to com.android.tethering
08-26 14:43:59.016 17444 17444 I AconfigPackage: com.android.tethering.beta.test is mapped to com.android.tethering
08-26 14:43:59.016 17444 17444 I AconfigPackage: com.android.nearby.flags is mapped to com.android.tethering
08-26 14:43:59.016 17444 17444 I AconfigPackage: com.android.net.thread.flags is mapped to com.android.tethering
08-26 14:43:59.016 17444 17444 I AconfigPackage: android.net.http.flags is mapped to com.android.tethering
08-26 14:43:59.016 17444 17444 I AconfigPackage: com.android.system.virtualmachine.flags is mapped to com.android.virt
08-26 14:43:59.016 17444 17444 E FeatureFlagsImplExport: android.os.flagging.AconfigStorageReadException: ERROR_PACKAGE_NOT_FOUND: package android.xr cannot be found on the device
08-26 14:43:59.018 17444 17444 D UiAutomationConnection: Created on user UserHandle{0}
08-26 14:43:59.018 17444 17444 I UiAutomation: Initialized for user 0 on display 0
08-26 14:43:59.018 17444 17444 W UiAutomation: Created with deprecatead constructor, assumes DEFAULT_DISPLAY
--------- beginning of system
08-26 14:43:59.018   657  1219 D AccessibilityManagerService: changeCurrentUserForTestAutomationIfNeededLocked(0): ignoring because device doesn't support visible background users
08-26 14:43:59.018   657  1219 I UiAutomationManager: Registering UiTestAutomationService (id=com.android.server.accessibility/UiAutomation, flags=0x0) when called by user 0
08-26 14:43:59.018   657  1219 V AccessibilityManagerService: onUserStateChangedLocked for userId: 0, forceUpdate: false
08-26 14:43:59.019   657  1219 V AccessibilityUserState: updateShortcutTargets: type:accessibility_shortcut_target_service, current:{}, new:{}
08-26 14:43:59.019   657  1219 V AccessibilityUserState: updateShortcutTargets: type:accessibility_button_targets, current:{}, new:{}
08-26 14:43:59.019   657  1219 V AccessibilityUserState: updateShortcutTargets: type:accessibility_gesture_targets, current:{}, new:{}
08-26 14:43:59.019   657  1219 V AccessibilityUserState: updateShortcutTargets: type:accessibility_qs_targets, current:{}, new:{}
08-26 14:43:59.019   657  1219 V AccessibilityUserState: updateShortcutTargets: type:accessibility_key_gesture_targets, current:{}, new:{}
08-26 14:43:59.019   657  1219 V AccessibilityUserState: updateShortcutTargets: type:accessibility_top_row_key_targets, current:{}, new:{}
08-26 14:43:59.019   657  1219 V AccessibilityUserState: updateShortcutTargets: type:accessibility_quick_access_targets, current:{}, new:{}
08-26 14:43:59.019   657  1219 W MagnificationConnectionManager: requestConnection duplicated request: connect=false, mConnectionState=DISCONNECTED
08-26 14:43:59.019  1777  8086 I AiAiEcho: Settings changed for uri: content://settings/secure/accessibility_enabled
08-26 14:43:59.020  1777  1991 I AiAiEcho: Predicting[0]:  [CONTEXT sampling_count=5 ]
08-26 14:43:59.020  1777  1991 I AiAiEcho: EchoTargets: 
08-26 14:43:59.020  1777  1991 I AiAiEcho: Filtered by AiAi flag check: 
08-26 14:43:59.020  1777  1991 I AiAiEcho: [CONTEXT ratelimit_period="10 SECONDS" ]
08-26 14:43:59.020   657   657 W libbinder.IPCThreadState: Sending oneway calls to frozen process.
08-26 14:43:59.020  1777  1991 I AiAiEcho: #remoteViewsTwiddler: feature disabled.
08-26 14:43:59.020   657   657 W libbinder.IPCThreadState: Sending oneway calls to frozen process.
08-26 14:43:59.020   657   657 W libbinder.IPCThreadState: Sending oneway calls to frozen process.
08-26 14:43:59.020   657   657 W libbinder.IPCThreadState: Sending oneway calls to frozen process.
08-26 14:43:59.020   657   657 W libbinder.IPCThreadState: Sending oneway calls to frozen process.
08-26 14:43:59.020   657   657 W libbinder.IPCThreadState: Sending oneway calls to frozen process.
08-26 14:43:59.020  1777  1991 I AiAiEcho: #postPredictionTargets: Sending updates to UISurface home with targets# 0 (types=[])
08-26 14:43:59.021   657   657 W libbinder.IPCThreadState: Sending oneway calls to frozen process.
08-26 14:43:59.021   657   657 W libbinder.IPCThreadState: Sending oneway calls to frozen process.
08-26 14:43:59.021   657   657 W libbinder.IPCThreadState: Sending oneway calls to frozen process.
08-26 14:43:59.021   657  1936 V AccessibilityManagerService: onUserStateChangedLocked for userId: 0, forceUpdate: false
08-26 14:43:59.021   657  1936 V AccessibilityUserState: updateShortcutTargets: type:accessibility_shortcut_target_service, current:{}, new:{}
08-26 14:43:59.021   657  1936 V AccessibilityUserState: updateShortcutTargets: type:accessibility_button_targets, current:{}, new:{}
08-26 14:43:59.021   657  1936 V AccessibilityUserState: updateShortcutTargets: type:accessibility_gesture_targets, current:{}, new:{}
08-26 14:43:59.021   657  1936 V AccessibilityUserState: updateShortcutTargets: type:accessibility_qs_targets, current:{}, new:{}
08-26 14:43:59.021   657  1936 V AccessibilityUserState: updateShortcutTargets: type:accessibility_key_gesture_targets, current:{}, new:{}
08-26 14:43:59.021   657  1936 V AccessibilityUserState: updateShortcutTargets: type:accessibility_top_row_key_targets, current:{}, new:{}
08-26 14:43:59.021   657  1936 V AccessibilityUserState: updateShortcutTargets: type:accessibility_quick_access_targets, current:{}, new:{}
08-26 14:43:59.021   657  1936 W MagnificationConnectionManager: requestConnection duplicated request: connect=false, mConnectionState=DISCONNECTED
08-26 14:43:59.021  1777  2586 I AiAiEcho: Settings changed for uri: content://settings/secure/accessibility_enabled
08-26 14:43:59.021   657   657 W libbinder.IPCThreadState: Sending oneway calls to frozen process.
08-26 14:43:59.021   657   657 W libbinder.IPCThreadState: Sending oneway calls to frozen process.
08-26 14:43:59.021   657   657 W libbinder.IPCThreadState: Sending oneway calls to frozen process.
08-26 14:43:59.021   657   657 W libbinder.IPCThreadState: Sending oneway calls to frozen process.
08-26 14:43:59.022   657   657 W libbinder.IPCThreadState: Sending oneway calls to frozen process.
08-26 14:43:59.022   657   657 W libbinder.IPCThreadState: Sending oneway calls to frozen process.
08-26 14:43:59.022  1777  1991 I AiAiEcho: Predicting[0]:  [CONTEXT sampling_count=5 ]
08-26 14:43:59.022   657   657 W libbinder.IPCThreadState: Sending oneway calls to frozen process.
08-26 14:43:59.022   657   657 W libbinder.IPCThreadState: Sending oneway calls to frozen process.
08-26 14:43:59.022   657   657 W libbinder.IPCThreadState: Sending oneway calls to frozen process.
08-26 14:43:59.022  1777  1991 I AiAiEcho: EchoTargets: 
08-26 14:43:59.022  1777  1991 I AiAiEcho: Filtered by AiAi flag check: 
08-26 14:43:59.022  1777  1991 I AiAiEcho: [CONTEXT ratelimit_period="10 SECONDS" ]
08-26 14:43:59.022   657   657 W libbinder.IPCThreadState: Sending oneway calls to frozen process.
08-26 14:43:59.022  1777  1991 I AiAiEcho: #remoteViewsTwiddler: feature disabled.
08-26 14:43:59.022  1777  1991 I AiAiEcho: #postPredictionTargets: Sending updates to UISurface home with targets# 0 (types=[])
08-26 14:43:59.022   657   657 W libbinder.IPCThreadState: Sending oneway calls to frozen process.
08-26 14:43:59.022   657   657 W libbinder.IPCThreadState: Sending oneway calls to frozen process.
08-26 14:43:59.022   657   657 W libbinder.IPCThreadState: Sending oneway calls to frozen process.
08-26 14:43:59.022   657   657 W libbinder.IPCThreadState: Sending oneway calls to frozen process.
08-26 14:43:59.022   657   657 W libbinder.IPCThreadState: Sending oneway calls to frozen process.
08-26 14:43:59.022   657   657 W libbinder.IPCThreadState: Sending oneway calls to frozen process.
08-26 14:43:59.022   657   657 W libbinder.IPCThreadState: Sending oneway calls to frozen process.
08-26 14:43:59.022   657   657 W libbinder.IPCThreadState: Sending oneway calls to frozen process.
08-26 14:43:59.022   657   657 W libbinder.IPCThreadState: Sending oneway calls to frozen process.
08-26 14:43:59.022   657   657 W libbinder.IPCThreadState: Sending oneway calls to frozen process.
08-26 14:43:59.022   657   657 W libbinder.IPCThreadState: Sending oneway calls to frozen process.
08-26 14:43:59.022   657   657 D BatterySaverPolicy: accessibility changed to true, updating policy.
08-26 14:43:59.027   657  2047 D AccessibilityManagerService: .getAccessibilityShortcutTargets {shortcutType=32, userId=0}
08-26 14:43:59.030   492   492 W skia    : AGTM parsing failed flags.readFromStream(s) at 159
08-26 14:43:59.030   492   492 W skia    : AGTM parsing failed flags.readFromStream(s) at 159
08-26 14:43:59.030   492   492 W skia    : AGTM parsing failed flags.readFromStream(s) at 159
08-26 14:43:59.030   492   492 W skia    : AGTM parsing failed flags.readFromStream(s) at 159
08-26 14:43:59.030   492   492 W skia    : AGTM parsing failed flags.readFromStream(s) at 159
08-26 14:43:59.032   492   534 W skia    : AGTM parsing failed flags.readFromStream(s) at 159
08-26 14:43:59.063   492   492 W skia    : AGTM parsing failed flags.readFromStream(s) at 159
08-26 14:43:59.063   492   492 W skia    : AGTM parsing failed flags.readFromStream(s) at 159
08-26 14:43:59.063   492   492 W skia    : AGTM parsing failed flags.readFromStream(s) at 159
08-26 14:43:59.063   492   492 W skia    : AGTM parsing failed flags.readFromStream(s) at 159
08-26 14:43:59.063   492   492 W skia    : AGTM parsing failed flags.readFromStream(s) at 159
08-26 14:43:59.132   492   534 W skia    : AGTM parsing failed flags.readFromStream(s) at 159
08-26 14:43:59.643   517   517 I adbd    : adbd service requested 'shell,v2,raw:dumpsys package com.google.android.gms'
08-26 14:43:59.700  2635  2651 I artd    : GetBestInfo: odex next to the dex file (/data/app/~~bX9OEGQ8NofBOJHm0BYQkg==/com.google.android.gms-Gv8nBSt27pvHbuElOejyNw==/oat/arm64/base.odex) is kOatUpToDate with filter 'verify' executable 'false'
08-26 14:43:59.700  2635  2651 I artd    : GetBestInfo: odex next to the dex file (/data/app/~~bX9OEGQ8NofBOJHm0BYQkg==/com.google.android.gms-Gv8nBSt27pvHbuElOejyNw==/oat/arm64/base.odex) is kOatUpToDate with filter 'verify' executable 'false'
08-26 14:43:59.701  2635  2651 I artd    : GetBestInfo: dm (/data/app/~~bX9OEGQ8NofBOJHm0BYQkg==/com.google.android.gms-Gv8nBSt27pvHbuElOejyNw==/split_AdsDynamite_installtime.dm) is kOatUpToDate with filter 'verify' executable 'false'
08-26 14:43:59.702  2635  2651 I artd    : GetBestInfo: odex next to the dex file (/data/app/~~bX9OEGQ8NofBOJHm0BYQkg==/com.google.android.gms-Gv8nBSt27pvHbuElOejyNw==/oat/arm64/split_CronetDynamite_installtime.odex) is kOatUpToDate with filter 'speed-profile' executable 'false'
08-26 14:43:59.702  2635  2651 I artd    : GetBestInfo: odex next to the dex file (/data/app/~~bX9OEGQ8NofBOJHm0BYQkg==/com.google.android.gms-Gv8nBSt27pvHbuElOejyNw==/oat/arm64/split_CronetDynamite_installtime.odex) is kOatUpToDate with filter 'speed-profile' executable 'false'
08-26 14:43:59.703  2635  2651 I artd    : GetBestInfo: dm (/data/app/~~bX9OEGQ8NofBOJHm0BYQkg==/com.google.android.gms-Gv8nBSt27pvHbuElOejyNw==/split_DynamiteLoader_installtime.dm) is kOatUpToDate with filter 'verify' executable 'false'
08-26 14:43:59.705  2635  2651 I artd    : GetBestInfo: dm (/data/app/~~bX9OEGQ8NofBOJHm0BYQkg==/com.google.android.gms-Gv8nBSt27pvHbuElOejyNw==/split_DynamiteModulesA_installtime.dm) is kOatUpToDate with filter 'verify' executable 'false'
08-26 14:43:59.706  2635  2651 I artd    : GetBestInfo: dm (/data/app/~~bX9OEGQ8NofBOJHm0BYQkg==/com.google.android.gms-Gv8nBSt27pvHbuElOejyNw==/split_DynamiteModulesC_installtime.dm) is kOatUpToDate with filter 'verify' executable 'false'
08-26 14:43:59.707  2635  2651 I artd    : GetBestInfo: dm (/data/app/~~bX9OEGQ8NofBOJHm0BYQkg==/com.google.android.gms-Gv8nBSt27pvHbuElOejyNw==/split_GoogleCertificates_installtime.dm) is kOatUpToDate with filter 'verify' executable 'false'
08-26 14:43:59.707  2635  2651 I artd    : GetBestInfo: dm (/data/app/~~bX9OEGQ8NofBOJHm0BYQkg==/com.google.android.gms-Gv8nBSt27pvHbuElOejyNw==/split_MapsDynamite_installtime.dm) is kOatUpToDate with filter 'verify' executable 'false'
08-26 14:43:59.708  2635  2651 I artd    : GetBestInfo: dm (/data/app/~~bX9OEGQ8NofBOJHm0BYQkg==/com.google.android.gms-Gv8nBSt27pvHbuElOejyNw==/split_MeasurementDynamite_installtime.dm) is kOatUpToDate with filter 'verify' executable 'false'
08-26 14:43:59.709  2635  2651 I artd    : GetBestInfo: dm (/data/app/~~bX9OEGQ8NofBOJHm0BYQkg==/com.google.android.gms-Gv8nBSt27pvHbuElOejyNw==/split_all_locale_splits.dm) is kOatUpToDate with filter 'verify' executable 'false'
08-26 14:43:59.710  2635  2651 I artd    : GetBestInfo: /data/user_de/0/com.google.android.gms/app_chimera/m/0000000c/dl-TfliteDynamiteDynamite.integ_252130102100400.apk has no usable artifacts
08-26 14:43:59.711  2635  2651 I artd    : GetBestInfo: /data/user_de/0/com.google.android.gms/app_chimera/m/00000001/CronetDynamite.apk has no usable artifacts
08-26 14:43:59.712  2635  2651 I artd    : GetBestInfo: vdex next to the dex file (/data/user/0/com.google.android.gms/app_dg_cache/F43216EC192C66BFB5A30C3CDD57E8C5C9005730/oat/arm64/the.vdex) is kOatUpToDate with filter 'verify' executable 'false'
08-26 14:43:59.712  2635 20535 I artd    : GetBestInfo: /data/user_de/0/com.google.android.gms/app_chimera/m/00000002/DynamiteLoader.apk has no usable artifacts
08-26 14:43:59.713  2635 20535 I artd    : GetBestInfo: /data/user_de/0/com.google.android.gms/app_chimera/m/00000012/dl-MlkitBarcodeUi.optional_263234100400.apk has no usable artifacts
08-26 14:43:59.716  2635 20535 I artd    : GetBestInfo: /data/user_de/0/com.google.android.gms/app_chimera/m/00000005/GoogleCertificates.apk has no usable artifacts
08-26 14:43:59.717  2635 20535 I artd    : GetBestInfo: /data/user_de/0/com.google.android.gms/app_chimera/m/00000015/dl-TfliteDynamiteDynamite.integ_260580502100400.apk has no usable artifacts
08-26 14:43:59.718  2635 20535 I artd    : GetBestInfo: /data/user_de/0/com.google.android.gms/app_chimera/m/0000000f/dl-MlkitBarcodeUi.optional_262236100400.apk has no usable artifacts
08-26 14:43:59.719  2635 20535 I artd    : GetBestInfo: /data/user_de/0/com.google.android.gms/app_chimera/m/00000016/dl-PlayCloudSearch.optional_263234100000.apk has no usable artifacts
08-26 14:43:59.720  2635 20535 I artd    : GetBestInfo: /data/user_de/0/com.google.android.gms/app_chimera/m/00000010/dl-PlayCloudSearch.optional_262236100000.apk has no usable artifacts
08-26 14:43:59.721  2635 20535 I artd    : GetBestInfo: vdex next to the dex file (/data/user/0/com.google.android.gms/app_dg_cache/708EA63B31A09E17FD6C7CDE0FE83B45EA4CEC30/oat/arm64/the.vdex) is kOatUpToDate with filter 'verify' executable 'false'
08-26 14:43:59.721  2635 20535 I artd    : GetBestInfo: /data/user_de/0/com.google.android.gms/app_chimera/m/00000008/dl-VisionOcr.optional_262236100000.apk has no usable artifacts
08-26 14:43:59.722  2635 20535 I artd    : GetBestInfo: vdex next to the dex file (/data/user/0/com.google.android.gms/app_dg_cache/D04EBEF623804AD1CEE87B2156DE98F2840B89F7/oat/arm64/the.vdex) is kOatUpToDate with filter 'verify' executable 'false'
08-26 14:43:59.723  2635 20535 I artd    : GetBestInfo: /data/user_de/0/com.google.android.gms/app_chimera/m/0000000b/dl-MlkitOcrCommon.optional_262236100400.apk has no usable artifacts
08-26 14:43:59.724  2635 20535 I artd    : GetBestInfo: /data/user_de/0/com.google.android.gms/app_chimera/m/00000014/dl-MlkitOcrCommon.optional_263234100400.apk has no usable artifacts
08-26 14:43:59.725  2635 20535 I artd    : GetBestInfo: /data/user_de/0/com.google.android.gms/app_chimera/m/00000009/dl-Appsearch.optional_262236100400.apk has no usable artifacts
08-26 14:43:59.726  2635 20535 I artd    : GetBestInfo: /data/user_de/0/com.google.android.gms/app_chimera/m/00000017/dl-VisionOcr.optional_263234100000.apk has no usable artifacts
08-26 14:43:59.726  2635 20535 I artd    : GetBestInfo: /data/user_de/0/com.google.android.gms/app_chimera/m/00000007/MeasurementDynamite.apk has no usable artifacts
08-26 14:43:59.727  2635 20535 I artd    : GetBestInfo: /data/user_de/0/com.google.android.gms/app_chimera/m/00000011/dl-Appsearch.optional_263234100400.apk has no usable artifacts
08-26 14:44:00.027  1725  1896 W MediaProvider: isAppCloneUserPair for user 0: false
08-26 14:44:00.030   492   492 W skia    : AGTM parsing failed flags.readFromStream(s) at 159
08-26 14:44:00.032   492   534 W skia    : AGTM parsing failed flags.readFromStream(s) at 159
08-26 14:44:00.170   438 17439 E android.hardware.audio@7.1-impl.ranchu: consumeThread: tinyalsa revents=0x000C
08-26 14:44:00.209 17444 17444 I AccessibilityNodeInfoDumper: Skipping invisible child: android.view.accessibility.AccessibilityNodeInfo@13c7d; boundsInParent: Rect(0, 0 - 549, 45); boundsInScreen: Rect(291, 2484 - 840, 2460); boundsInWindow: Rect(291, 2484 - 840, 2460); packageName: dev.quickapp.kit.android; className: android.widget.TextView; text: 出行 / 热卖; error: null; maxTextLength: -1; stateDescription: null; contentDescription: null; tooltipText: null; containerTitle: null; viewIdResName: null; uniqueId: null; checkable: false; checked: false; focusable: false; focused: false; selected: false; clickable: false; longClickable: false; contextClickable: false; enabled: true; password: false; scrollable: false; granularScrollingSupported: false; importantForAccessibility: true; visible: false; actions: [AccessibilityAction: ACTION_SELECT - null, AccessibilityAction: ACTION_CLEAR_SELECTION - null, AccessibilityAction: ACTION_ACCESSIBILITY_FOCUS - null, AccessibilityAction: ACTION_NEXT_AT_MOVEMENT_GRANULARITY - null, AccessibilityAction: ACTION_PREVIOUS_AT_MOVEMENT_GRANULARITY - null, AccessibilityAction: ACTION_SET_SELECTION - null, AccessibilityAction: ACTION_SHOW_ON_SCREEN - null]; isTextSelectable: false
08-26 14:44:00.209 17444 17444 I AccessibilityNodeInfoDumper: Skipping invisible child: android.view.accessibility.AccessibilityNodeInfo@1403e; boundsInParent: Rect(0, 0 - 549, 45); boundsInScreen: Rect(291, 2529 - 840, 2460); boundsInWindow: Rect(291, 2529 - 840, 2460); packageName: dev.quickapp.kit.android; className: android.widget.TextView; text: 239 元; error: null; maxTextLength: -1; stateDescription: null; contentDescription: null; tooltipText: null; containerTitle: null; viewIdResName: null; uniqueId: null; checkable: false; checked: false; focusable: false; focused: false; selected: false; clickable: false; longClickable: false; contextClickable: false; enabled: true; password: false; scrollable: false; granularScrollingSupported: false; importantForAccessibility: true; visible: false; actions: [AccessibilityAction: ACTION_SELECT - null, AccessibilityAction: ACTION_CLEAR_SELECTION - null, AccessibilityAction: ACTION_ACCESSIBILITY_FOCUS - null, AccessibilityAction: ACTION_NEXT_AT_MOVEMENT_GRANULARITY - null, AccessibilityAction: ACTION_PREVIOUS_AT_MOVEMENT_GRANULARITY - null, AccessibilityAction: ACTION_SET_SELECTION - null, AccessibilityAction: ACTION_SHOW_ON_SCREEN - null]; isTextSelectable: false
08-26 14:44:00.210 17444 17444 I AccessibilityNodeInfoDumper: Skipping invisible child: android.view.accessibility.AccessibilityNodeInfo@147c0; boundsInParent: Rect(0, 0 - 1209, 336); boundsInScreen: Rect(36, 2694 - 1245, 2460); boundsInWindow: Rect(36, 2694 - 1245, 2460); packageName: dev.quickapp.kit.android; className: android.widget.FrameLayout; text: null; error: null; maxTextLength: -1; stateDescription: null; contentDescription: null; tooltipText: null; containerTitle: null; viewIdResName: null; uniqueId: null; checkable: false; checked: false; focusable: false; focused: false; selected: false; clickable: false; longClickable: false; contextClickable: false; enabled: true; password: false; scrollable: false; granularScrollingSupported: false; importantForAccessibility: false; visible: false; actions: [AccessibilityAction: ACTION_SELECT - null, AccessibilityAction: ACTION_CLEAR_SELECTION - null, AccessibilityAction: ACTION_ACCESSIBILITY_FOCUS - null, AccessibilityAction: ACTION_SHOW_ON_SCREEN - null]; isTextSelectable: false
08-26 14:44:00.210 17444 17444 I AccessibilityNodeInfoDumper: Skipping invisible child: android.view.accessibility.AccessibilityNodeInfo@16207; boundsInParent: Rect(0, 0 - 1209, 336); boundsInScreen: Rect(36, 3054 - 1245, 2460); boundsInWindow: Rect(36, 3054 - 1245, 2460); packageName: dev.quickapp.kit.android; className: android.widget.FrameLayout; text: null; error: null; maxTextLength: -1; stateDescription: null; contentDescription: null; tooltipText: null; containerTitle: null; viewIdResName: null; uniqueId: null; checkable: false; checked: false; focusable: false; focused: false; selected: false; clickable: false; longClickable: false; contextClickable: false; enabled: true; password: false; scrollable: false; granularScrollingSupported: false; importantForAccessibility: false; visible: false; actions: [AccessibilityAction: ACTION_SELECT - null, AccessibilityAction: ACTION_CLEAR_SELECTION - null, AccessibilityAction: ACTION_ACCESSIBILITY_FOCUS - null, AccessibilityAction: ACTION_SHOW_ON_SCREEN - null]; isTextSelectable: false
08-26 14:44:00.210 17444 17444 I AccessibilityNodeInfoDumper: Skipping invisible child: android.view.accessibility.AccessibilityNodeInfo@17c4e; boundsInParent: Rect(0, 0 - 1209, 336); boundsInScreen: Rect(36, 3414 - 1245, 2460); boundsInWindow: Rect(36, 3414 - 1245, 2460); packageName: dev.quickapp.kit.android; className: android.widget.FrameLayout; text: null; error: null; maxTextLength: -1; stateDescription: null; contentDescription: null; tooltipText: null; containerTitle: null; viewIdResName: null; uniqueId: null; checkable: false; checked: false; focusable: false; focused: false; selected: false; clickable: false; longClickable: false; contextClickable: false; enabled: true; password: false; scrollable: false; granularScrollingSupported: false; importantForAccessibility: false; visible: false; actions: [AccessibilityAction: ACTION_SELECT - null, AccessibilityAction: ACTION_CLEAR_SELECTION - null, AccessibilityAction: ACTION_ACCESSIBILITY_FOCUS - null, AccessibilityAction: ACTION_SHOW_ON_SCREEN - null]; isTextSelectable: false
08-26 14:44:00.210 17444 17444 I AccessibilityNodeInfoDumper: Skipping invisible child: android.view.accessibility.AccessibilityNodeInfo@19695; boundsInParent: Rect(0, 0 - 1209, 336); boundsInScreen: Rect(36, 3774 - 1245, 2460); boundsInWindow: Rect(36, 3774 - 1245, 2460); packageName: dev.quickapp.kit.android; className: android.widget.FrameLayout; text: null; error: null; maxTextLength: -1; stateDescription: null; contentDescription: null; tooltipText: null; containerTitle: null; viewIdResName: null; uniqueId: null; checkable: false; checked: false; focusable: false; focused: false; selected: false; clickable: false; longClickable: false; contextClickable: false; enabled: true; password: false; scrollable: false; granularScrollingSupported: false; importantForAccessibility: false; visible: false; actions: [AccessibilityAction: ACTION_SELECT - null, AccessibilityAction: ACTION_CLEAR_SELECTION - null, AccessibilityAction: ACTION_ACCESSIBILITY_FOCUS - null, AccessibilityAction: ACTION_SHOW_ON_SCREEN - null]; isTextSelectable: false
08-26 14:44:00.210 17444 17444 I AccessibilityNodeInfoDumper: Skipping invisible child: android.view.accessibility.AccessibilityNodeInfo@1b0dc; boundsInParent: Rect(0, 0 - 1209, 336); boundsInScreen: Rect(36, 4134 - 1245, 2460); boundsInWindow: Rect(36, 4134 - 1245, 2460); packageName: dev.quickapp.kit.android; className: android.widget.FrameLayout; text: null; error: null; maxTextLength: -1; stateDescription: null; contentDescription: null; tooltipText: null; containerTitle: null; viewIdResName: null; uniqueId: null; checkable: false; checked: false; focusable: false; focused: false; selected: false; clickable: false; longClickable: false; contextClickable: false; enabled: true; password: false; scrollable: false; granularScrollingSupported: false; importantForAccessibility: false; visible: false; actions: [AccessibilityAction: ACTION_SELECT - null, AccessibilityAction: ACTION_CLEAR_SELECTION - null, AccessibilityAction: ACTION_ACCESSIBILITY_FOCUS - null, AccessibilityAction: ACTION_SHOW_ON_SCREEN - null]; isTextSelectable: false
08-26 14:44:00.210 17444 17444 I AccessibilityNodeInfoDumper: Skipping invisible child: android.view.accessibility.AccessibilityNodeInfo@1cb23; boundsInParent: Rect(0, 0 - 1209, 336); boundsInScreen: Rect(36, 4494 - 1245, 2460); boundsInWindow: Rect(36, 4494 - 1245, 2460); packageName: dev.quickapp.kit.android; className: android.widget.FrameLayout; text: null; error: null; maxTextLength: -1; stateDescription: null; contentDescription: null; tooltipText: null; containerTitle: null; viewIdResName: null; uniqueId: null; checkable: false; checked: false; focusable: false; focused: false; selected: false; clickable: false; longClickable: false; contextClickable: false; enabled: true; password: false; scrollable: false; granularScrollingSupported: false; importantForAccessibility: false; visible: false; actions: [AccessibilityAction: ACTION_SELECT - null, AccessibilityAction: ACTION_CLEAR_SELECTION - null, AccessibilityAction: ACTION_ACCESSIBILITY_FOCUS - null, AccessibilityAction: ACTION_SHOW_ON_SCREEN - null]; isTextSelectable: false
08-26 14:44:00.211 17444 17444 I AccessibilityNodeInfoDumper: Skipping invisible child: android.view.accessibility.AccessibilityNodeInfo@1e56a; boundsInParent: Rect(0, 0 - 1209, 336); boundsInScreen: Rect(36, 4854 - 1245, 2460); boundsInWindow: Rect(36, 4854 - 1245, 2460); packageName: dev.quickapp.kit.android; className: android.widget.FrameLayout; text: null; error: null; maxTextLength: -1; stateDescription: null; contentDescription: null; tooltipText: null; containerTitle: null; viewIdResName: null; uniqueId: null; checkable: false; checked: false; focusable: false; focused: false; selected: false; clickable: false; longClickable: false; contextClickable: false; enabled: true; password: false; scrollable: false; granularScrollingSupported: false; importantForAccessibility: false; visible: false; actions: [AccessibilityAction: ACTION_SELECT - null, AccessibilityAction: ACTION_CLEAR_SELECTION - null, AccessibilityAction: ACTION_ACCESSIBILITY_FOCUS - null, AccessibilityAction: ACTION_SHOW_ON_SCREEN - null]; isTextSelectable: false
08-26 14:44:00.211 17444 17444 I AccessibilityNodeInfoDumper: Skipping invisible child: android.view.accessibility.AccessibilityNodeInfo@1ffb1; boundsInParent: Rect(0, 0 - 1209, 336); boundsInScreen: Rect(36, 5214 - 1245, 2460); boundsInWindow: Rect(36, 5214 - 1245, 2460); packageName: dev.quickapp.kit.android; className: android.widget.FrameLayout; text: null; error: null; maxTextLength: -1; stateDescription: null; contentDescription: null; tooltipText: null; containerTitle: null; viewIdResName: null; uniqueId: null; checkable: false; checked: false; focusable: false; focused: false; selected: false; clickable: false; longClickable: false; contextClickable: false; enabled: true; password: false; scrollable: false; granularScrollingSupported: false; importantForAccessibility: false; visible: false; actions: [AccessibilityAction: ACTION_SELECT - null, AccessibilityAction: ACTION_CLEAR_SELECTION - null, AccessibilityAction: ACTION_ACCESSIBILITY_FOCUS - null, AccessibilityAction: ACTION_SHOW_ON_SCREEN - null]; isTextSelectable: false
08-26 14:44:00.211 17444 17444 I AccessibilityNodeInfoDumper: Skipping invisible child: android.view.accessibility.AccessibilityNodeInfo@219f8; boundsInParent: Rect(0, 0 - 1209, 336); boundsInScreen: Rect(36, 5574 - 1245, 2460); boundsInWindow: Rect(36, 5574 - 1245, 2460); packageName: dev.quickapp.kit.android; className: android.widget.FrameLayout; text: null; error: null; maxTextLength: -1; stateDescription: null; contentDescription: null; tooltipText: null; containerTitle: null; viewIdResName: null; uniqueId: null; checkable: false; checked: false; focusable: false; focused: false; selected: false; clickable: false; longClickable: false; contextClickable: false; enabled: true; password: false; scrollable: false; granularScrollingSupported: false; importantForAccessibility: false; visible: false; actions: [AccessibilityAction: ACTION_SELECT - null, AccessibilityAction: ACTION_CLEAR_SELECTION - null, AccessibilityAction: ACTION_ACCESSIBILITY_FOCUS - null, AccessibilityAction: ACTION_SHOW_ON_SCREEN - null]; isTextSelectable: false
08-26 14:44:00.211 17444 17444 I AccessibilityNodeInfoDumper: Skipping invisible child: android.view.accessibility.AccessibilityNodeInfo@2343f; boundsInParent: Rect(0, 0 - 1209, 336); boundsInScreen: Rect(36, 5934 - 1245, 2460); boundsInWindow: Rect(36, 5934 - 1245, 2460); packageName: dev.quickapp.kit.android; className: android.widget.FrameLayout; text: null; error: null; maxTextLength: -1; stateDescription: null; contentDescription: null; tooltipText: null; containerTitle: null; viewIdResName: null; uniqueId: null; checkable: false; checked: false; focusable: false; focused: false; selected: false; clickable: false; longClickable: false; contextClickable: false; enabled: true; password: false; scrollable: false; granularScrollingSupported: false; importantForAccessibility: false; visible: false; actions: [AccessibilityAction: ACTION_SELECT - null, AccessibilityAction: ACTION_CLEAR_SELECTION - null, AccessibilityAction: ACTION_ACCESSIBILITY_FOCUS - null, AccessibilityAction: ACTION_SHOW_ON_SCREEN - null]; isTextSelectable: false
08-26 14:44:00.211 17444 17444 I AccessibilityNodeInfoDumper: Skipping invisible child: android.view.accessibility.AccessibilityNodeInfo@24e86; boundsInParent: Rect(0, 0 - 1209, 336); boundsInScreen: Rect(36, 6294 - 1245, 2460); boundsInWindow: Rect(36, 6294 - 1245, 2460); packageName: dev.quickapp.kit.android; className: android.widget.FrameLayout; text: null; error: null; maxTextLength: -1; stateDescription: null; contentDescription: null; tooltipText: null; containerTitle: null; viewIdResName: null; uniqueId: null; checkable: false; checked: false; focusable: false; focused: false; selected: false; clickable: false; longClickable: false; contextClickable: false; enabled: true; password: false; scrollable: false; granularScrollingSupported: false; importantForAccessibility: false; visible: false; actions: [AccessibilityAction: ACTION_SELECT - null, AccessibilityAction: ACTION_CLEAR_SELECTION - null, AccessibilityAction: ACTION_ACCESSIBILITY_FOCUS - null, AccessibilityAction: ACTION_SHOW_ON_SCREEN - null]; isTextSelectable: false
08-26 14:44:00.211 17444 17444 I AccessibilityNodeInfoDumper: Skipping invisible child: android.view.accessibility.AccessibilityNodeInfo@268cd; boundsInParent: Rect(0, 0 - 1209, 336); boundsInScreen: Rect(36, 6654 - 1245, 2460); boundsInWindow: Rect(36, 6654 - 1245, 2460); packageName: dev.quickapp.kit.android; className: android.widget.FrameLayout; text: null; error: null; maxTextLength: -1; stateDescription: null; contentDescription: null; tooltipText: null; containerTitle: null; viewIdResName: null; uniqueId: null; checkable: false; checked: false; focusable: false; focused: false; selected: false; clickable: false; longClickable: false; contextClickable: false; enabled: true; password: false; scrollable: false; granularScrollingSupported: false; importantForAccessibility: false; visible: false; actions: [AccessibilityAction: ACTION_SELECT - null, AccessibilityAction: ACTION_CLEAR_SELECTION - null, AccessibilityAction: ACTION_ACCESSIBILITY_FOCUS - null, AccessibilityAction: ACTION_SHOW_ON_SCREEN - null]; isTextSelectable: false
08-26 14:44:00.211 17444 17444 I AccessibilityNodeInfoDumper: Skipping invisible child: android.view.accessibility.AccessibilityNodeInfo@28314; boundsInParent: Rect(0, 0 - 1209, 336); boundsInScreen: Rect(36, 7014 - 1245, 2460); boundsInWindow: Rect(36, 7014 - 1245, 2460); packageName: dev.quickapp.kit.android; className: android.widget.FrameLayout; text: null; error: null; maxTextLength: -1; stateDescription: null; contentDescription: null; tooltipText: null; containerTitle: null; viewIdResName: null; uniqueId: null; checkable: false; checked: false; focusable: false; focused: false; selected: false; clickable: false; longClickable: false; contextClickable: false; enabled: true; password: false; scrollable: false; granularScrollingSupported: false; importantForAccessibility: false; visible: false; actions: [AccessibilityAction: ACTION_SELECT - null, AccessibilityAction: ACTION_CLEAR_SELECTION - null, AccessibilityAction: ACTION_ACCESSIBILITY_FOCUS - null, AccessibilityAction: ACTION_SHOW_ON_SCREEN - null]; isTextSelectable: false
08-26 14:44:00.211 17444 17444 I AccessibilityNodeInfoDumper: Skipping invisible child: android.view.accessibility.AccessibilityNodeInfo@29d5b; boundsInParent: Rect(0, 0 - 1209, 336); boundsInScreen: Rect(36, 7374 - 1245, 2460); boundsInWindow: Rect(36, 7374 - 1245, 2460); packageName: dev.quickapp.kit.android; className: android.widget.FrameLayout; text: null; error: null; maxTextLength: -1; stateDescription: null; contentDescription: null; tooltipText: null; containerTitle: null; viewIdResName: null; uniqueId: null; checkable: false; checked: false; focusable: false; focused: false; selected: false; clickable: false; longClickable: false; contextClickable: false; enabled: true; password: false; scrollable: false; granularScrollingSupported: false; importantForAccessibility: false; visible: false; actions: [AccessibilityAction: ACTION_SELECT - null, AccessibilityAction: ACTION_CLEAR_SELECTION - null, AccessibilityAction: ACTION_ACCESSIBILITY_FOCUS - null, AccessibilityAction: ACTION_SHOW_ON_SCREEN - null]; isTextSelectable: false
08-26 14:44:00.211 17444 17444 I AccessibilityNodeInfoDumper: Skipping invisible child: android.view.accessibility.AccessibilityNodeInfo@2b7a2; boundsInParent: Rect(0, 0 - 1209, 336); boundsInScreen: Rect(36, 7734 - 1245, 2460); boundsInWindow: Rect(36, 7734 - 1245, 2460); packageName: dev.quickapp.kit.android; className: android.widget.FrameLayout; text: null; error: null; maxTextLength: -1; stateDescription: null; contentDescription: null; tooltipText: null; containerTitle: null; viewIdResName: null; uniqueId: null; checkable: false; checked: false; focusable: false; focused: false; selected: false; clickable: false; longClickable: false; contextClickable: false; enabled: true; password: false; scrollable: false; granularScrollingSupported: false; importantForAccessibility: false; visible: false; actions: [AccessibilityAction: ACTION_SELECT - null, AccessibilityAction: ACTION_CLEAR_SELECTION - null, AccessibilityAction: ACTION_ACCESSIBILITY_FOCUS - null, AccessibilityAction: ACTION_SHOW_ON_SCREEN - null]; isTextSelectable: false
08-26 14:44:00.217 17444 17444 W AccessibilityNodeInfoDumper: Fetch time: 192ms
08-26 14:44:00.218   657  2047 V AccessibilityManagerService: onUserStateChangedLocked for userId: 0, forceUpdate: false
08-26 14:44:00.220   657  2047 V AccessibilityUserState: updateShortcutTargets: type:accessibility_shortcut_target_service, current:{}, new:{}
08-26 14:44:00.220   657  2047 V AccessibilityUserState: updateShortcutTargets: type:accessibility_button_targets, current:{}, new:{}
08-26 14:44:00.220   657  2047 V AccessibilityUserState: updateShortcutTargets: type:accessibility_gesture_targets, current:{}, new:{}
08-26 14:44:00.220   657  2047 V AccessibilityUserState: updateShortcutTargets: type:accessibility_qs_targets, current:{}, new:{}
08-26 14:44:00.220   657  2047 V AccessibilityUserState: updateShortcutTargets: type:accessibility_key_gesture_targets, current:{}, new:{}
08-26 14:44:00.220   657  2047 V AccessibilityUserState: updateShortcutTargets: type:accessibility_top_row_key_targets, current:{}, new:{}
08-26 14:44:00.220   657  2047 V AccessibilityUserState: updateShortcutTargets: type:accessibility_quick_access_targets, current:{}, new:{}
08-26 14:44:00.220   657  2047 W MagnificationConnectionManager: requestConnection duplicated request: connect=false, mConnectionState=DISCONNECTED
08-26 14:44:00.220   657  2047 D AccessibilityManagerService: restoreCurrentUserForTestAutomationIfNeededLocked(): ignoring because device doesn't support visible background users
08-26 14:44:00.220   657   657 W libbinder.IPCThreadState: Sending oneway calls to frozen process.
08-26 14:44:00.220   657   657 W libbinder.IPCThreadState: Sending oneway calls to frozen process.
08-26 14:44:00.220   657   657 W libbinder.IPCThreadState: Sending oneway calls to frozen process.
08-26 14:44:00.220   657   657 W libbinder.IPCThreadState: Sending oneway calls to frozen process.
08-26 14:44:00.220   657   657 W libbinder.IPCThreadState: Sending oneway calls to frozen process.
08-26 14:44:00.220   657   657 W libbinder.IPCThreadState: Sending oneway calls to frozen process.
08-26 14:44:00.220   657   657 W libbinder.IPCThreadState: Sending oneway calls to frozen process.
08-26 14:44:00.220   657   657 W libbinder.IPCThreadState: Sending oneway calls to frozen process.
08-26 14:44:00.220   657   657 W libbinder.IPCThreadState: Sending oneway calls to frozen process.
08-26 14:44:00.220   657   657 W libbinder.IPCThreadState: Sending oneway calls to frozen process.
08-26 14:44:00.220   657   657 W libbinder.IPCThreadState: Sending oneway calls to frozen process.
08-26 14:44:00.220   657   657 W libbinder.IPCThreadState: Sending oneway calls to frozen process.
08-26 14:44:00.221   657   657 W libbinder.IPCThreadState: Sending oneway calls to frozen process.
08-26 14:44:00.221  1777  2828 I AiAiEcho: Settings changed for uri: content://settings/secure/accessibility_enabled
08-26 14:44:00.221   657   657 W libbinder.IPCThreadState: Sending oneway calls to frozen process.
08-26 14:44:00.221   657   657 W libbinder.IPCThreadState: Sending oneway calls to frozen process.
08-26 14:44:00.221  1777  1991 I AiAiEcho: Predicting[0]:  [CONTEXT sampling_count=5 ]
08-26 14:44:00.221  1777  1991 I AiAiEcho: EchoTargets: 
08-26 14:44:00.221  1777  1991 I AiAiEcho: Filtered by AiAi flag check: 
08-26 14:44:00.221  1777  1991 I AiAiEcho: [CONTEXT ratelimit_period="10 SECONDS" ]
08-26 14:44:00.221   657   657 W libbinder.IPCThreadState: Sending oneway calls to frozen process.
08-26 14:44:00.221   657   657 W libbinder.IPCThreadState: Sending oneway calls to frozen process.
08-26 14:44:00.221   657   657 W libbinder.IPCThreadState: Sending oneway calls to frozen process.
08-26 14:44:00.221  1777  1991 I AiAiEcho: #remoteViewsTwiddler: feature disabled.
08-26 14:44:00.221  1777  1991 I AiAiEcho: #postPredictionTargets: Sending updates to UISurface home with targets# 0 (types=[])
08-26 14:44:00.221   657   657 D BatterySaverPolicy: accessibility changed to false, updating policy.
08-26 14:44:00.223 17444 17444 D AndroidRuntime: Shutting down VM
08-26 14:44:00.223 17444 17453 W libbinder.IPCThreadState: call to talkWithDriver in joinThreadPool returned error: -9 (Bad file descriptor), FD: -1
08-26 14:44:00.224 17444 17454 W libbinder.IPCThreadState: call to talkWithDriver in joinThreadPool returned error: -9 (Bad file descriptor), FD: -1
08-26 14:44:00.224 17444 17462 W libbinder.IPCThreadState: call to talkWithDriver in joinThreadPool returned error: -9 (Bad file descriptor), FD: -1
08-26 14:44:00.230   492   492 W skia    : AGTM parsing failed flags.readFromStream(s) at 159
08-26 14:44:00.230   492   492 W skia    : AGTM parsing failed flags.readFromStream(s) at 159
08-26 14:44:00.230   492   492 W skia    : AGTM parsing failed flags.readFromStream(s) at 159
08-26 14:44:00.230   492   492 W skia    : AGTM parsing failed flags.readFromStream(s) at 159
08-26 14:44:00.230   492   492 W skia    : AGTM parsing failed flags.readFromStream(s) at 159
08-26 14:44:00.246   492   534 W skia    : AGTM parsing failed flags.readFromStream(s) at 159
08-26 14:44:00.275   492   492 W skia    : AGTM parsing failed flags.readFromStream(s) at 159
08-26 14:44:00.275   492   492 W skia    : AGTM parsing failed flags.readFromStream(s) at 159
08-26 14:44:00.275   492   492 W skia    : AGTM parsing failed flags.readFromStream(s) at 159
08-26 14:44:00.275   492   492 W skia    : AGTM parsing failed flags.readFromStream(s) at 159
08-26 14:44:00.275   492   492 W skia    : AGTM parsing failed flags.readFromStream(s) at 159
08-26 14:44:00.307   492   492 W skia    : AGTM parsing failed flags.readFromStream(s) at 159
08-26 14:44:00.307   492   492 W skia    : AGTM parsing failed flags.readFromStream(s) at 159
08-26 14:44:00.307   492   492 W skia    : AGTM parsing failed flags.readFromStream(s) at 159
08-26 14:44:00.307   492   492 W skia    : AGTM parsing failed flags.readFromStream(s) at 159
08-26 14:44:00.307   492   492 W skia    : AGTM parsing failed flags.readFromStream(s) at 159
08-26 14:44:00.313   438 17439 E android.hardware.audio@7.1-impl.ranchu: consumeThread: tinyalsa revents=0x000C
08-26 14:44:00.347   492   534 W skia    : AGTM parsing failed flags.readFromStream(s) at 159
08-26 14:44:00.735   438  2672 D android.hardware.audio@7.1-impl.ranchu: threadLoop: entering standby, frames: 14699968
08-26 14:44:00.735   438  2672 D android.hardware.audio@7.1-impl.ranchu: ~TinyalsaSink: joining consumeThread
08-26 14:44:00.735   438 17439 D android.hardware.audio@7.1-impl.ranchu: consumeThread: exiting
08-26 14:44:01.094   517   517 I adbd    : adbd service requested 'shell,v2,TERM=dumb,raw:cat /sdcard/commerce-category-v4.xml'
08-26 14:44:01.141   517   517 I adbd    : adbd service requested 'shell,v2,TERM=dumb:export ANDROID_LOG_TAGS=''; exec logcat '-d' '-t' '1000''
