--------- beginning of main
08-26 17:30:16.108   517   517 I adbd    : adbd service requested 'shell,v2,TERM=dumb,raw:input tap 246 618'
08-26 17:30:16.169 23349 23349 I QuickAppKit: android.input.click surface=srf:1 node=node:10
08-26 17:30:16.169 23349 23349 I QuickAppKit: android.event.click.received surface=srf:1 node=node:10
08-26 17:30:16.171 23349 23424 I QuickAppKit: android.event.js_callback posted=1 error=
08-26 17:30:16.171 23349 23424 I QuickAppKit: android.event.click.dispatched=1
08-26 17:30:16.174   657   794 W InputChannel-JNI: Channel already disposed.
08-26 17:30:16.174 23349 23425 I QuickAppKit: android.event.handler_execute surface=srf:1 handler=hdl:srf:1-1-blk:srf:1-2-if dispatched=1
08-26 17:30:16.178  5412  5412 I GoogleInputMethodService: GoogleInputMethodService.onFinishInput():2269 
08-26 17:30:16.178   657  2108 W AS.PlaybackActivityMon: No piid assigned for invalid/internal port id 16
08-26 17:30:16.180   657  1224 W AS.PlaybackActivityMon: No piid assigned for invalid/internal port id 16
08-26 17:30:16.182   492   492 W skia    : AGTM parsing failed flags.readFromStream(s) at 159
08-26 17:30:16.183  5412  5412 I Module  : DeviceLockedStatusModuleProvider$Module.updateDeviceLockedStatusInternal():127 repeatCheckTimes = 0, locked = false
08-26 17:30:16.185  5412  5412 I GoogleInputMethodService: GoogleInputMethodService.onStartInput():1454 onStartInput(EditorInfo{EditorInfo{packageName=dev.quickapp.kit.android, inputType=0, inputTypeString=NULL, enableLearning=false, autoCorrection=false, autoComplete=false, imeOptions=0, privateImeOptions=null, actionName=UNSPECIFIED, actionLabel=null, initialSelStart=-1, initialSelEnd=-1, initialCapsMode=0, label=null, fieldId=0, fieldName=null, extras=null, hintText=null, hintLocales=[]}}, false)
08-26 17:30:16.185  5412  5412 I AndroidIME: LatinIMEBase.updateInputViewCoverNavigation():321 Update input view padding, isNavbarOverInputWindow=true, bottom inset=144
08-26 17:30:16.185  5412  5412 I Module  : DeviceLockedStatusModuleProvider$Module.updateDeviceLockedStatusInternal():127 repeatCheckTimes = 1, locked = false
08-26 17:30:16.187   488   516 D AudioFlinger: mixer(0xb40078b88a03b790) throttle end: throttle time(42)
--------- beginning of system
08-26 17:30:16.189   657  1219 W PackageConfigPersister: App-specific configuration not found for packageName: dev.quickapp.kit.android and userId: 0
08-26 17:30:16.191 23349 23424 I QuickAppKit: android.native.mount surface=srf:1 operations=8
08-26 17:30:16.192 23349 23424 I QuickAppKit: android.platform.mount surface=srf:1 operations=8
08-26 17:30:16.192 23349 23349 I QuickAppKit: android.platform.mount.ui surface=srf:1
08-26 17:30:16.192 23349 23424 I QuickAppKit: android.render.submit surface=srf:1 transaction=txn:srf:1-1 revision=1 ok=1 error=
08-26 17:30:16.194 23349 23349 I QuickAppKit: android.platform.mount.result surface=srf:1 ok=true
08-26 17:30:16.194 23349 23349 I QuickAppKit: android.mount.result.received surface=srf:1 revision=1 attempt=mnt:2 source=txn:srf:1-1 mounted=1
08-26 17:30:16.198 23349 23424 I QuickAppKit: android.mount.result.accepted=1
08-26 17:30:16.222   492   534 W skia    : AGTM parsing failed flags.readFromStream(s) at 159
08-26 17:30:16.246   492   492 W skia    : AGTM parsing failed flags.readFromStream(s) at 159
08-26 17:30:16.298   492   492 W skia    : AGTM parsing failed flags.readFromStream(s) at 159
08-26 17:30:16.329   492   492 W skia    : AGTM parsing failed flags.readFromStream(s) at 159
08-26 17:30:16.359   492   534 W skia    : AGTM parsing failed flags.readFromStream(s) at 159
08-26 17:30:16.360   488   505 I APM_AudioPolicyManager: getNewOutputDevices io 13 recent device override {AUDIO_DEVICE_OUT_SPEAKER, @:}
08-26 17:30:16.380   492   492 W skia    : AGTM parsing failed flags.readFromStream(s) at 159
08-26 17:30:16.400   438 23655 E android.hardware.audio@7.1-impl.ranchu: consumeThread: tinyalsa revents=0x000C
08-26 17:30:16.415   492   492 W skia    : AGTM parsing failed flags.readFromStream(s) at 159
08-26 17:30:16.463   492   492 W skia    : AGTM parsing failed flags.readFromStream(s) at 159
08-26 17:30:16.471   492   534 W skia    : AGTM parsing failed flags.readFromStream(s) at 159
08-26 17:30:16.501   492   492 W skia    : AGTM parsing failed flags.readFromStream(s) at 159
08-26 17:30:16.531   438 23655 E android.hardware.audio@7.1-impl.ranchu: consumeThread: tinyalsa revents=0x000C
08-26 17:30:16.571   492   534 W skia    : AGTM parsing failed flags.readFromStream(s) at 159
08-26 17:30:17.227   517   517 I adbd    : adbd service requested 'exec:screencap '-p''
08-26 17:30:17.327 23659 23659 W libbinder.BackendUnifiedServiceManager: Thread Pool max thread count is 0. Cannot cache binder as linkToDeath cannot be implemented. serviceName: SurfaceFlingerAIDL
08-26 17:30:17.327 23659 23659 W libbinder.BpBinder: Linking to death on android.gui.ISurfaceComposer but there are no threads (yet?) listening to incoming transactions. See ProcessState::startThreadPool and ProcessState::setThreadPoolMaxThreadCount. Generally you should setup the binder threadpool before other initialization steps.
08-26 17:30:17.327 23659 23659 W libbinder.ProcessState: Extra binder thread started, but 0 threads requested. Do not use *startThreadPool when zero threads are requested.
08-26 17:30:17.335   492   534 W skia    : AGTM parsing failed flags.readFromStream(s) at 159
08-26 17:30:17.335   492   534 W skia    : AGTM parsing failed flags.readFromStream(s) at 159
08-26 17:30:17.335   492   534 W skia    : AGTM parsing failed flags.readFromStream(s) at 159
08-26 17:30:17.352 23659 23660 W libc    : Access denied finding property "vendor.mesa.virtgpu.kumquat"
08-26 17:30:17.506   517   517 I adbd    : adbd service requested 'shell,v2,TERM=dumb,raw:uiautomator dump /sdcard/jsabi-refresh.xml'
08-26 17:30:17.549 23661 23661 D AndroidRuntime: >>>>>> START com.android.internal.os.RuntimeInit uid 2000 <<<<<<
08-26 17:30:17.557 23661 23661 I AndroidRuntime: Using default boot image
08-26 17:30:17.557 23661 23661 I AndroidRuntime: Leaving lock profiling enabled
08-26 17:30:17.558 23661 23661 I app_process: Core platform API enforcement reporting only by runtime option
08-26 17:30:17.559 23661 23661 I app_process: Using generational CollectorTypeCMC GC.
08-26 17:30:17.597 23661 23661 D nativeloader: InitDefaultPublicLibraries for_preload=1: libandroid.so:libaaudio.so:libamidi.so:libbinder_ndk.so:libc.so:libcamera2ndk.so:libdl.so:libEGL.so:libGLESv1_CM.so:libGLESv2.so:libGLESv3.so:libicu.so:libicui18n.so:libicuuc.so:libjnigraphics.so:liblog.so:libmediandk.so:libm.so:libnativehelper.so:libnativewindow.so:libOpenMAXAL.so:libOpenSLES.so:libRS.so:libstdc++.so:libsync.so:libvulkan.so:libwebviewchromium_plat_support.so:libz.so
08-26 17:30:17.603 23661 23661 D nativeloader: Load libicu_jni.so using APEX ns com_android_art for caller /apex/com.android.art/javalib/core-oj.jar: ok
08-26 17:30:17.603 23661 23661 D app_process: u_setTimeZoneFilesDirectory("/apex/com.android.tzdata/etc/tz/versioned/10/icu") succeeded. 
08-26 17:30:17.603 23661 23661 D app_process: I18n APEX ICU file found: /apex/com.android.i18n/etc/icu/icudt78l.dat
08-26 17:30:17.604 23661 23661 D nativeloader: Load libjavacore.so using APEX ns com_android_art for caller /apex/com.android.art/javalib/core-oj.jar: ok
08-26 17:30:17.604 23661 23661 D nativeloader: Load libopenjdk.so using APEX ns com_android_art for caller /apex/com.android.art/javalib/core-oj.jar: ok
08-26 17:30:17.605 23661 23661 I app_process: Priority-to-niceness mapping: 19, 16, 13, 10, 0, -2, -4, -5, -6, -8
08-26 17:30:17.606 23661 23661 W app_process: ClassLoaderContext shared library size mismatch. Expected=2, found=0 (PCL[]{PCL[/system/framework/android.test.base.jar*1579129895]#PCL[/system/framework/android.test.mock.jar*1147775851]} | PCL[])
08-26 17:30:17.606 23661 23661 W app_process: ClassLoaderContext classpath size mismatch. expected=0, found=1 (PCL[]{PCL[/system/framework/android.test.runner.jar*2652887513]{PCL[/system/framework/android.test.base.jar*1579129895]#PCL[/system/framework/android.test.mock.jar*1147775851]}#PCL[/system/framework/android.test.base.jar*1579129895]} | PCL[/system/framework/android.test.runner.jar*2652887513])
08-26 17:30:17.620 23661 23661 D nativeloader: Load libframework-connectivity-tiramisu-jni.so using APEX ns com_android_tethering for caller /apex/com.android.tethering/javalib/framework-connectivity-t.jar: ok
08-26 17:30:17.621 23661 23661 D AndroidRuntime: Calling main entry com.android.commands.uiautomator.Launcher
08-26 17:30:17.622 23661 23661 I AconfigPackage: android.media.swcodec.flags is mapped to com.android.media.swcodec
08-26 17:30:17.623 23661 23661 I AconfigPackage: com.android.permission.flags is mapped to com.android.permission
08-26 17:30:17.623 23661 23661 I AconfigPackage: com.android.permissioncontroller.flags is mapped to com.android.permission
08-26 17:30:17.623 23661 23661 I AconfigPackage: com.google.android.widevine.flags is mapped to com.google.android.widevine
08-26 17:30:17.623 23661 23661 I AconfigPackage: com.android.icu is mapped to com.android.i18n
08-26 17:30:17.623 23661 23661 I AconfigPackage: com.android.appsearch.flags is mapped to com.android.appsearch
08-26 17:30:17.623 23661 23661 I AconfigPackage: com.android.uprobestats.flags is mapped to com.android.uprobestats
08-26 17:30:17.623 23661 23661 I AconfigPackage: android.uprobestats.mainline.flags is mapped to com.android.uprobestats
08-26 17:30:17.623 23661 23661 I AconfigPackage: com.android.crashrecovery.flags is mapped to com.android.crashrecovery
08-26 17:30:17.623 23661 23661 I AconfigPackage: android.provider.flags is mapped to com.android.configinfrastructure
08-26 17:30:17.623 23661 23661 I AconfigPackage: com.android.server.deviceconfig is mapped to com.android.configinfrastructure
08-26 17:30:17.623 23661 23661 I AconfigPackage: com.android.art.flags is mapped to com.android.art
08-26 17:30:17.623 23661 23661 I AconfigPackage: com.android.art.rw.flags is mapped to com.android.art
08-26 17:30:17.623 23661 23661 I AconfigPackage: com.android.libcore is mapped to com.android.art
08-26 17:30:17.623 23661 23661 I AconfigPackage: android.telecom.flags is mapped to com.android.telephonycore
08-26 17:30:17.623 23661 23661 I AconfigPackage: com.android.internal.telecom.flags is mapped to com.android.telephonycore
08-26 17:30:17.623 23661 23661 I AconfigPackage: com.android.telephony.flags is mapped to com.android.telephonycore
08-26 17:30:17.623 23661 23661 I AconfigPackage: com.android.media.extractor.flags is mapped to com.android.media
08-26 17:30:17.623 23661 23661 I AconfigPackage: com.android.media.metrics.flags is mapped to com.android.media
08-26 17:30:17.623 23661 23661 I AconfigPackage: com.android.media.mainline.flags is mapped to com.android.media
08-26 17:30:17.624 23661 23661 I AconfigPackage: com.android.wifi.flags is mapped to com.android.wifi
08-26 17:30:17.624 23661 23661 I AconfigPackage: com.android.org.conscrypt.flags is mapped to com.android.conscrypt
08-26 17:30:17.624 23661 23661 I AconfigPackage: com.android.org.conscrypt.net.flags is mapped to com.android.conscrypt
08-26 17:30:17.624 23661 23661 I AconfigPackage: com.android.healthfitness.flags is mapped to com.android.healthfitness
08-26 17:30:17.624 23661 23661 I AconfigPackage: com.android.healthfitness.beta is mapped to com.android.healthfitness
08-26 17:30:17.624 23661 23661 I AconfigPackage: com.android.ipsec.flags is mapped to com.android.ipsec
08-26 17:30:17.624 23661 23661 I AconfigPackage: com.android.nfc.module.flags is mapped to com.android.nfcservices
08-26 17:30:17.624 23661 23661 I AconfigPackage: com.android.nfc.module.nonexported.flags is mapped to com.android.nfcservices
08-26 17:30:17.624 23661 23661 I AconfigPackage: com.android.adservices.ondevicepersonalization.flags is mapped to com.android.ondevicepersonalization
08-26 17:30:17.624 23661 23661 I AconfigPackage: com.android.scheduling.flags is mapped to com.android.scheduling
08-26 17:30:17.624 23661 23661 I AconfigPackage: com.android.adbd.flags is mapped to com.android.adbd
08-26 17:30:17.624 23661 23661 I AconfigPackage: com.android.bluetooth.beta.flags is mapped to com.android.bt
08-26 17:30:17.624 23661 23661 I AconfigPackage: com.android.bluetooth.flags is mapped to com.android.bt
08-26 17:30:17.624 23661 23661 I AconfigPackage: com.android.devicelock.flags is mapped to com.android.devicelock
08-26 17:30:17.624 23661 23661 I AconfigPackage: android.os.profiling is mapped to com.android.profiling
08-26 17:30:17.624 23661 23661 I AconfigPackage: android.os.profiling.anomaly.beta.flags is mapped to com.android.profiling
08-26 17:30:17.624 23661 23661 I AconfigPackage: android.os.profiling.anomaly.flags is mapped to com.android.profiling
08-26 17:30:17.625 23661 23661 I AconfigPackage: com.android.os.statsd.flags is mapped to com.android.os.statsd
08-26 17:30:17.625 23661 23661 I AconfigPackage: com.android.webapp.flags is mapped to com.android.webapp
08-26 17:30:17.625 23661 23661 I AconfigPackage: com.android.rkpd.flags is mapped to com.android.rkpd
08-26 17:30:17.625 23661 23661 I AconfigPackage: com.android.cellbroadcastreceiver.flags is mapped to com.android.cellbroadcast
08-26 17:30:17.625 23661 23661 I AconfigPackage: com.android.adservices.flags is mapped to com.android.adservices
08-26 17:30:17.625 23661 23661 I AconfigPackage: com.android.sdksandbox.flags is mapped to com.android.adservices
08-26 17:30:17.625 23661 23661 I AconfigPackage: android.app.sdksandbox.flags is mapped to com.android.adservices
08-26 17:30:17.625 23661 23661 I AconfigPackage: com.android.uwb.flags is mapped to com.android.uwb
08-26 17:30:17.625 23661 23661 I AconfigPackage: com.android.ranging.flags is mapped to com.android.uwb
08-26 17:30:17.625 23661 23661 I AconfigPackage: com.android.npumanager is mapped to com.android.npumanager
08-26 17:30:17.625 23661 23661 I AconfigPackage: com.android.signature.flags is mapped to com.android.mediaprovider
08-26 17:30:17.625 23661 23661 I AconfigPackage: com.android.providers.media.flags is mapped to com.android.mediaprovider
08-26 17:30:17.625 23661 23661 I AconfigPackage: android.graphics.pdf.flags is mapped to com.android.mediaprovider
08-26 17:30:17.625 23661 23661 I AconfigPackage: android.graphics.pdf.flags.readonly is mapped to com.android.mediaprovider
08-26 17:30:17.625 23661 23661 I AconfigPackage: com.android.tethering.mainline.beta is mapped to com.android.tethering
08-26 17:30:17.625 23661 23661 I AconfigPackage: android.net.http is mapped to com.android.tethering
08-26 17:30:17.625 23661 23661 I AconfigPackage: com.android.tethering.readonly.flags is mapped to com.android.tethering
08-26 17:30:17.625 23661 23661 I AconfigPackage: android.net.vcn is mapped to com.android.tethering
08-26 17:30:17.625 23661 23661 I AconfigPackage: com.android.net.flags is mapped to com.android.tethering
08-26 17:30:17.625 23661 23661 I AconfigPackage: com.android.tethering.flags is mapped to com.android.tethering
08-26 17:30:17.625 23661 23661 I AconfigPackage: com.android.tethering.beta.test is mapped to com.android.tethering
08-26 17:30:17.625 23661 23661 I AconfigPackage: com.android.nearby.flags is mapped to com.android.tethering
08-26 17:30:17.625 23661 23661 I AconfigPackage: com.android.net.thread.flags is mapped to com.android.tethering
08-26 17:30:17.625 23661 23661 I AconfigPackage: android.net.http.flags is mapped to com.android.tethering
08-26 17:30:17.625 23661 23661 I AconfigPackage: com.android.system.virtualmachine.flags is mapped to com.android.virt
08-26 17:30:17.625 23661 23661 E FeatureFlagsImplExport: android.os.flagging.AconfigStorageReadException: ERROR_PACKAGE_NOT_FOUND: package android.xr cannot be found on the device
08-26 17:30:17.627 23661 23661 D UiAutomationConnection: Created on user UserHandle{0}
08-26 17:30:17.627 23661 23661 I UiAutomation: Initialized for user 0 on display 0
08-26 17:30:17.627 23661 23661 W UiAutomation: Created with deprecatead constructor, assumes DEFAULT_DISPLAY
08-26 17:30:17.628   657   925 D AccessibilityManagerService: changeCurrentUserForTestAutomationIfNeededLocked(0): ignoring because device doesn't support visible background users
08-26 17:30:17.628   657   925 I UiAutomationManager: Registering UiTestAutomationService (id=com.android.server.accessibility/UiAutomation, flags=0x0) when called by user 0
08-26 17:30:17.628   657   925 V AccessibilityManagerService: onUserStateChangedLocked for userId: 0, forceUpdate: false
08-26 17:30:17.629   657   925 V AccessibilityUserState: updateShortcutTargets: type:accessibility_shortcut_target_service, current:{}, new:{}
08-26 17:30:17.629   657   925 V AccessibilityUserState: updateShortcutTargets: type:accessibility_button_targets, current:{}, new:{}
08-26 17:30:17.629   657   925 V AccessibilityUserState: updateShortcutTargets: type:accessibility_gesture_targets, current:{}, new:{}
08-26 17:30:17.629   657   925 V AccessibilityUserState: updateShortcutTargets: type:accessibility_qs_targets, current:{}, new:{}
08-26 17:30:17.629   657   925 V AccessibilityUserState: updateShortcutTargets: type:accessibility_key_gesture_targets, current:{}, new:{}
08-26 17:30:17.629   657   925 V AccessibilityUserState: updateShortcutTargets: type:accessibility_top_row_key_targets, current:{}, new:{}
08-26 17:30:17.629   657   925 V AccessibilityUserState: updateShortcutTargets: type:accessibility_quick_access_targets, current:{}, new:{}
08-26 17:30:17.629   657   925 W MagnificationConnectionManager: requestConnection duplicated request: connect=false, mConnectionState=DISCONNECTED
08-26 17:30:17.630  1777  8087 I AiAiEcho: Settings changed for uri: content://settings/secure/accessibility_enabled
08-26 17:30:17.631   657   657 W libbinder.IPCThreadState: Sending oneway calls to frozen process.
08-26 17:30:17.631   657   657 W libbinder.IPCThreadState: Sending oneway calls to frozen process.
08-26 17:30:17.631   657   657 W libbinder.IPCThreadState: Sending oneway calls to frozen process.
08-26 17:30:17.631   657   657 W libbinder.IPCThreadState: Sending oneway calls to frozen process.
08-26 17:30:17.631   657   657 W libbinder.IPCThreadState: Sending oneway calls to frozen process.
08-26 17:30:17.631   657   657 W libbinder.IPCThreadState: Sending oneway calls to frozen process.
08-26 17:30:17.631   657   657 W libbinder.IPCThreadState: Sending oneway calls to frozen process.
08-26 17:30:17.631   657   657 W libbinder.IPCThreadState: Sending oneway calls to frozen process.
08-26 17:30:17.631   657   657 W libbinder.IPCThreadState: Sending oneway calls to frozen process.
08-26 17:30:17.631   657   657 W libbinder.IPCThreadState: Sending oneway calls to frozen process.
08-26 17:30:17.631   657   657 W libbinder.IPCThreadState: Sending oneway calls to frozen process.
08-26 17:30:17.634   657   657 W libbinder.IPCThreadState: Sending oneway calls to frozen process.
08-26 17:30:17.634   657   657 W libbinder.IPCThreadState: Sending oneway calls to frozen process.
08-26 17:30:17.634   657   657 W libbinder.IPCThreadState: Sending oneway calls to frozen process.
08-26 17:30:17.634   657   657 W libbinder.IPCThreadState: Sending oneway calls to frozen process.
08-26 17:30:17.634   657   657 W libbinder.IPCThreadState: Sending oneway calls to frozen process.
08-26 17:30:17.634   657   657 W libbinder.IPCThreadState: Sending oneway calls to frozen process.
08-26 17:30:17.634   657   657 W libbinder.IPCThreadState: Sending oneway calls to frozen process.
08-26 17:30:17.634   657   657 W libbinder.IPCThreadState: Sending oneway calls to frozen process.
08-26 17:30:17.634   657   657 W libbinder.IPCThreadState: Sending oneway calls to frozen process.
08-26 17:30:17.634   657   657 W libbinder.IPCThreadState: Sending oneway calls to frozen process.
08-26 17:30:17.634   657   657 D BatterySaverPolicy: accessibility changed to true, updating policy.
08-26 17:30:17.634   657  2108 V AccessibilityManagerService: onUserStateChangedLocked for userId: 0, forceUpdate: false
08-26 17:30:17.635   657  2108 V AccessibilityUserState: updateShortcutTargets: type:accessibility_shortcut_target_service, current:{}, new:{}
08-26 17:30:17.635   657  2108 V AccessibilityUserState: updateShortcutTargets: type:accessibility_button_targets, current:{}, new:{}
08-26 17:30:17.635   657  2108 V AccessibilityUserState: updateShortcutTargets: type:accessibility_gesture_targets, current:{}, new:{}
08-26 17:30:17.635   657  2108 V AccessibilityUserState: updateShortcutTargets: type:accessibility_qs_targets, current:{}, new:{}
08-26 17:30:17.635   657  2108 V AccessibilityUserState: updateShortcutTargets: type:accessibility_key_gesture_targets, current:{}, new:{}
08-26 17:30:17.635   657  2108 V AccessibilityUserState: updateShortcutTargets: type:accessibility_top_row_key_targets, current:{}, new:{}
08-26 17:30:17.635   657  2108 V AccessibilityUserState: updateShortcutTargets: type:accessibility_quick_access_targets, current:{}, new:{}
08-26 17:30:17.635   657  2108 W MagnificationConnectionManager: requestConnection duplicated request: connect=false, mConnectionState=DISCONNECTED
08-26 17:30:17.635   657   657 W libbinder.IPCThreadState: Sending oneway calls to frozen process.
08-26 17:30:17.636   657   657 W libbinder.IPCThreadState: Sending oneway calls to frozen process.
08-26 17:30:17.636   657   657 W libbinder.IPCThreadState: Sending oneway calls to frozen process.
08-26 17:30:17.636   657   657 W libbinder.IPCThreadState: Sending oneway calls to frozen process.
08-26 17:30:17.636   657   657 W libbinder.IPCThreadState: Sending oneway calls to frozen process.
08-26 17:30:17.636   657   657 W libbinder.IPCThreadState: Sending oneway calls to frozen process.
08-26 17:30:17.636   657   657 W libbinder.IPCThreadState: Sending oneway calls to frozen process.
08-26 17:30:17.636   657   657 W libbinder.IPCThreadState: Sending oneway calls to frozen process.
08-26 17:30:17.636   657   657 W libbinder.IPCThreadState: Sending oneway calls to frozen process.
08-26 17:30:17.636   657   657 W libbinder.IPCThreadState: Sending oneway calls to frozen process.
08-26 17:30:17.636   657   657 W libbinder.IPCThreadState: Sending oneway calls to frozen process.
08-26 17:30:17.636   657   657 W libbinder.IPCThreadState: Sending oneway calls to frozen process.
08-26 17:30:17.636   657   657 W libbinder.IPCThreadState: Sending oneway calls to frozen process.
08-26 17:30:17.636   657   657 W libbinder.IPCThreadState: Sending oneway calls to frozen process.
08-26 17:30:17.637  1777  1810 I AiAiEcho: Settings changed for uri: content://settings/secure/accessibility_enabled
08-26 17:30:17.642  1777  1991 I AiAiEcho: Predicting[0]:  [CONTEXT sampling_count=5 ]
08-26 17:30:17.642  1777  1991 I AiAiEcho: EchoTargets: 
08-26 17:30:17.642  1777  1991 I AiAiEcho: Filtered by AiAi flag check: 
08-26 17:30:17.642  1777  1991 I AiAiEcho: [CONTEXT ratelimit_period="10 SECONDS" ]
08-26 17:30:17.644   657  2108 D AccessibilityManagerService: .getAccessibilityShortcutTargets {shortcutType=32, userId=0}
08-26 17:30:17.645  1777  1991 I AiAiEcho: #remoteViewsTwiddler: feature disabled.
08-26 17:30:17.645  1777  1991 I AiAiEcho: Predicting[0]:  [CONTEXT sampling_count=5 ]
08-26 17:30:17.645  1777  1991 I AiAiEcho: EchoTargets: 
08-26 17:30:17.645  1777  1991 I AiAiEcho: Filtered by AiAi flag check: 
08-26 17:30:17.645  1777  1991 I AiAiEcho: [CONTEXT ratelimit_period="10 SECONDS" ]
08-26 17:30:17.645  1777  1991 I AiAiEcho: #remoteViewsTwiddler: feature disabled.
08-26 17:30:17.646  1777  1991 I AiAiEcho: #postPredictionTargets: Sending updates to UISurface home with targets# 0 (types=[])
08-26 17:30:17.646   492   492 W skia    : AGTM parsing failed flags.readFromStream(s) at 159
08-26 17:30:17.646   492   492 W skia    : AGTM parsing failed flags.readFromStream(s) at 159
08-26 17:30:17.646   492   492 W skia    : AGTM parsing failed flags.readFromStream(s) at 159
08-26 17:30:17.646   492   492 W skia    : AGTM parsing failed flags.readFromStream(s) at 159
08-26 17:30:17.646   492   492 W skia    : AGTM parsing failed flags.readFromStream(s) at 159
08-26 17:30:17.648   492   534 W skia    : AGTM parsing failed flags.readFromStream(s) at 159
08-26 17:30:17.666  1777  1991 I AiAiEcho: #postPredictionTargets: Sending updates to UISurface home with targets# 0 (types=[])
08-26 17:30:17.680   492   492 W skia    : AGTM parsing failed flags.readFromStream(s) at 159
08-26 17:30:17.680   492   492 W skia    : AGTM parsing failed flags.readFromStream(s) at 159
08-26 17:30:17.680   492   492 W skia    : AGTM parsing failed flags.readFromStream(s) at 159
08-26 17:30:17.680   492   492 W skia    : AGTM parsing failed flags.readFromStream(s) at 159
08-26 17:30:17.680   492   492 W skia    : AGTM parsing failed flags.readFromStream(s) at 159
08-26 17:30:17.749   492   534 W skia    : AGTM parsing failed flags.readFromStream(s) at 159
08-26 17:30:18.666  1725  2732 W MediaProvider: isAppCloneUserPair for user 0: false
08-26 17:30:18.707 23661 23661 I AccessibilityNodeInfoDumper: Skipping invisible child: android.view.accessibility.AccessibilityNodeInfo@138f7; boundsInParent: Rect(0, 0 - 549, 45); boundsInScreen: Rect(291, 2484 - 840, 2460); boundsInWindow: Rect(291, 2484 - 840, 2460); packageName: dev.quickapp.kit.android; className: android.widget.TextView; text: 出行 / 热卖; error: null; maxTextLength: -1; stateDescription: null; contentDescription: null; tooltipText: null; containerTitle: null; viewIdResName: null; uniqueId: null; checkable: false; checked: false; focusable: false; focused: false; selected: false; clickable: false; longClickable: false; contextClickable: false; enabled: true; password: false; scrollable: false; granularScrollingSupported: false; importantForAccessibility: true; visible: false; actions: [AccessibilityAction: ACTION_SELECT - null, AccessibilityAction: ACTION_CLEAR_SELECTION - null, AccessibilityAction: ACTION_ACCESSIBILITY_FOCUS - null, AccessibilityAction: ACTION_NEXT_AT_MOVEMENT_GRANULARITY - null, AccessibilityAction: ACTION_PREVIOUS_AT_MOVEMENT_GRANULARITY - null, AccessibilityAction: ACTION_SET_SELECTION - null, AccessibilityAction: ACTION_SHOW_ON_SCREEN - null]; isTextSelectable: false
08-26 17:30:18.707 23661 23661 I AccessibilityNodeInfoDumper: Skipping invisible child: android.view.accessibility.AccessibilityNodeInfo@13cb8; boundsInParent: Rect(0, 0 - 549, 45); boundsInScreen: Rect(291, 2529 - 840, 2460); boundsInWindow: Rect(291, 2529 - 840, 2460); packageName: dev.quickapp.kit.android; className: android.widget.TextView; text: 239 元; error: null; maxTextLength: -1; stateDescription: null; contentDescription: null; tooltipText: null; containerTitle: null; viewIdResName: null; uniqueId: null; checkable: false; checked: false; focusable: false; focused: false; selected: false; clickable: false; longClickable: false; contextClickable: false; enabled: true; password: false; scrollable: false; granularScrollingSupported: false; importantForAccessibility: true; visible: false; actions: [AccessibilityAction: ACTION_SELECT - null, AccessibilityAction: ACTION_CLEAR_SELECTION - null, AccessibilityAction: ACTION_ACCESSIBILITY_FOCUS - null, AccessibilityAction: ACTION_NEXT_AT_MOVEMENT_GRANULARITY - null, AccessibilityAction: ACTION_PREVIOUS_AT_MOVEMENT_GRANULARITY - null, AccessibilityAction: ACTION_SET_SELECTION - null, AccessibilityAction: ACTION_SHOW_ON_SCREEN - null]; isTextSelectable: false
08-26 17:30:18.708 23661 23661 I AccessibilityNodeInfoDumper: Skipping invisible child: android.view.accessibility.AccessibilityNodeInfo@1443a; boundsInParent: Rect(0, 0 - 1209, 336); boundsInScreen: Rect(36, 2694 - 1245, 2460); boundsInWindow: Rect(36, 2694 - 1245, 2460); packageName: dev.quickapp.kit.android; className: android.widget.FrameLayout; text: null; error: null; maxTextLength: -1; stateDescription: null; contentDescription: null; tooltipText: null; containerTitle: null; viewIdResName: null; uniqueId: null; checkable: false; checked: false; focusable: false; focused: false; selected: false; clickable: false; longClickable: false; contextClickable: false; enabled: true; password: false; scrollable: false; granularScrollingSupported: false; importantForAccessibility: false; visible: false; actions: [AccessibilityAction: ACTION_SELECT - null, AccessibilityAction: ACTION_CLEAR_SELECTION - null, AccessibilityAction: ACTION_ACCESSIBILITY_FOCUS - null, AccessibilityAction: ACTION_SHOW_ON_SCREEN - null]; isTextSelectable: false
08-26 17:30:18.708 23661 23661 I AccessibilityNodeInfoDumper: Skipping invisible child: android.view.accessibility.AccessibilityNodeInfo@15e81; boundsInParent: Rect(0, 0 - 1209, 336); boundsInScreen: Rect(36, 3054 - 1245, 2460); boundsInWindow: Rect(36, 3054 - 1245, 2460); packageName: dev.quickapp.kit.android; className: android.widget.FrameLayout; text: null; error: null; maxTextLength: -1; stateDescription: null; contentDescription: null; tooltipText: null; containerTitle: null; viewIdResName: null; uniqueId: null; checkable: false; checked: false; focusable: false; focused: false; selected: false; clickable: false; longClickable: false; contextClickable: false; enabled: true; password: false; scrollable: false; granularScrollingSupported: false; importantForAccessibility: false; visible: false; actions: [AccessibilityAction: ACTION_SELECT - null, AccessibilityAction: ACTION_CLEAR_SELECTION - null, AccessibilityAction: ACTION_ACCESSIBILITY_FOCUS - null, AccessibilityAction: ACTION_SHOW_ON_SCREEN - null]; isTextSelectable: false
08-26 17:30:18.708 23661 23661 I AccessibilityNodeInfoDumper: Skipping invisible child: android.view.accessibility.AccessibilityNodeInfo@178c8; boundsInParent: Rect(0, 0 - 1209, 336); boundsInScreen: Rect(36, 3414 - 1245, 2460); boundsInWindow: Rect(36, 3414 - 1245, 2460); packageName: dev.quickapp.kit.android; className: android.widget.FrameLayout; text: null; error: null; maxTextLength: -1; stateDescription: null; contentDescription: null; tooltipText: null; containerTitle: null; viewIdResName: null; uniqueId: null; checkable: false; checked: false; focusable: false; focused: false; selected: false; clickable: false; longClickable: false; contextClickable: false; enabled: true; password: false; scrollable: false; granularScrollingSupported: false; importantForAccessibility: false; visible: false; actions: [AccessibilityAction: ACTION_SELECT - null, AccessibilityAction: ACTION_CLEAR_SELECTION - null, AccessibilityAction: ACTION_ACCESSIBILITY_FOCUS - null, AccessibilityAction: ACTION_SHOW_ON_SCREEN - null]; isTextSelectable: false
08-26 17:30:18.708 23661 23661 I AccessibilityNodeInfoDumper: Skipping invisible child: android.view.accessibility.AccessibilityNodeInfo@1930f; boundsInParent: Rect(0, 0 - 1209, 336); boundsInScreen: Rect(36, 3774 - 1245, 2460); boundsInWindow: Rect(36, 3774 - 1245, 2460); packageName: dev.quickapp.kit.android; className: android.widget.FrameLayout; text: null; error: null; maxTextLength: -1; stateDescription: null; contentDescription: null; tooltipText: null; containerTitle: null; viewIdResName: null; uniqueId: null; checkable: false; checked: false; focusable: false; focused: false; selected: false; clickable: false; longClickable: false; contextClickable: false; enabled: true; password: false; scrollable: false; granularScrollingSupported: false; importantForAccessibility: false; visible: false; actions: [AccessibilityAction: ACTION_SELECT - null, AccessibilityAction: ACTION_CLEAR_SELECTION - null, AccessibilityAction: ACTION_ACCESSIBILITY_FOCUS - null, AccessibilityAction: ACTION_SHOW_ON_SCREEN - null]; isTextSelectable: false
08-26 17:30:18.708 23661 23661 I AccessibilityNodeInfoDumper: Skipping invisible child: android.view.accessibility.AccessibilityNodeInfo@1ad56; boundsInParent: Rect(0, 0 - 1209, 336); boundsInScreen: Rect(36, 4134 - 1245, 2460); boundsInWindow: Rect(36, 4134 - 1245, 2460); packageName: dev.quickapp.kit.android; className: android.widget.FrameLayout; text: null; error: null; maxTextLength: -1; stateDescription: null; contentDescription: null; tooltipText: null; containerTitle: null; viewIdResName: null; uniqueId: null; checkable: false; checked: false; focusable: false; focused: false; selected: false; clickable: false; longClickable: false; contextClickable: false; enabled: true; password: false; scrollable: false; granularScrollingSupported: false; importantForAccessibility: false; visible: false; actions: [AccessibilityAction: ACTION_SELECT - null, AccessibilityAction: ACTION_CLEAR_SELECTION - null, AccessibilityAction: ACTION_ACCESSIBILITY_FOCUS - null, AccessibilityAction: ACTION_SHOW_ON_SCREEN - null]; isTextSelectable: false
08-26 17:30:18.708 23661 23661 I AccessibilityNodeInfoDumper: Skipping invisible child: android.view.accessibility.AccessibilityNodeInfo@1c79d; boundsInParent: Rect(0, 0 - 1209, 336); boundsInScreen: Rect(36, 4494 - 1245, 2460); boundsInWindow: Rect(36, 4494 - 1245, 2460); packageName: dev.quickapp.kit.android; className: android.widget.FrameLayout; text: null; error: null; maxTextLength: -1; stateDescription: null; contentDescription: null; tooltipText: null; containerTitle: null; viewIdResName: null; uniqueId: null; checkable: false; checked: false; focusable: false; focused: false; selected: false; clickable: false; longClickable: false; contextClickable: false; enabled: true; password: false; scrollable: false; granularScrollingSupported: false; importantForAccessibility: false; visible: false; actions: [AccessibilityAction: ACTION_SELECT - null, AccessibilityAction: ACTION_CLEAR_SELECTION - null, AccessibilityAction: ACTION_ACCESSIBILITY_FOCUS - null, AccessibilityAction: ACTION_SHOW_ON_SCREEN - null]; isTextSelectable: false
08-26 17:30:18.708 23661 23661 I AccessibilityNodeInfoDumper: Skipping invisible child: android.view.accessibility.AccessibilityNodeInfo@1e1e4; boundsInParent: Rect(0, 0 - 1209, 336); boundsInScreen: Rect(36, 4854 - 1245, 2460); boundsInWindow: Rect(36, 4854 - 1245, 2460); packageName: dev.quickapp.kit.android; className: android.widget.FrameLayout; text: null; error: null; maxTextLength: -1; stateDescription: null; contentDescription: null; tooltipText: null; containerTitle: null; viewIdResName: null; uniqueId: null; checkable: false; checked: false; focusable: false; focused: false; selected: false; clickable: false; longClickable: false; contextClickable: false; enabled: true; password: false; scrollable: false; granularScrollingSupported: false; importantForAccessibility: false; visible: false; actions: [AccessibilityAction: ACTION_SELECT - null, AccessibilityAction: ACTION_CLEAR_SELECTION - null, AccessibilityAction: ACTION_ACCESSIBILITY_FOCUS - null, AccessibilityAction: ACTION_SHOW_ON_SCREEN - null]; isTextSelectable: false
08-26 17:30:18.709 23661 23661 I AccessibilityNodeInfoDumper: Skipping invisible child: android.view.accessibility.AccessibilityNodeInfo@1fc2b; boundsInParent: Rect(0, 0 - 1209, 336); boundsInScreen: Rect(36, 5214 - 1245, 2460); boundsInWindow: Rect(36, 5214 - 1245, 2460); packageName: dev.quickapp.kit.android; className: android.widget.FrameLayout; text: null; error: null; maxTextLength: -1; stateDescription: null; contentDescription: null; tooltipText: null; containerTitle: null; viewIdResName: null; uniqueId: null; checkable: false; checked: false; focusable: false; focused: false; selected: false; clickable: false; longClickable: false; contextClickable: false; enabled: true; password: false; scrollable: false; granularScrollingSupported: false; importantForAccessibility: false; visible: false; actions: [AccessibilityAction: ACTION_SELECT - null, AccessibilityAction: ACTION_CLEAR_SELECTION - null, AccessibilityAction: ACTION_ACCESSIBILITY_FOCUS - null, AccessibilityAction: ACTION_SHOW_ON_SCREEN - null]; isTextSelectable: false
08-26 17:30:18.709 23661 23661 I AccessibilityNodeInfoDumper: Skipping invisible child: android.view.accessibility.AccessibilityNodeInfo@21672; boundsInParent: Rect(0, 0 - 1209, 336); boundsInScreen: Rect(36, 5574 - 1245, 2460); boundsInWindow: Rect(36, 5574 - 1245, 2460); packageName: dev.quickapp.kit.android; className: android.widget.FrameLayout; text: null; error: null; maxTextLength: -1; stateDescription: null; contentDescription: null; tooltipText: null; containerTitle: null; viewIdResName: null; uniqueId: null; checkable: false; checked: false; focusable: false; focused: false; selected: false; clickable: false; longClickable: false; contextClickable: false; enabled: true; password: false; scrollable: false; granularScrollingSupported: false; importantForAccessibility: false; visible: false; actions: [AccessibilityAction: ACTION_SELECT - null, AccessibilityAction: ACTION_CLEAR_SELECTION - null, AccessibilityAction: ACTION_ACCESSIBILITY_FOCUS - null, AccessibilityAction: ACTION_SHOW_ON_SCREEN - null]; isTextSelectable: false
08-26 17:30:18.709 23661 23661 I AccessibilityNodeInfoDumper: Skipping invisible child: android.view.accessibility.AccessibilityNodeInfo@230b9; boundsInParent: Rect(0, 0 - 1209, 336); boundsInScreen: Rect(36, 5934 - 1245, 2460); boundsInWindow: Rect(36, 5934 - 1245, 2460); packageName: dev.quickapp.kit.android; className: android.widget.FrameLayout; text: null; error: null; maxTextLength: -1; stateDescription: null; contentDescription: null; tooltipText: null; containerTitle: null; viewIdResName: null; uniqueId: null; checkable: false; checked: false; focusable: false; focused: false; selected: false; clickable: false; longClickable: false; contextClickable: false; enabled: true; password: false; scrollable: false; granularScrollingSupported: false; importantForAccessibility: false; visible: false; actions: [AccessibilityAction: ACTION_SELECT - null, AccessibilityAction: ACTION_CLEAR_SELECTION - null, AccessibilityAction: ACTION_ACCESSIBILITY_FOCUS - null, AccessibilityAction: ACTION_SHOW_ON_SCREEN - null]; isTextSelectable: false
08-26 17:30:18.709 23661 23661 I AccessibilityNodeInfoDumper: Skipping invisible child: android.view.accessibility.AccessibilityNodeInfo@24b00; boundsInParent: Rect(0, 0 - 1209, 336); boundsInScreen: Rect(36, 6294 - 1245, 2460); boundsInWindow: Rect(36, 6294 - 1245, 2460); packageName: dev.quickapp.kit.android; className: android.widget.FrameLayout; text: null; error: null; maxTextLength: -1; stateDescription: null; contentDescription: null; tooltipText: null; containerTitle: null; viewIdResName: null; uniqueId: null; checkable: false; checked: false; focusable: false; focused: false; selected: false; clickable: false; longClickable: false; contextClickable: false; enabled: true; password: false; scrollable: false; granularScrollingSupported: false; importantForAccessibility: false; visible: false; actions: [AccessibilityAction: ACTION_SELECT - null, AccessibilityAction: ACTION_CLEAR_SELECTION - null, AccessibilityAction: ACTION_ACCESSIBILITY_FOCUS - null, AccessibilityAction: ACTION_SHOW_ON_SCREEN - null]; isTextSelectable: false
08-26 17:30:18.709 23661 23661 I AccessibilityNodeInfoDumper: Skipping invisible child: android.view.accessibility.AccessibilityNodeInfo@26547; boundsInParent: Rect(0, 0 - 1209, 336); boundsInScreen: Rect(36, 6654 - 1245, 2460); boundsInWindow: Rect(36, 6654 - 1245, 2460); packageName: dev.quickapp.kit.android; className: android.widget.FrameLayout; text: null; error: null; maxTextLength: -1; stateDescription: null; contentDescription: null; tooltipText: null; containerTitle: null; viewIdResName: null; uniqueId: null; checkable: false; checked: false; focusable: false; focused: false; selected: false; clickable: false; longClickable: false; contextClickable: false; enabled: true; password: false; scrollable: false; granularScrollingSupported: false; importantForAccessibility: false; visible: false; actions: [AccessibilityAction: ACTION_SELECT - null, AccessibilityAction: ACTION_CLEAR_SELECTION - null, AccessibilityAction: ACTION_ACCESSIBILITY_FOCUS - null, AccessibilityAction: ACTION_SHOW_ON_SCREEN - null]; isTextSelectable: false
08-26 17:30:18.709 23661 23661 I AccessibilityNodeInfoDumper: Skipping invisible child: android.view.accessibility.AccessibilityNodeInfo@27f8e; boundsInParent: Rect(0, 0 - 1209, 336); boundsInScreen: Rect(36, 7014 - 1245, 2460); boundsInWindow: Rect(36, 7014 - 1245, 2460); packageName: dev.quickapp.kit.android; className: android.widget.FrameLayout; text: null; error: null; maxTextLength: -1; stateDescription: null; contentDescription: null; tooltipText: null; containerTitle: null; viewIdResName: null; uniqueId: null; checkable: false; checked: false; focusable: false; focused: false; selected: false; clickable: false; longClickable: false; contextClickable: false; enabled: true; password: false; scrollable: false; granularScrollingSupported: false; importantForAccessibility: false; visible: false; actions: [AccessibilityAction: ACTION_SELECT - null, AccessibilityAction: ACTION_CLEAR_SELECTION - null, AccessibilityAction: ACTION_ACCESSIBILITY_FOCUS - null, AccessibilityAction: ACTION_SHOW_ON_SCREEN - null]; isTextSelectable: false
08-26 17:30:18.709 23661 23661 I AccessibilityNodeInfoDumper: Skipping invisible child: android.view.accessibility.AccessibilityNodeInfo@299d5; boundsInParent: Rect(0, 0 - 1209, 336); boundsInScreen: Rect(36, 7374 - 1245, 2460); boundsInWindow: Rect(36, 7374 - 1245, 2460); packageName: dev.quickapp.kit.android; className: android.widget.FrameLayout; text: null; error: null; maxTextLength: -1; stateDescription: null; contentDescription: null; tooltipText: null; containerTitle: null; viewIdResName: null; uniqueId: null; checkable: false; checked: false; focusable: false; focused: false; selected: false; clickable: false; longClickable: false; contextClickable: false; enabled: true; password: false; scrollable: false; granularScrollingSupported: false; importantForAccessibility: false; visible: false; actions: [AccessibilityAction: ACTION_SELECT - null, AccessibilityAction: ACTION_CLEAR_SELECTION - null, AccessibilityAction: ACTION_ACCESSIBILITY_FOCUS - null, AccessibilityAction: ACTION_SHOW_ON_SCREEN - null]; isTextSelectable: false
08-26 17:30:18.709 23661 23661 I AccessibilityNodeInfoDumper: Skipping invisible child: android.view.accessibility.AccessibilityNodeInfo@2b41c; boundsInParent: Rect(0, 0 - 1209, 336); boundsInScreen: Rect(36, 7734 - 1245, 2460); boundsInWindow: Rect(36, 7734 - 1245, 2460); packageName: dev.quickapp.kit.android; className: android.widget.FrameLayout; text: null; error: null; maxTextLength: -1; stateDescription: null; contentDescription: null; tooltipText: null; containerTitle: null; viewIdResName: null; uniqueId: null; checkable: false; checked: false; focusable: false; focused: false; selected: false; clickable: false; longClickable: false; contextClickable: false; enabled: true; password: false; scrollable: false; granularScrollingSupported: false; importantForAccessibility: false; visible: false; actions: [AccessibilityAction: ACTION_SELECT - null, AccessibilityAction: ACTION_CLEAR_SELECTION - null, AccessibilityAction: ACTION_ACCESSIBILITY_FOCUS - null, AccessibilityAction: ACTION_SHOW_ON_SCREEN - null]; isTextSelectable: false
08-26 17:30:18.715 23661 23661 W AccessibilityNodeInfoDumper: Fetch time: 61ms
08-26 17:30:18.717   657   670 V AccessibilityManagerService: onUserStateChangedLocked for userId: 0, forceUpdate: false
08-26 17:30:18.718   657   670 V AccessibilityUserState: updateShortcutTargets: type:accessibility_shortcut_target_service, current:{}, new:{}
08-26 17:30:18.718   657   670 V AccessibilityUserState: updateShortcutTargets: type:accessibility_button_targets, current:{}, new:{}
08-26 17:30:18.718   657   670 V AccessibilityUserState: updateShortcutTargets: type:accessibility_gesture_targets, current:{}, new:{}
08-26 17:30:18.718   657   670 V AccessibilityUserState: updateShortcutTargets: type:accessibility_qs_targets, current:{}, new:{}
08-26 17:30:18.718   657   670 V AccessibilityUserState: updateShortcutTargets: type:accessibility_key_gesture_targets, current:{}, new:{}
08-26 17:30:18.718   657   670 V AccessibilityUserState: updateShortcutTargets: type:accessibility_top_row_key_targets, current:{}, new:{}
08-26 17:30:18.718   657   670 V AccessibilityUserState: updateShortcutTargets: type:accessibility_quick_access_targets, current:{}, new:{}
08-26 17:30:18.718   657   670 W MagnificationConnectionManager: requestConnection duplicated request: connect=false, mConnectionState=DISCONNECTED
08-26 17:30:18.718  1777  8087 I AiAiEcho: Settings changed for uri: content://settings/secure/accessibility_enabled
08-26 17:30:18.718   657   670 D AccessibilityManagerService: restoreCurrentUserForTestAutomationIfNeededLocked(): ignoring because device doesn't support visible background users
08-26 17:30:18.718   657   657 W libbinder.IPCThreadState: Sending oneway calls to frozen process.
08-26 17:30:18.718  1777  1991 I AiAiEcho: Predicting[0]:  [CONTEXT sampling_count=5 ]
08-26 17:30:18.718  1777  1991 I AiAiEcho: EchoTargets: 
08-26 17:30:18.718  1777  1991 I AiAiEcho: Filtered by AiAi flag check: 
08-26 17:30:18.718  1777  1991 I AiAiEcho: [CONTEXT ratelimit_period="10 SECONDS" ]
08-26 17:30:18.718  1777  1991 I AiAiEcho: #remoteViewsTwiddler: feature disabled.
08-26 17:30:18.718  1777  1991 I AiAiEcho: #postPredictionTargets: Sending updates to UISurface home with targets# 0 (types=[])
08-26 17:30:18.719 23661 23670 W libbinder.IPCThreadState: call to talkWithDriver in joinThreadPool returned error: -9 (Bad file descriptor), FD: -1
08-26 17:30:18.719 23661 23674 W libbinder.IPCThreadState: call to talkWithDriver in joinThreadPool returned error: -9 (Bad file descriptor), FD: -1
08-26 17:30:18.719 23661 23671 W libbinder.IPCThreadState: call to talkWithDriver in joinThreadPool returned error: -9 (Bad file descriptor), FD: -1
08-26 17:30:18.719 23661 23661 D AndroidRuntime: Shutting down VM
08-26 17:30:18.719   657   657 W libbinder.IPCThreadState: Sending oneway calls to frozen process.
08-26 17:30:18.719   657   657 W libbinder.IPCThreadState: Sending oneway calls to frozen process.
08-26 17:30:18.719   657   657 W libbinder.IPCThreadState: Sending oneway calls to frozen process.
08-26 17:30:18.719   657   657 W libbinder.IPCThreadState: Sending oneway calls to frozen process.
08-26 17:30:18.719   657   657 W libbinder.IPCThreadState: Sending oneway calls to frozen process.
08-26 17:30:18.719   657   657 W libbinder.IPCThreadState: Sending oneway calls to frozen process.
08-26 17:30:18.719   657   657 W libbinder.IPCThreadState: Sending oneway calls to frozen process.
08-26 17:30:18.719   657   657 W libbinder.IPCThreadState: Sending oneway calls to frozen process.
08-26 17:30:18.719   657   657 W libbinder.IPCThreadState: Sending oneway calls to frozen process.
08-26 17:30:18.719   657   657 W libbinder.IPCThreadState: Sending oneway calls to frozen process.
08-26 17:30:18.720   657   657 W libbinder.IPCThreadState: Sending oneway calls to frozen process.
08-26 17:30:18.720   657   657 W libbinder.IPCThreadState: Sending oneway calls to frozen process.
08-26 17:30:18.720   657   657 W libbinder.IPCThreadState: Sending oneway calls to frozen process.
08-26 17:30:18.722   657   657 W libbinder.IPCThreadState: Sending oneway calls to frozen process.
08-26 17:30:18.722   657   657 W libbinder.IPCThreadState: Sending oneway calls to frozen process.
08-26 17:30:18.722   657   657 W libbinder.IPCThreadState: Sending oneway calls to frozen process.
08-26 17:30:18.722   657   657 W libbinder.IPCThreadState: Sending oneway calls to frozen process.
08-26 17:30:18.722   657   657 W libbinder.IPCThreadState: Sending oneway calls to frozen process.
08-26 17:30:18.722   657   657 W libbinder.IPCThreadState: Sending oneway calls to frozen process.
08-26 17:30:18.722   657   657 W libbinder.IPCThreadState: Sending oneway calls to frozen process.
08-26 17:30:18.723   657   657 D BatterySaverPolicy: accessibility changed to false, updating policy.
08-26 17:30:18.729   492   492 W skia    : AGTM parsing failed flags.readFromStream(s) at 159
08-26 17:30:18.729   492   492 W skia    : AGTM parsing failed flags.readFromStream(s) at 159
08-26 17:30:18.729   492   492 W skia    : AGTM parsing failed flags.readFromStream(s) at 159
08-26 17:30:18.729   492   492 W skia    : AGTM parsing failed flags.readFromStream(s) at 159
08-26 17:30:18.729   492   492 W skia    : AGTM parsing failed flags.readFromStream(s) at 159
08-26 17:30:18.744   492   534 W skia    : AGTM parsing failed flags.readFromStream(s) at 159
08-26 17:30:18.762   657  1937 D ActivityManager: sync unfroze 18438 com.google.android.gms for 6
08-26 17:30:18.763   492   492 W skia    : AGTM parsing failed flags.readFromStream(s) at 159
08-26 17:30:18.763   492   492 W skia    : AGTM parsing failed flags.readFromStream(s) at 159
08-26 17:30:18.763   492   492 W skia    : AGTM parsing failed flags.readFromStream(s) at 159
08-26 17:30:18.763   492   492 W skia    : AGTM parsing failed flags.readFromStream(s) at 159
08-26 17:30:18.763   492   492 W skia    : AGTM parsing failed flags.readFromStream(s) at 159
08-26 17:30:18.770   657  2108 W ProcessStats: Tracking association SourceState{f3da901 com.google.android.gms.persistent/10217 ImpBg #26035} whose proc state 6 is better than process ProcessState{66c077c com.google.android.gms/10217 pkg=com.google.android.gms} proc state 14 (0 skipped)
08-26 17:30:18.785  5147 23248 I NetworkScheduler.Stats: (REDACTED) Task %s/%s started execution. cause:%s exec_start_elapsed_seconds: %s
08-26 17:30:18.796   492   492 W skia    : AGTM parsing failed flags.readFromStream(s) at 159
08-26 17:30:18.796   492   492 W skia    : AGTM parsing failed flags.readFromStream(s) at 159
08-26 17:30:18.796   492   492 W skia    : AGTM parsing failed flags.readFromStream(s) at 159
08-26 17:30:18.796   492   492 W skia    : AGTM parsing failed flags.readFromStream(s) at 159
08-26 17:30:18.796   492   492 W skia    : AGTM parsing failed flags.readFromStream(s) at 159
08-26 17:30:18.799 18438 23675 I GmscoreIpa: Starting mediastore instant index [CONTEXT service_id=255 ]
08-26 17:30:18.801  5147 23616 I NetworkScheduler.Stats: (REDACTED) Task %s/%s finished executing. cause:%s result: %s elapsed_millis: %s uptime_millis: %s exec_start_elapsed_seconds: %s
08-26 17:30:18.835   492   534 W skia    : AGTM parsing failed flags.readFromStream(s) at 159
08-26 17:30:19.249   438  2672 D android.hardware.audio@7.1-impl.ranchu: threadLoop: entering standby, frames: 15863040
08-26 17:30:19.249   438  2672 D android.hardware.audio@7.1-impl.ranchu: ~TinyalsaSink: joining consumeThread
08-26 17:30:19.249   438 23655 D android.hardware.audio@7.1-impl.ranchu: consumeThread: exiting
08-26 17:30:19.589   517   517 I adbd    : adbd service requested 'shell,v2,TERM=dumb,raw:cat /sdcard/jsabi-refresh.xml'
08-26 17:30:19.623   517   517 I adbd    : adbd service requested 'shell,v2,raw:dumpsys package com.google.android.gms'
08-26 17:30:19.646   517   517 I adbd    : adbd service requested 'shell,v2,TERM=dumb:export ANDROID_LOG_TAGS=''; exec logcat '-d' '-t' '1000''
