--------- beginning of main
I/QuickAppKit(20821): android.input.slider.change surface=srf:1 node=node:4 value=45.0 isFromUser=true
I/QuickAppKit(20821): android.event.change.received surface=srf:1 node=node:4
I/QuickAppKit(20821): android.event.js_callback posted=1 error=
I/QuickAppKit(20821): android.event.change.dispatched=1
I/QuickAppKit(20821): android.event.handler_execute surface=srf:1 handler=hdl:1 dispatched=1
I/QuickAppKit(20821): android.input.slider.change surface=srf:1 node=node:4 value=50.0 isFromUser=true
I/QuickAppKit(20821): android.event.change.received surface=srf:1 node=node:4
I/QuickAppKit(20821): android.event.js_callback posted=1 error=
I/QuickAppKit(20821): android.event.change.dispatched=1
I/QuickAppKit(20821): android.event.handler_execute surface=srf:1 handler=hdl:1 dispatched=1
I/QuickAppKit(20821): android.input.slider.change surface=srf:1 node=node:4 value=55.0 isFromUser=true
I/QuickAppKit(20821): android.event.change.received surface=srf:1 node=node:4
I/QuickAppKit(20821): android.event.js_callback posted=1 error=
I/QuickAppKit(20821): android.event.change.dispatched=1
I/QuickAppKit(20821): android.event.handler_execute surface=srf:1 handler=hdl:1 dispatched=1
I/QuickAppKit(20821): android.input.slider.change surface=srf:1 node=node:4 value=65.0 isFromUser=true
I/QuickAppKit(20821): android.event.change.received surface=srf:1 node=node:4
I/QuickAppKit(20821): android.event.js_callback posted=1 error=
I/QuickAppKit(20821): android.event.change.dispatched=1
I/QuickAppKit(20821): android.event.handler_execute surface=srf:1 handler=hdl:1 dispatched=1
I/QuickAppKit(20821): android.input.slider.change surface=srf:1 node=node:4 value=70.0 isFromUser=true
I/QuickAppKit(20821): android.event.change.received surface=srf:1 node=node:4
I/QuickAppKit(20821): android.event.js_callback posted=1 error=
I/QuickAppKit(20821): android.event.change.dispatched=1
I/QuickAppKit(20821): android.event.handler_execute surface=srf:1 handler=hdl:1 dispatched=1
I/QuickAppKit(20821): android.input.slider.change surface=srf:1 node=node:4 value=75.0 isFromUser=true
I/QuickAppKit(20821): android.event.change.received surface=srf:1 node=node:4
I/QuickAppKit(20821): android.event.js_callback posted=1 error=
I/QuickAppKit(20821): android.event.change.dispatched=1
I/QuickAppKit(20821): android.event.handler_execute surface=srf:1 handler=hdl:1 dispatched=1
I/QuickAppKit(20821): android.input.slider.change surface=srf:1 node=node:4 value=80.0 isFromUser=true
I/QuickAppKit(20821): android.event.change.received surface=srf:1 node=node:4
I/QuickAppKit(20821): android.event.js_callback posted=1 error=
I/QuickAppKit(20821): android.event.change.dispatched=1
I/QuickAppKit(20821): android.event.handler_execute surface=srf:1 handler=hdl:1 dispatched=1
I/QuickAppKit(20821): android.input.slider.change surface=srf:1 node=node:4 value=85.0 isFromUser=true
I/QuickAppKit(20821): android.event.change.received surface=srf:1 node=node:4
I/QuickAppKit(20821): android.event.js_callback posted=1 error=
I/QuickAppKit(20821): android.event.change.dispatched=1
I/QuickAppKit(20821): android.event.handler_execute surface=srf:1 handler=hdl:1 dispatched=1
I/QuickAppKit(20821): android.input.slider.change surface=srf:1 node=node:4 value=95.0 isFromUser=true
I/QuickAppKit(20821): android.event.change.received surface=srf:1 node=node:4
I/QuickAppKit(20821): android.event.js_callback posted=1 error=
I/QuickAppKit(20821): android.event.change.dispatched=1
I/QuickAppKit(20821): android.event.handler_execute surface=srf:1 handler=hdl:1 dispatched=1
I/QuickAppKit(20821): android.input.picker.change surface=srf:1 node=node:7 selected=2 value=性能
I/QuickAppKit(20821): android.event.change.received surface=srf:1 node=node:7
I/QuickAppKit(20821): android.event.js_callback posted=1 error=
I/QuickAppKit(20821): android.event.change.dispatched=1
I/QuickAppKit(20821): android.event.handler_execute surface=srf:1 handler=hdl:2 dispatched=1
I/QuickAppKit(20821): android.runtime.stopped surfaces=0 nodes=0 handlers=0 pendingCallbacks=0 jsResources=0 coreQueue=0 javaSurfaces=0 javaNodes=0
