08-25 16:01:18.573 27816 27868 I QuickAppKit: android.stage=run.begin
08-25 16:01:18.573 27816 27868 I QuickAppKit: android.stage=factory.created
08-25 16:01:18.573 27816 27868 I QuickAppKit: android.stage=rpk.read
08-25 16:01:18.573 27816 27868 I QuickAppKit: android.stage=rpk.loader.created
08-25 16:01:18.575 27816 27868 I QuickAppKit: android.stage=rpk.verified
08-25 16:01:18.576 27816 27868 I QuickAppKit: android.stage=js.started
08-25 16:01:18.579 27816 27868 I QuickAppKit: android.stage=coordinator.created
08-25 16:01:18.580 27816 27868 I QuickAppKit: android.stage=surface_controller.created
08-25 16:01:18.580 27816 27868 I QuickAppKit: android.stage=feature.registry.created
08-25 16:01:18.587 27816 27869 I QuickAppKit: android.stage=js.module.loaded
08-25 16:01:18.587 27816 27869 I QuickAppKit: android.js.module id=@quickapp-kit/app kind=app status=loaded error=
08-25 16:01:18.594 27816 27869 I QuickAppKit: android.stage=js.setup.finished
08-25 16:01:18.595 27816 27868 I QuickAppKit: android.stage=js.setup
08-25 16:01:18.595 27816 27868 I QuickAppKit: android.stage=root.enqueued
08-25 16:01:18.595 27816 27868 I QuickAppKit: android.stage=core.loop.before
08-25 16:01:18.595 27816 27868 I QuickAppKit: android.stage=core.loop.mailbox.drained
08-25 16:01:18.596 27816 27868 I QuickAppKit: android.native.create surface=srf:1
08-25 16:01:18.596 27816 27868 I QuickAppKit: android.platform.create request=req:29 surface=srf:1
08-25 16:01:18.596 27816 27868 I QuickAppKit: android.stage=core.loop.controller.work
08-25 16:01:18.596 27816 27868 I QuickAppKit: android.core.controller.drained count=1
08-25 16:01:18.596 27816 27868 I QuickAppKit: android.stage=core.loop.controller.drained
08-25 16:01:18.598 27816 27816 I QuickAppKit: android.platform.create.ui surface=srf:1
08-25 16:01:18.605 27816 27816 I QuickAppKit: android.platform.create.ui.result=true
08-25 16:01:18.605 27816 27816 I QuickAppKit: android.stage=surface.result.received
08-25 16:01:18.605 27816 27816 I QuickAppKit: android.platform.create.completed surface=srf:1
08-25 16:01:18.605 27816 27868 I QuickAppKit: android.stage=surface.result.core
08-25 16:01:18.605 27816 27868 I QuickAppKit: android.stage=page.command.received
08-25 16:01:18.605 27816 27868 I QuickAppKit: android.stage=core.loop.controller.work
08-25 16:01:18.605 27816 27868 I QuickAppKit: android.core.controller.drained count=1
08-25 16:01:18.605 27816 27869 I QuickAppKit: android.stage=page.command.js
08-25 16:01:18.636 27816 27869 I QuickAppKit: android.stage=js.module.loaded
08-25 16:01:18.636 27816 27869 I QuickAppKit: android.js.module id=@quickapp-kit/page/pages/Home kind=page status=loaded error=
08-25 16:01:18.636 27816 27869 I QuickAppKit: android.stage=page.start.completed
08-25 16:01:18.639 27816 27868 I QuickAppKit: android.stage=initial.command.received
08-25 16:01:18.639 27816 27868 I QuickAppKit: android.stage=initial.command.coordinator
08-25 16:01:18.639 27816 27868 I QuickAppKit: android.stage=core.loop.controller.work
08-25 16:01:18.639 27816 27868 I QuickAppKit: android.core.controller.drained count=1
08-25 16:01:18.639 27816 27869 I QuickAppKit: android.stage=initial.command.js
08-25 16:01:18.641 27816 27869 I QuickAppKit: android.stage=page.vm.ready
08-25 16:01:18.641 27816 27869 I QuickAppKit: android.event.handler_bind surface=srf:1 handler=hdl:1 method=onPrepared bound=1 method_ok=1 vm_ok=1
08-25 16:01:18.641 27816 27869 I QuickAppKit: android.event.handler_bind surface=srf:1 handler=hdl:2 method=onStart bound=1 method_ok=1 vm_ok=1
08-25 16:01:18.641 27816 27869 I QuickAppKit: android.event.handler_bind surface=srf:1 handler=hdl:3 method=onPause bound=1 method_ok=1 vm_ok=1
08-25 16:01:18.641 27816 27869 I QuickAppKit: android.event.handler_bind surface=srf:1 handler=hdl:4 method=onFinish bound=1 method_ok=1 vm_ok=1
08-25 16:01:18.641 27816 27869 I QuickAppKit: android.event.handler_bind surface=srf:1 handler=hdl:5 method=onError bound=1 method_ok=1 vm_ok=1
08-25 16:01:18.641 27816 27869 I QuickAppKit: android.event.handler_bind surface=srf:1 handler=hdl:6 method=onTimeUpdate bound=1 method_ok=1 vm_ok=1
08-25 16:01:18.641 27816 27868 I QuickAppKit: android.stage=core.ingress.instantiate
08-25 16:01:18.649 27816 27868 I QuickAppKit: android.native.mount surface=srf:1 operations=37
08-25 16:01:18.649 27816 27868 I QuickAppKit: android.platform.mount surface=srf:1 operations=37
08-25 16:01:18.651 27816 27868 I QuickAppKit: android.stage=core.ingress.instantiate.accepted
08-25 16:01:18.651 27816 27868 I QuickAppKit: android.event.handlers count=6 hdl1node=node:3
08-25 16:01:18.656 27816 27816 I QuickAppKit: android.platform.mount.ui surface=srf:1
08-25 16:01:18.693 27816 27816 I QuickAppKit: android.video.property node=node:3 name=autoplay valueKind=1
08-25 16:01:18.693 27816 27816 I QuickAppKit: android.video.property node=node:3 name=controls valueKind=1
08-25 16:01:18.709 27816 27816 I QuickAppKit: android.video.property node=node:3 name=muted valueKind=1
08-25 16:01:18.709 27816 27816 I QuickAppKit: android.video.property node=node:3 name=poster valueKind=3
08-25 16:01:18.710 27816 27816 I QuickAppKit: android.video.property node=node:3 name=src valueKind=3
08-25 16:01:18.710 27816 27816 I QuickAppKit: android.video.property node=node:3 name=backgroundColor valueKind=3
08-25 16:01:18.710 27816 27816 I QuickAppKit: android.video.property node=node:3 name=borderRadius valueKind=2
08-25 16:01:18.744 27816 27816 I QuickAppKit: android.platform.mount.result surface=srf:1 ok=true
08-25 16:01:18.744 27816 27816 I QuickAppKit: android.mount.result.received surface=srf:1 revision=0 attempt=mnt:1 source=req:j-1 mounted=1
08-25 16:01:18.748 27816 27868 I QuickAppKit: android.stage=core.initial.prepared
08-25 16:01:18.748 27816 27868 I QuickAppKit: android.initial.result surface=srf:1 prepared=1 error=
08-25 16:01:18.748 27816 27868 I QuickAppKit: android.initial.controller.enqueue=1
08-25 16:01:18.748 27816 27868 I QuickAppKit: android.mount.result.accepted=1
08-25 16:01:18.748 27816 27868 I QuickAppKit: android.native.surface.present.enter request=req:36 surface=srf:1
08-25 16:01:18.748 27816 27868 I QuickAppKit: android.native.present request=req:36 surface=srf:1 push=0
08-25 16:01:18.748 27816 27868 I QuickAppKit: android.platform.present request=req:36 surface=srf:1
08-25 16:01:18.748 27816 27868 I QuickAppKit: android.native.surface.present.exit posted=1
08-25 16:01:18.748 27816 27868 I QuickAppKit: android.stage=core.loop.controller.work
08-25 16:01:18.748 27816 27868 I QuickAppKit: android.core.controller.drained count=1
08-25 16:01:18.912 27816 27816 W MediaPlayer: Error setting data source via ContentResolver
08-25 16:01:18.912 27816 27816 W MediaPlayer: java.io.FileNotFoundException: No content provider: https://example.invalid/quickapp-kit/demo.mp4
08-25 16:01:18.912 27816 27816 W MediaPlayer: 	at android.content.ContentResolver.openTypedAssetFileDescriptor(ContentResolver.java:2124)
08-25 16:01:18.912 27816 27816 W MediaPlayer: 	at android.content.ContentResolver.openAssetFileDescriptor(ContentResolver.java:1936)
08-25 16:01:18.912 27816 27816 W MediaPlayer: 	at android.content.ContentResolver.openAssetFileDescriptor(ContentResolver.java:1850)
08-25 16:01:18.912 27816 27816 W MediaPlayer: 	at android.media.MediaPlayer.attemptDataSource(MediaPlayer.java:1163)
08-25 16:01:18.912 27816 27816 W MediaPlayer: 	at android.media.MediaPlayer.setDataSource(MediaPlayer.java:1129)
08-25 16:01:18.912 27816 27816 W MediaPlayer: 	at android.media.MediaPlayer.setDataSource(MediaPlayer.java:1153)
08-25 16:01:18.912 27816 27816 W MediaPlayer: 	at android.widget.VideoView.openVideo(VideoView.java:413)
08-25 16:01:18.912 27816 27816 W MediaPlayer: 	at android.widget.VideoView.-$$Nest$mopenVideo(VideoView.java:0)
08-25 16:01:18.912 27816 27816 W MediaPlayer: 	at android.widget.VideoView$7.surfaceCreated(VideoView.java:695)
08-25 16:01:18.912 27816 27816 W MediaPlayer: 	at android.view.SurfaceView.updateSurface(SurfaceView.java:1606)
08-25 16:01:18.912 27816 27816 W MediaPlayer: 	at android.view.SurfaceView.lambda$new$0(SurfaceView.java:249)
08-25 16:01:18.912 27816 27816 W MediaPlayer: 	at android.view.SurfaceView.$r8$lambda$NfZyM_TG8F8lqzaOVZ7noREFjzU(SurfaceView.java:0)
08-25 16:01:18.912 27816 27816 W MediaPlayer: 	at android.view.SurfaceView$$ExternalSyntheticLambda1.onPreDraw(D8$$SyntheticClass:0)
08-25 16:01:18.912 27816 27816 W MediaPlayer: 	at android.view.ViewTreeObserver.dispatchOnPreDraw(ViewTreeObserver.java:1200)
08-25 16:01:18.912 27816 27816 W MediaPlayer: 	at android.view.ViewRootImpl.performTraversals(ViewRootImpl.java:4927)
08-25 16:01:18.912 27816 27816 W MediaPlayer: 	at android.view.ViewRootImpl.doTraversal(ViewRootImpl.java:3386)
08-25 16:01:18.912 27816 27816 W MediaPlayer: 	at android.view.ViewRootImpl$TraversalCallback.onVsync(ViewRootImpl.java:11522)
08-25 16:01:18.912 27816 27816 W MediaPlayer: 	at android.view.Choreographer$CallbackRecord.run(Choreographer.java:1845)
08-25 16:01:18.912 27816 27816 W MediaPlayer: 	at android.view.Choreographer.doCallbacks(Choreographer.java:1387)
08-25 16:01:18.912 27816 27816 W MediaPlayer: 	at android.view.Choreographer.doFrame(Choreographer.java:1244)
08-25 16:01:18.912 27816 27816 W MediaPlayer: 	at android.view.Choreographer$FrameDisplayEventReceiver.run(Choreographer.java:1821)
08-25 16:01:18.912 27816 27816 W MediaPlayer: 	at android.os.Handler.handleCallback(Handler.java:1082)
08-25 16:01:18.912 27816 27816 W MediaPlayer: 	at android.os.Handler.dispatchMessageImpl(Handler.java:135)
08-25 16:01:18.912 27816 27816 W MediaPlayer: 	at android.os.Handler.dispatchMessage(Handler.java:126)
08-25 16:01:18.912 27816 27816 W MediaPlayer: 	at android.os.Looper.loopOnce(Looper.java:295)
08-25 16:01:18.912 27816 27816 W MediaPlayer: 	at android.os.Looper.loop(Looper.java:398)
08-25 16:01:18.912 27816 27816 W MediaPlayer: 	at android.app.ActivityThread.main(ActivityThread.java:9569)
08-25 16:01:18.912 27816 27816 W MediaPlayer: 	at java.lang.reflect.Method.invoke(Native Method)
08-25 16:01:18.912 27816 27816 W MediaPlayer: 	at com.android.internal.os.RuntimeInit$MethodAndArgsCaller.run(RuntimeInit.java:575)
08-25 16:01:18.912 27816 27816 W MediaPlayer: 	at com.android.internal.os.ZygoteInit.main(ZygoteInit.java:918)
08-25 16:01:18.930   573   610 D MediaPlayerService: OMX service is not available
08-25 16:01:18.985 27816 27816 I QuickAppKit: android.platform.present.ui surface=srf:1
08-25 16:01:18.986 27816 27816 I QuickAppKit: android.stage=surface.result.received
08-25 16:01:18.988 27816 27868 I QuickAppKit: android.stage=surface.result.core
08-25 16:01:18.988 27816 27868 I QuickAppKit: android.stage=page.command.received
08-25 16:01:18.988 27816 27868 I QuickAppKit: android.stage=core.loop.controller.work
08-25 16:01:18.988 27816 27868 I QuickAppKit: android.core.controller.drained count=1
08-25 16:01:19.017 27816 27869 I QuickAppKit: android.stage=page.command.js
08-25 16:01:19.022 27816 27868 I QuickAppKit: android.stage=surface.operation.completed
08-25 16:01:19.022 27816 27868 I QuickAppKit: android.surface.operation kind=0 request=req:android-root target=srf:1 error=
08-25 16:01:19.022 27816 27868 I QuickAppKit: android.stage=core.loop.controller.work
08-25 16:01:19.022 27816 27868 I QuickAppKit: android.core.controller.drained count=1
08-25 16:01:49.195 27816 27877 E MediaPlayerNative: error (1, -2147483648)
08-25 16:01:49.197 27816 27816 E MediaPlayer: Error (1,-2147483648)
08-25 16:01:49.207 27816 27816 V MediaPlayer: resetDrmState:  mDrmInfo=null mDrmProvisioningThread=null mPrepareDrmInProgress=false mActiveDrmScheme=false
08-25 16:01:49.207 27816 27816 V MediaPlayer: cleanDrmObj: mDrmObj=null mDrmSessionId=null
08-25 16:01:49.208 27816 27816 V MediaPlayer: resetDrmState:  mDrmInfo=null mDrmProvisioningThread=null mPrepareDrmInProgress=false mActiveDrmScheme=false
08-25 16:01:49.208 27816 27816 V MediaPlayer: cleanDrmObj: mDrmObj=null mDrmSessionId=null
08-25 16:01:49.212 27816 27816 I QuickAppKit: android.video.error surface=srf:1 node=node:3 what=1 extra=-2147483648
08-25 16:01:49.213 27816 27816 I QuickAppKit: android.event.error.received surface=srf:1 node=node:3
08-25 16:01:49.215 27816 27868 I QuickAppKit: android.event.js_callback posted=1 error=
08-25 16:01:49.215 27816 27868 I QuickAppKit: android.event.error.dispatched=1
08-25 16:01:49.217 27816 27869 I QuickAppKit: android.event.handler_execute surface=srf:1 handler=hdl:5 dispatched=1
