08-25 16:09:18.846 28342 28383 I QuickAppKit: android.stage=run.begin
08-25 16:09:18.846 28342 28383 I QuickAppKit: android.stage=factory.created
08-25 16:09:18.846 28342 28383 I QuickAppKit: android.stage=rpk.read
08-25 16:09:18.846 28342 28383 I QuickAppKit: android.stage=rpk.loader.created
08-25 16:09:18.859 28342 28383 I QuickAppKit: android.stage=rpk.verified
08-25 16:09:18.864 28342 28383 I QuickAppKit: android.stage=js.started
08-25 16:09:18.864 28342 28383 I QuickAppKit: android.stage=coordinator.created
08-25 16:09:18.865 28342 28383 I QuickAppKit: android.stage=surface_controller.created
08-25 16:09:18.865 28342 28383 I QuickAppKit: android.stage=feature.registry.created
08-25 16:09:18.903 28342 28384 I QuickAppKit: android.stage=js.module.loaded
08-25 16:09:18.903 28342 28384 I QuickAppKit: android.js.module id=@quickapp-kit/app kind=app status=loaded error=
08-25 16:09:18.911 28342 28384 I QuickAppKit: android.stage=js.setup.finished
08-25 16:09:18.913 28342 28383 I QuickAppKit: android.stage=js.setup
08-25 16:09:18.913 28342 28383 I QuickAppKit: android.stage=root.enqueued
08-25 16:09:18.914 28342 28383 I QuickAppKit: android.stage=core.loop.before
08-25 16:09:18.914 28342 28383 I QuickAppKit: android.stage=core.loop.mailbox.drained
08-25 16:09:18.915 28342 28383 I QuickAppKit: android.native.create surface=srf:1
08-25 16:09:18.915 28342 28383 I QuickAppKit: android.platform.create request=req:29 surface=srf:1
08-25 16:09:18.915 28342 28383 I QuickAppKit: android.stage=core.loop.controller.work
08-25 16:09:18.915 28342 28383 I QuickAppKit: android.core.controller.drained count=1
08-25 16:09:18.915 28342 28383 I QuickAppKit: android.stage=core.loop.controller.drained
08-25 16:09:18.920 28342 28342 I QuickAppKit: android.platform.create.ui surface=srf:1
08-25 16:09:18.921 28342 28342 I QuickAppKit: android.platform.create.ui.result=true
08-25 16:09:18.921 28342 28342 I QuickAppKit: android.stage=surface.result.received
08-25 16:09:18.921 28342 28342 I QuickAppKit: android.platform.create.completed surface=srf:1
08-25 16:09:18.921 28342 28383 I QuickAppKit: android.stage=surface.result.core
08-25 16:09:18.921 28342 28383 I QuickAppKit: android.stage=page.command.received
08-25 16:09:18.921 28342 28383 I QuickAppKit: android.stage=core.loop.controller.work
08-25 16:09:18.921 28342 28383 I QuickAppKit: android.core.controller.drained count=1
08-25 16:09:18.921 28342 28384 I QuickAppKit: android.stage=page.command.js
08-25 16:09:18.925 28342 28384 I QuickAppKit: android.stage=js.module.loaded
08-25 16:09:18.925 28342 28384 I QuickAppKit: android.js.module id=@quickapp-kit/page/pages/Home kind=page status=loaded error=
08-25 16:09:18.925 28342 28384 I QuickAppKit: android.stage=page.start.completed
08-25 16:09:18.927 28342 28383 I QuickAppKit: android.stage=initial.command.received
08-25 16:09:18.927 28342 28383 I QuickAppKit: android.stage=initial.command.coordinator
08-25 16:09:18.927 28342 28383 I QuickAppKit: android.stage=core.loop.controller.work
08-25 16:09:18.927 28342 28383 I QuickAppKit: android.core.controller.drained count=1
08-25 16:09:18.927 28342 28384 I QuickAppKit: android.stage=initial.command.js
08-25 16:09:18.928 28342 28384 I QuickAppKit: android.stage=page.vm.ready
08-25 16:09:18.928 28342 28384 I QuickAppKit: android.event.handler_bind surface=srf:1 handler=hdl:1 method=onPrepared bound=1 method_ok=1 vm_ok=1
08-25 16:09:18.928 28342 28384 I QuickAppKit: android.event.handler_bind surface=srf:1 handler=hdl:2 method=onStart bound=1 method_ok=1 vm_ok=1
08-25 16:09:18.928 28342 28384 I QuickAppKit: android.event.handler_bind surface=srf:1 handler=hdl:3 method=onPause bound=1 method_ok=1 vm_ok=1
08-25 16:09:18.928 28342 28384 I QuickAppKit: android.event.handler_bind surface=srf:1 handler=hdl:4 method=onFinish bound=1 method_ok=1 vm_ok=1
08-25 16:09:18.928 28342 28384 I QuickAppKit: android.event.handler_bind surface=srf:1 handler=hdl:5 method=onError bound=1 method_ok=1 vm_ok=1
08-25 16:09:18.928 28342 28384 I QuickAppKit: android.event.handler_bind surface=srf:1 handler=hdl:6 method=onTimeUpdate bound=1 method_ok=1 vm_ok=1
08-25 16:09:18.929 28342 28383 I QuickAppKit: android.stage=core.ingress.instantiate
08-25 16:09:18.960 28342 28383 I QuickAppKit: android.native.mount surface=srf:1 operations=37
08-25 16:09:18.961 28342 28383 I QuickAppKit: android.platform.mount surface=srf:1 operations=37
08-25 16:09:18.961 28342 28383 I QuickAppKit: android.stage=core.ingress.instantiate.accepted
08-25 16:09:18.961 28342 28383 I QuickAppKit: android.event.handlers count=6 hdl1node=node:3
08-25 16:09:18.965 28342 28342 I QuickAppKit: android.platform.mount.ui surface=srf:1
08-25 16:09:18.973 28342 28342 I QuickAppKit: android.video.property node=node:3 name=autoplay valueKind=1
08-25 16:09:18.977 28342 28342 I QuickAppKit: android.video.property node=node:3 name=controls valueKind=1
08-25 16:09:19.050 28342 28342 I QuickAppKit: android.video.property node=node:3 name=muted valueKind=1
08-25 16:09:19.050 28342 28342 I QuickAppKit: android.video.property node=node:3 name=poster valueKind=3
08-25 16:09:19.051 28342 28342 I QuickAppKit: android.video.property node=node:3 name=src valueKind=3
08-25 16:09:19.051 28342 28342 I QuickAppKit: android.video.property node=node:3 name=backgroundColor valueKind=3
08-25 16:09:19.051 28342 28342 I QuickAppKit: android.video.property node=node:3 name=borderRadius valueKind=2
08-25 16:09:19.152 28342 28342 I QuickAppKit: android.platform.mount.result surface=srf:1 ok=true
08-25 16:09:19.152 28342 28342 I QuickAppKit: android.mount.result.received surface=srf:1 revision=0 attempt=mnt:1 source=req:j-1 mounted=1
08-25 16:09:19.155 28342 28383 I QuickAppKit: android.stage=core.initial.prepared
08-25 16:09:19.155 28342 28383 I QuickAppKit: android.initial.result surface=srf:1 prepared=1 error=
08-25 16:09:19.155 28342 28383 I QuickAppKit: android.initial.controller.enqueue=1
08-25 16:09:19.155 28342 28383 I QuickAppKit: android.mount.result.accepted=1
08-25 16:09:19.155 28342 28383 I QuickAppKit: android.native.surface.present.enter request=req:36 surface=srf:1
08-25 16:09:19.155 28342 28383 I QuickAppKit: android.native.present request=req:36 surface=srf:1 push=0
08-25 16:09:19.155 28342 28383 I QuickAppKit: android.platform.present request=req:36 surface=srf:1
08-25 16:09:19.155 28342 28383 I QuickAppKit: android.native.surface.present.exit posted=1
08-25 16:09:19.155 28342 28383 I QuickAppKit: android.stage=core.loop.controller.work
08-25 16:09:19.155 28342 28383 I QuickAppKit: android.core.controller.drained count=1
08-25 16:09:19.326 28342 28342 I QuickAppKit: android.platform.present.ui surface=srf:1
08-25 16:09:19.327 28342 28342 I QuickAppKit: android.stage=surface.result.received
08-25 16:09:19.328 28342 28383 I QuickAppKit: android.stage=surface.result.core
08-25 16:09:19.329 28342 28383 I QuickAppKit: android.stage=page.command.received
08-25 16:09:19.329 28342 28383 I QuickAppKit: android.stage=core.loop.controller.work
08-25 16:09:19.329 28342 28383 I QuickAppKit: android.core.controller.drained count=1
08-25 16:09:19.329 28342 28384 I QuickAppKit: android.stage=page.command.js
08-25 16:09:19.338 28342 28383 I QuickAppKit: android.stage=surface.operation.completed
08-25 16:09:19.338 28342 28383 I QuickAppKit: android.surface.operation kind=0 request=req:android-root target=srf:1 error=
08-25 16:09:19.338 28342 28383 I QuickAppKit: android.stage=core.loop.controller.work
08-25 16:09:19.338 28342 28383 I QuickAppKit: android.core.controller.drained count=1
