I/QuickAppKit(18637): android.stage=surface_controller.created
I/QuickAppKit(18637): android.native.create surface=srf:1
I/QuickAppKit(18637): android.platform.create request=req:38 surface=srf:1
I/QuickAppKit(18637): android.platform.create.ui surface=srf:1
I/QuickAppKit(18637): android.stage=surface.result.received
I/QuickAppKit(18637): android.platform.create.completed surface=srf:1
I/QuickAppKit(18637): android.stage=surface.result.core
I/QuickAppKit(18637): android.event.handler_bind surface=srf:1 handler=hdl:1 method=onRefresh bound=1 method_ok=1 vm_ok=1
I/QuickAppKit(18637): android.event.handler_bind surface=srf:1 handler=hdl:2 method=onDetail bound=1 method_ok=1 vm_ok=1
I/QuickAppKit(18637): android.event.block_handler_bind surface=srf:1 handler=hdl:srf:1-2-blk:srf:1-2-walkA method=onDetail bound=1
I/QuickAppKit(18637): android.event.block_handler_bind surface=srf:1 handler=hdl:srf:1-2-blk:srf:1-2-waterB method=onDetail bound=1
I/QuickAppKit(18637): android.event.block_handler_bind surface=srf:1 handler=hdl:srf:1-2-blk:srf:1-2-restC method=onDetail bound=1
I/QuickAppKit(18637): android.native.mount surface=srf:1 operations=128
I/QuickAppKit(18637): android.platform.mount surface=srf:1 operations=128
I/QuickAppKit(18637): android.event.handlers count=4 hdl1node=node:4
I/QuickAppKit(18637): android.platform.mount.ui surface=srf:1
I/QuickAppKit(18637): android.platform.mount.result surface=srf:1 ok=true
I/QuickAppKit(18637): android.mount.result.received surface=srf:1 revision=0 attempt=mnt:1 source=req:j-1 mounted=1
I/QuickAppKit(18637): android.initial.result surface=srf:1 prepared=1 error=
I/QuickAppKit(18637): android.mount.result.accepted=1
I/QuickAppKit(18637): android.native.surface.present.enter request=req:50 surface=srf:1
I/QuickAppKit(18637): android.native.present request=req:50 surface=srf:1 push=0
I/QuickAppKit(18637): android.platform.present request=req:50 surface=srf:1
I/QuickAppKit(18637): android.native.surface.present.exit posted=1
I/QuickAppKit(18637): android.platform.present.ui surface=srf:1
I/QuickAppKit(18637): android.stage=surface.result.received
I/QuickAppKit(18637): android.stage=surface.result.core
I/QuickAppKit(18637): android.stage=surface.operation.completed
I/QuickAppKit(18637): android.surface.operation kind=0 request=req:android-root target=srf:1 error=
I/QuickAppKit(18637): android.input.click surface=srf:1 node=node:4
I/QuickAppKit(18637): android.event.click.received surface=srf:1 node=node:4
I/QuickAppKit(18637): android.event.handler_execute surface=srf:1 handler=hdl:1 dispatched=1
I/QuickAppKit(18637): android.native.mount surface=srf:1 operations=9
I/QuickAppKit(18637): android.platform.mount surface=srf:1 operations=9
I/QuickAppKit(18637): android.platform.mount.ui surface=srf:1
I/QuickAppKit(18637): android.platform.mount.result surface=srf:1 ok=true
I/QuickAppKit(18637): android.mount.result.received surface=srf:1 revision=1 attempt=mnt:2 source=txn:srf:1-1 mounted=1
I/QuickAppKit(18637): android.mount.result.accepted=1
I/QuickAppKit(18637): android.input.click surface=srf:1 node=node:13
I/QuickAppKit(18637): android.event.click.received surface=srf:1 node=node:13
I/QuickAppKit(18637): android.event.handler_execute surface=srf:1 handler=hdl:srf:1-2-blk:srf:1-2-walkA dispatched=1
I/QuickAppKit(18637): android.navigation.push request=req:j-100001 source=srf:1 uri=/pages/Detail accepted=1
I/QuickAppKit(18637): android.native.create surface=srf:2
I/QuickAppKit(18637): android.platform.create request=req:66 surface=srf:2
I/QuickAppKit(18637): android.platform.create.ui surface=srf:2
I/QuickAppKit(18637): android.stage=surface.result.received
I/QuickAppKit(18637): android.platform.create.completed surface=srf:2
I/QuickAppKit(18637): android.stage=surface.result.core
I/QuickAppKit(18637): android.event.handler_bind surface=srf:2 handler=hdl:1 method=onBack bound=1 method_ok=1 vm_ok=1
I/QuickAppKit(18637): android.native.mount surface=srf:2 operations=33
I/QuickAppKit(18637): android.platform.mount surface=srf:2 operations=33
I/QuickAppKit(18637): android.event.handlers count=5 hdl1node=node:6
I/QuickAppKit(18637): android.platform.mount.ui surface=srf:2
I/QuickAppKit(18637): android.platform.mount.result surface=srf:2 ok=true
I/QuickAppKit(18637): android.mount.result.received surface=srf:2 revision=0 attempt=mnt:3 source=req:j-2 mounted=1
I/QuickAppKit(18637): android.initial.result surface=srf:2 prepared=1 error=
I/QuickAppKit(18637): android.mount.result.accepted=1
I/QuickAppKit(18637): android.native.surface.present.enter request=req:72 surface=srf:2
I/QuickAppKit(18637): android.native.present request=req:72 surface=srf:2 push=1
I/QuickAppKit(18637): android.platform.present request=req:72 surface=srf:2
I/QuickAppKit(18637): android.native.surface.present.exit posted=1
I/QuickAppKit(18637): android.platform.present.ui surface=srf:2
I/QuickAppKit(18637): android.stage=surface.result.received
I/QuickAppKit(18637): android.stage=surface.result.core
I/QuickAppKit(18637): android.stage=surface.operation.completed
I/QuickAppKit(18637): android.surface.operation kind=1 request=req:j-100001 target=srf:2 error=
I/QuickAppKit(18637): android.input.click surface=srf:2 node=node:6
I/QuickAppKit(18637): android.event.click.received surface=srf:2 node=node:6
I/QuickAppKit(18637): android.event.handler_execute surface=srf:2 handler=hdl:1 dispatched=1
I/QuickAppKit(18637): android.navigation.close request=req:j-100002 source=srf:2 accepted=1
I/QuickAppKit(18637): android.platform.close.result request=req:75 source=srf:2 reveal=srf:1 ok=true surfaces=2
I/QuickAppKit(18637): android.stage=surface.result.received
I/QuickAppKit(18637): android.stage=surface.result.core
I/QuickAppKit(18637): android.stage=surface.operation.completed
I/QuickAppKit(18637): android.surface.operation kind=2 request=req:j-100002 target=srf:2 error=
I/QuickAppKit(18637): android.navigation.close.result request=req:j-100002 source=srf:2 revealed=srf:1 completed=1
I/QuickAppKit(18637): android.input.click surface=srf:1 node=node:13
I/QuickAppKit(18637): android.event.click.received surface=srf:1 node=node:13
I/QuickAppKit(18637): android.event.handler_execute surface=srf:1 handler=hdl:srf:1-2-blk:srf:1-2-walkA dispatched=1
I/QuickAppKit(18637): android.navigation.push request=req:j-100003 source=srf:1 uri=/pages/Detail accepted=1
I/QuickAppKit(18637): android.native.create surface=srf:3
I/QuickAppKit(18637): android.platform.create request=req:83 surface=srf:3
I/QuickAppKit(18637): android.platform.create.ui surface=srf:3
I/QuickAppKit(18637): android.stage=surface.result.received
I/QuickAppKit(18637): android.platform.create.completed surface=srf:3
I/QuickAppKit(18637): android.stage=surface.result.core
I/QuickAppKit(18637): android.event.handler_bind surface=srf:3 handler=hdl:1 method=onBack bound=1 method_ok=1 vm_ok=1
I/QuickAppKit(18637): android.native.mount surface=srf:3 operations=33
I/QuickAppKit(18637): android.platform.mount surface=srf:3 operations=33
I/QuickAppKit(18637): android.event.handlers count=5 hdl1node=node:6
I/QuickAppKit(18637): android.platform.mount.ui surface=srf:3
I/QuickAppKit(18637): android.platform.mount.result surface=srf:3 ok=true
I/QuickAppKit(18637): android.mount.result.received surface=srf:3 revision=0 attempt=mnt:4 source=req:j-3 mounted=1
I/QuickAppKit(18637): android.initial.result surface=srf:3 prepared=1 error=
I/QuickAppKit(18637): android.mount.result.accepted=1
I/QuickAppKit(18637): android.native.surface.present.enter request=req:89 surface=srf:3
I/QuickAppKit(18637): android.native.present request=req:89 surface=srf:3 push=1
I/QuickAppKit(18637): android.platform.present request=req:89 surface=srf:3
I/QuickAppKit(18637): android.native.surface.present.exit posted=1
I/QuickAppKit(18637): android.platform.present.ui surface=srf:3
I/QuickAppKit(18637): android.stage=surface.result.received
I/QuickAppKit(18637): android.stage=surface.result.core
I/QuickAppKit(18637): android.stage=surface.operation.completed
I/QuickAppKit(18637): android.surface.operation kind=1 request=req:j-100003 target=srf:3 error=
I/QuickAppKit(18637): android.input.click surface=srf:3 node=node:6
I/QuickAppKit(18637): android.event.click.received surface=srf:3 node=node:6
I/QuickAppKit(18637): android.event.handler_execute surface=srf:3 handler=hdl:1 dispatched=1
I/QuickAppKit(18637): android.navigation.close request=req:j-100004 source=srf:3 accepted=1
I/QuickAppKit(18637): android.platform.close.result request=req:92 source=srf:3 reveal=srf:1 ok=true surfaces=3
I/QuickAppKit(18637): android.stage=surface.result.received
I/QuickAppKit(18637): android.stage=surface.result.core
I/QuickAppKit(18637): android.stage=surface.operation.completed
I/QuickAppKit(18637): android.surface.operation kind=2 request=req:j-100004 target=srf:3 error=
I/QuickAppKit(18637): android.navigation.close.result request=req:j-100004 source=srf:3 revealed=srf:1 completed=1
